Archive member included to satisfy reference by file (symbol)

d:/program files/st/stm32cubeide_1.4.0/stm32cubeide/plugins/com.st.stm32cube.ide.mcu.externaltools.gnu-tools-for-stm32.7-2018-q2-update.win32_1.4.0.202007081208/tools/bin/../lib/gcc/arm-none-eabi/7.3.1/../../../../arm-none-eabi/lib/thumb/v7-m\libc_nano.a(lib_a-errno.o)
                              Core/Src/syscalls.o (__errno)
d:/program files/st/stm32cubeide_1.4.0/stm32cubeide/plugins/com.st.stm32cube.ide.mcu.externaltools.gnu-tools-for-stm32.7-2018-q2-update.win32_1.4.0.202007081208/tools/bin/../lib/gcc/arm-none-eabi/7.3.1/../../../../arm-none-eabi/lib/thumb/v7-m\libc_nano.a(lib_a-exit.o)
                              d:/program files/st/stm32cubeide_1.4.0/stm32cubeide/plugins/com.st.stm32cube.ide.mcu.externaltools.gnu-tools-for-stm32.7-2018-q2-update.win32_1.4.0.202007081208/tools/bin/../lib/gcc/arm-none-eabi/7.3.1/../../../../arm-none-eabi/lib/thumb/v7-m/crt0.o (exit)
d:/program files/st/stm32cubeide_1.4.0/stm32cubeide/plugins/com.st.stm32cube.ide.mcu.externaltools.gnu-tools-for-stm32.7-2018-q2-update.win32_1.4.0.202007081208/tools/bin/../lib/gcc/arm-none-eabi/7.3.1/../../../../arm-none-eabi/lib/thumb/v7-m\libc_nano.a(lib_a-impure.o)
                              d:/program files/st/stm32cubeide_1.4.0/stm32cubeide/plugins/com.st.stm32cube.ide.mcu.externaltools.gnu-tools-for-stm32.7-2018-q2-update.win32_1.4.0.202007081208/tools/bin/../lib/gcc/arm-none-eabi/7.3.1/../../../../arm-none-eabi/lib/thumb/v7-m\libc_nano.a(lib_a-exit.o) (_global_impure_ptr)
d:/program files/st/stm32cubeide_1.4.0/stm32cubeide/plugins/com.st.stm32cube.ide.mcu.externaltools.gnu-tools-for-stm32.7-2018-q2-update.win32_1.4.0.202007081208/tools/bin/../lib/gcc/arm-none-eabi/7.3.1/../../../../arm-none-eabi/lib/thumb/v7-m\libc_nano.a(lib_a-init.o)
                              d:/program files/st/stm32cubeide_1.4.0/stm32cubeide/plugins/com.st.stm32cube.ide.mcu.externaltools.gnu-tools-for-stm32.7-2018-q2-update.win32_1.4.0.202007081208/tools/bin/../lib/gcc/arm-none-eabi/7.3.1/../../../../arm-none-eabi/lib/thumb/v7-m/crt0.o (__libc_init_array)
d:/program files/st/stm32cubeide_1.4.0/stm32cubeide/plugins/com.st.stm32cube.ide.mcu.externaltools.gnu-tools-for-stm32.7-2018-q2-update.win32_1.4.0.202007081208/tools/bin/../lib/gcc/arm-none-eabi/7.3.1/../../../../arm-none-eabi/lib/thumb/v7-m\libc_nano.a(lib_a-malloc.o)
                              Core/Src/data_manager.o (malloc)
d:/program files/st/stm32cubeide_1.4.0/stm32cubeide/plugins/com.st.stm32cube.ide.mcu.externaltools.gnu-tools-for-stm32.7-2018-q2-update.win32_1.4.0.202007081208/tools/bin/../lib/gcc/arm-none-eabi/7.3.1/../../../../arm-none-eabi/lib/thumb/v7-m\libc_nano.a(lib_a-memset.o)
                              d:/program files/st/stm32cubeide_1.4.0/stm32cubeide/plugins/com.st.stm32cube.ide.mcu.externaltools.gnu-tools-for-stm32.7-2018-q2-update.win32_1.4.0.202007081208/tools/bin/../lib/gcc/arm-none-eabi/7.3.1/../../../../arm-none-eabi/lib/thumb/v7-m/crt0.o (memset)
d:/program files/st/stm32cubeide_1.4.0/stm32cubeide/plugins/com.st.stm32cube.ide.mcu.externaltools.gnu-tools-for-stm32.7-2018-q2-update.win32_1.4.0.202007081208/tools/bin/../lib/gcc/arm-none-eabi/7.3.1/../../../../arm-none-eabi/lib/thumb/v7-m\libc_nano.a(lib_a-nano-freer.o)
                              d:/program files/st/stm32cubeide_1.4.0/stm32cubeide/plugins/com.st.stm32cube.ide.mcu.externaltools.gnu-tools-for-stm32.7-2018-q2-update.win32_1.4.0.202007081208/tools/bin/../lib/gcc/arm-none-eabi/7.3.1/../../../../arm-none-eabi/lib/thumb/v7-m\libc_nano.a(lib_a-malloc.o) (_free_r)
d:/program files/st/stm32cubeide_1.4.0/stm32cubeide/plugins/com.st.stm32cube.ide.mcu.externaltools.gnu-tools-for-stm32.7-2018-q2-update.win32_1.4.0.202007081208/tools/bin/../lib/gcc/arm-none-eabi/7.3.1/../../../../arm-none-eabi/lib/thumb/v7-m\libc_nano.a(lib_a-nano-mallocr.o)
                              d:/program files/st/stm32cubeide_1.4.0/stm32cubeide/plugins/com.st.stm32cube.ide.mcu.externaltools.gnu-tools-for-stm32.7-2018-q2-update.win32_1.4.0.202007081208/tools/bin/../lib/gcc/arm-none-eabi/7.3.1/../../../../arm-none-eabi/lib/thumb/v7-m\libc_nano.a(lib_a-malloc.o) (_malloc_r)
d:/program files/st/stm32cubeide_1.4.0/stm32cubeide/plugins/com.st.stm32cube.ide.mcu.externaltools.gnu-tools-for-stm32.7-2018-q2-update.win32_1.4.0.202007081208/tools/bin/../lib/gcc/arm-none-eabi/7.3.1/../../../../arm-none-eabi/lib/thumb/v7-m\libc_nano.a(lib_a-sbrkr.o)
                              d:/program files/st/stm32cubeide_1.4.0/stm32cubeide/plugins/com.st.stm32cube.ide.mcu.externaltools.gnu-tools-for-stm32.7-2018-q2-update.win32_1.4.0.202007081208/tools/bin/../lib/gcc/arm-none-eabi/7.3.1/../../../../arm-none-eabi/lib/thumb/v7-m\libc_nano.a(lib_a-nano-mallocr.o) (_sbrk_r)
[...]
Memory Configuration

Name             Origin             Length             Attributes
RAM              0x0000000020000000 0x0000000000005000 xrw
FLASH            0x0000000008000000 0x0000000000010000 xr
*default*        0x0000000000000000 0xffffffffffffffff

Linker script and memory map

LOAD d:/program files/st/stm32cubeide_1.4.0/stm32cubeide/plugins/com.st.stm32cube.ide.mcu.externaltools.gnu-tools-for-stm32.7-2018-q2-update.win32_1.4.0.202007081208/tools/bin/../lib/gcc/arm-none-eabi/7.3.1/thumb/v7-m/crti.o
LOAD d:/program files/st/stm32cubeide_1.4.0/stm32cubeide/plugins/com.st.stm32cube.ide.mcu.externaltools.gnu-tools-for-stm32.7-2018-q2-update.win32_1.4.0.202007081208/tools/bin/../lib/gcc/arm-none-eabi/7.3.1/thumb/v7-m/crtbegin.o
LOAD d:/program files/st/stm32cubeide_1.4.0/stm32cubeide/plugins/com.st.stm32cube.ide.mcu.externaltools.gnu-tools-for-stm32.7-2018-q2-update.win32_1.4.0.202007081208/tools/bin/../lib/gcc/arm-none-eabi/7.3.1/../../../../arm-none-eabi/lib/thumb/v7-m/crt0.o
LOAD Core/Src/adc_manager.o
LOAD Core/Src/data_manager.o
LOAD Core/Src/main.o
LOAD Core/Src/stm32f1xx_hal_msp.o
LOAD Core/Src/stm32f1xx_it.o
LOAD Core/Src/syscalls.o
LOAD Core/Src/sysmem.o
LOAD Core/Src/system_stm32f1xx.o
LOAD Core/Src/util.o
LOAD Core/Startup/startup_stm32f103c8tx.o
LOAD Drivers/STM32F1xx_HAL_Driver/Src/stm32f1xx_hal.o
LOAD Drivers/STM32F1xx_HAL_Driver/Src/stm32f1xx_hal_adc.o
LOAD Drivers/STM32F1xx_HAL_Driver/Src/stm32f1xx_hal_adc_ex.o
LOAD Drivers/STM32F1xx_HAL_Driver/Src/stm32f1xx_hal_cortex.o
LOAD Drivers/STM32F1xx_HAL_Driver/Src/stm32f1xx_hal_dma.o
LOAD Drivers/STM32F1xx_HAL_Driver/Src/stm32f1xx_hal_exti.o
LOAD Drivers/STM32F1xx_HAL_Driver/Src/stm32f1xx_hal_flash.o
LOAD Drivers/STM32F1xx_HAL_Driver/Src/stm32f1xx_hal_flash_ex.o
LOAD Drivers/STM32F1xx_HAL_Driver/Src/stm32f1xx_hal_gpio.o
LOAD Drivers/STM32F1xx_HAL_Driver/Src/stm32f1xx_hal_gpio_ex.o
LOAD Drivers/STM32F1xx_HAL_Driver/Src/stm32f1xx_hal_pcd.o
LOAD Drivers/STM32F1xx_HAL_Driver/Src/stm32f1xx_hal_pcd_ex.o
LOAD Drivers/STM32F1xx_HAL_Driver/Src/stm32f1xx_hal_pwr.o
LOAD Drivers/STM32F1xx_HAL_Driver/Src/stm32f1xx_hal_rcc.o
LOAD Drivers/STM32F1xx_HAL_Driver/Src/stm32f1xx_hal_rcc_ex.o
LOAD Drivers/STM32F1xx_HAL_Driver/Src/stm32f1xx_hal_spi.o
LOAD Drivers/STM32F1xx_HAL_Driver/Src/stm32f1xx_hal_tim.o
LOAD Drivers/STM32F1xx_HAL_Driver/Src/stm32f1xx_hal_tim_ex.o
LOAD Drivers/STM32F1xx_HAL_Driver/Src/stm32f1xx_hal_uart.o
LOAD Drivers/STM32F1xx_HAL_Driver/Src/stm32f1xx_ll_usb.o
LOAD FATFS/App/fatfs.o
LOAD FATFS/Target/user_diskio.o
LOAD Middlewares/ST/STM32_USB_Device_Library/Class/DFU/Src/usbd_dfu.o
LOAD Middlewares/ST/STM32_USB_Device_Library/Core/Src/usbd_core.o
LOAD Middlewares/ST/STM32_USB_Device_Library/Core/Src/usbd_ctlreq.o
LOAD Middlewares/ST/STM32_USB_Device_Library/Core/Src/usbd_ioreq.o
LOAD Middlewares/Third_Party/FatFs/src/diskio.o
LOAD Middlewares/Third_Party/FatFs/src/ff.o
LOAD Middlewares/Third_Party/FatFs/src/ff_gen_drv.o
LOAD Middlewares/Third_Party/FatFs/src/option/syscall.o
LOAD USB_DEVICE/App/usb_device.o
LOAD USB_DEVICE/App/usbd_desc.o
LOAD USB_DEVICE/App/usbd_dfu_if.o
LOAD USB_DEVICE/Target/usbd_conf.o
START GROUP
LOAD d:/program files/st/stm32cubeide_1.4.0/stm32cubeide/plugins/com.st.stm32cube.ide.mcu.externaltools.gnu-tools-for-stm32.7-2018-q2-update.win32_1.4.0.202007081208/tools/bin/../lib/gcc/arm-none-eabi/7.3.1/../../../../arm-none-eabi/lib/thumb/v7-m\libc_nano.a
LOAD d:/program files/st/stm32cubeide_1.4.0/stm32cubeide/plugins/com.st.stm32cube.ide.mcu.externaltools.gnu-tools-for-stm32.7-2018-q2-update.win32_1.4.0.202007081208/tools/bin/../lib/gcc/arm-none-eabi/7.3.1/../../../../arm-none-eabi/lib/thumb/v7-m\libm.a
END GROUP
START GROUP
LOAD d:/program files/st/stm32cubeide_1.4.0/stm32cubeide/plugins/com.st.stm32cube.ide.mcu.externaltools.gnu-tools-for-stm32.7-2018-q2-update.win32_1.4.0.202007081208/tools/bin/../lib/gcc/arm-none-eabi/7.3.1/thumb/v7-m\libgcc.a
LOAD d:/program files/st/stm32cubeide_1.4.0/stm32cubeide/plugins/com.st.stm32cube.ide.mcu.externaltools.gnu-tools-for-stm32.7-2018-q2-update.win32_1.4.0.202007081208/tools/bin/../lib/gcc/arm-none-eabi/7.3.1/../../../../arm-none-eabi/lib/thumb/v7-m\libc_nano.a
END GROUP
START GROUP
LOAD d:/program files/st/stm32cubeide_1.4.0/stm32cubeide/plugins/com.st.stm32cube.ide.mcu.externaltools.gnu-tools-for-stm32.7-2018-q2-update.win32_1.4.0.202007081208/tools/bin/../lib/gcc/arm-none-eabi/7.3.1/thumb/v7-m\libgcc.a
LOAD d:/program files/st/stm32cubeide_1.4.0/stm32cubeide/plugins/com.st.stm32cube.ide.mcu.externaltools.gnu-tools-for-stm32.7-2018-q2-update.win32_1.4.0.202007081208/tools/bin/../lib/gcc/arm-none-eabi/7.3.1/../../../../arm-none-eabi/lib/thumb/v7-m\libc_nano.a
LOAD d:/program files/st/stm32cubeide_1.4.0/stm32cubeide/plugins/com.st.stm32cube.ide.mcu.externaltools.gnu-tools-for-stm32.7-2018-q2-update.win32_1.4.0.202007081208/tools/bin/../lib/gcc/arm-none-eabi/7.3.1/../../../../arm-none-eabi/lib/thumb/v7-m\libnosys.a
END GROUP
START GROUP
LOAD d:/program files/st/stm32cubeide_1.4.0/stm32cubeide/plugins/com.st.stm32cube.ide.mcu.externaltools.gnu-tools-for-stm32.7-2018-q2-update.win32_1.4.0.202007081208/tools/bin/../lib/gcc/arm-none-eabi/7.3.1/thumb/v7-m\libgcc.a
LOAD d:/program files/st/stm32cubeide_1.4.0/stm32cubeide/plugins/com.st.stm32cube.ide.mcu.externaltools.gnu-tools-for-stm32.7-2018-q2-update.win32_1.4.0.202007081208/tools/bin/../lib/gcc/arm-none-eabi/7.3.1/../../../../arm-none-eabi/lib/thumb/v7-m\libc_nano.a
LOAD d:/program files/st/stm32cubeide_1.4.0/stm32cubeide/plugins/com.st.stm32cube.ide.mcu.externaltools.gnu-tools-for-stm32.7-2018-q2-update.win32_1.4.0.202007081208/tools/bin/../lib/gcc/arm-none-eabi/7.3.1/../../../../arm-none-eabi/lib/thumb/v7-m\libnosys.a
END GROUP
LOAD d:/program files/st/stm32cubeide_1.4.0/stm32cubeide/plugins/com.st.stm32cube.ide.mcu.externaltools.gnu-tools-for-stm32.7-2018-q2-update.win32_1.4.0.202007081208/tools/bin/../lib/gcc/arm-none-eabi/7.3.1/thumb/v7-m/crtend.o
LOAD d:/program files/st/stm32cubeide_1.4.0/stm32cubeide/plugins/com.st.stm32cube.ide.mcu.externaltools.gnu-tools-for-stm32.7-2018-q2-update.win32_1.4.0.202007081208/tools/bin/../lib/gcc/arm-none-eabi/7.3.1/thumb/v7-m/crtn.o
                0x0000000020005000                _estack = (ORIGIN (RAM) + LENGTH (RAM))
                0x0000000000000200                _Min_Heap_Size = 0x200
                0x0000000000000400                _Min_Stack_Size = 0x400

.isr_vector     0x0000000008000000      0x10c
                0x0000000008000000                . = ALIGN (0x4)
 *(.isr_vector)
 .isr_vector    0x0000000008000000      0x10c Core/Startup/startup_stm32f103c8tx.o
                0x0000000008000000                g_pfnVectors
                0x000000000800010c                . = ALIGN (0x4)

.text           0x000000000800010c     0x7688
                0x000000000800010c                . = ALIGN (0x4)
 *(.text)
 .text          0x000000000800010c       0x40 d:/program files/st/stm32cubeide_1.4.0/stm32cubeide/plugins/com.st.stm32cube.ide.mcu.externaltools.gnu-tools-for-stm32.7-2018-q2-update.win32_1.4.0.202007081208/tools/bin/../lib/gcc/arm-none-eabi/7.3.1/thumb/v7-m/crtbegin.o
 *(.text*)
 .text.main     0x000000000800014c       0x7c Core/Src/main.o
                0x000000000800014c                main
 .text.SystemClock_Config
                0x00000000080001c8       0xba Core/Src/main.o
                0x00000000080001c8                SystemClock_Config
 *fill*         0x0000000008000282        0x2 
 .text.MX_ADC1_Init
                0x0000000008000284       0x7c Core/Src/main.o
 .text.MX_ADC2_Init
                0x0000000008000300       0x7c Core/Src/main.o
 .text.MX_SPI1_Init
                0x000000000800037c       0x70 Core/Src/main.o
 .text.MX_SPI2_Init
                0x00000000080003ec       0x6c Core/Src/main.o
 .text.MX_TIM1_Init
                0x0000000008000458       0xa4 Core/Src/main.o
 .text.MX_TIM2_Init
                0x00000000080004fc      0x118 Core/Src/main.o
 .text.MX_TIM3_Init
                0x0000000008000614       0x98 Core/Src/main.o
 .text.MX_USART1_UART_Init
                0x00000000080006ac       0x54 Core/Src/main.o
 .text.MX_GPIO_Init
                0x0000000008000700      0x178 Core/Src/main.o
 .text.Error_Handler
                0x0000000008000878        0xc Core/Src/main.o
                0x0000000008000878                Error_Handler
 .text.HAL_MspInit
                0x0000000008000884       0x64 Core/Src/stm32f1xx_hal_msp.o
                0x0000000008000884                HAL_MspInit
 .text.HAL_ADC_MspInit
                0x00000000080008e8       0xd0 Core/Src/stm32f1xx_hal_msp.o
                0x00000000080008e8                HAL_ADC_MspInit
 .text.HAL_SPI_MspInit
                0x00000000080009b8       0xf4 Core/Src/stm32f1xx_hal_msp.o
                0x00000000080009b8                HAL_SPI_MspInit
 .text.HAL_TIM_Base_MspInit
                0x0000000008000aac       0xb8 Core/Src/stm32f1xx_hal_msp.o
                0x0000000008000aac                HAL_TIM_Base_MspInit
 .text.HAL_TIM_MspPostInit
                0x0000000008000b64       0xd8 Core/Src/stm32f1xx_hal_msp.o
                0x0000000008000b64                HAL_TIM_MspPostInit
 .text.HAL_UART_MspInit
                0x0000000008000c3c       0x98 Core/Src/stm32f1xx_hal_msp.o
                0x0000000008000c3c                HAL_UART_MspInit
 .text.NMI_Handler
                0x0000000008000cd4        0xc Core/Src/stm32f1xx_it.o
                0x0000000008000cd4                NMI_Handler
 .text.HardFault_Handler
                0x0000000008000ce0        0x6 Core/Src/stm32f1xx_it.o
                0x0000000008000ce0                HardFault_Handler
 .text.MemManage_Handler
                0x0000000008000ce6        0x6 Core/Src/stm32f1xx_it.o
                0x0000000008000ce6                MemManage_Handler
 .text.BusFault_Handler
                0x0000000008000cec        0x6 Core/Src/stm32f1xx_it.o
                0x0000000008000cec                BusFault_Handler
 .text.UsageFault_Handler
                0x0000000008000cf2        0x6 Core/Src/stm32f1xx_it.o
                0x0000000008000cf2                UsageFault_Handler
 .text.SVC_Handler
                0x0000000008000cf8        0xc Core/Src/stm32f1xx_it.o
                0x0000000008000cf8                SVC_Handler
 .text.DebugMon_Handler
                0x0000000008000d04        0xc Core/Src/stm32f1xx_it.o
                0x0000000008000d04                DebugMon_Handler
 .text.PendSV_Handler
                0x0000000008000d10        0xc Core/Src/stm32f1xx_it.o
                0x0000000008000d10                PendSV_Handler
 .text.SysTick_Handler
                0x0000000008000d1c        0xc Core/Src/stm32f1xx_it.o
                0x0000000008000d1c                SysTick_Handler
 .text.EXTI1_IRQHandler
                0x0000000008000d28        0xe Core/Src/stm32f1xx_it.o
                0x0000000008000d28                EXTI1_IRQHandler
 .text.EXTI2_IRQHandler
                0x0000000008000d36        0xe Core/Src/stm32f1xx_it.o
                0x0000000008000d36                EXTI2_IRQHandler
 .text.EXTI3_IRQHandler
                0x0000000008000d44        0xe Core/Src/stm32f1xx_it.o
                0x0000000008000d44                EXTI3_IRQHandler
 *fill*         0x0000000008000d52        0x2 
 .text.USB_LP_CAN1_RX0_IRQHandler
                0x0000000008000d54       0x14 Core/Src/stm32f1xx_it.o
                0x0000000008000d54                USB_LP_CAN1_RX0_IRQHandler
 .text.TIM1_UP_IRQHandler
                0x0000000008000d68       0x14 Core/Src/stm32f1xx_it.o
                0x0000000008000d68                TIM1_UP_IRQHandler
 .text.TIM2_IRQHandler
                0x0000000008000d7c       0x14 Core/Src/stm32f1xx_it.o
                0x0000000008000d7c                TIM2_IRQHandler
 .text.TIM3_IRQHandler
                0x0000000008000d90       0x54 Core/Src/stm32f1xx_it.o
                0x0000000008000d90                TIM3_IRQHandler
 .text.USBWakeUp_IRQHandler
                0x0000000008000de4       0x34 Core/Src/stm32f1xx_it.o
                0x0000000008000de4                USBWakeUp_IRQHandler
 .text.SystemInit
                0x0000000008000e18       0x68 Core/Src/system_stm32f1xx.o
                0x0000000008000e18                SystemInit
 .text.millis   0x0000000008000e80       0x14 Core/Src/util.o
                0x0000000008000e80                millis
 .text.Reset_Handler
                0x0000000008000e94       0x48 Core/Startup/startup_stm32f103c8tx.o
                0x0000000008000e94                Reset_Handler
 .text.Default_Handler
                0x0000000008000edc        0x2 Core/Startup/startup_stm32f103c8tx.o
                0x0000000008000edc                RTC_Alarm_IRQHandler
                0x0000000008000edc                TIM1_CC_IRQHandler
                0x0000000008000edc                PVD_IRQHandler
                0x0000000008000edc                EXTI0_IRQHandler
                0x0000000008000edc                I2C2_EV_IRQHandler
                0x0000000008000edc                ADC1_2_IRQHandler
                0x0000000008000edc                SPI1_IRQHandler
                0x0000000008000edc                TAMPER_IRQHandler
                0x0000000008000edc                DMA1_Channel4_IRQHandler
                0x0000000008000edc                USART3_IRQHandler
                0x0000000008000edc                RTC_IRQHandler
                0x0000000008000edc                DMA1_Channel7_IRQHandler
                0x0000000008000edc                CAN1_RX1_IRQHandler
                0x0000000008000edc                TIM4_IRQHandler
                0x0000000008000edc                I2C1_EV_IRQHandler
                0x0000000008000edc                DMA1_Channel6_IRQHandler
                0x0000000008000edc                RCC_IRQHandler
                0x0000000008000edc                TIM1_TRG_COM_IRQHandler
                0x0000000008000edc                DMA1_Channel1_IRQHandler
                0x0000000008000edc                Default_Handler
                0x0000000008000edc                EXTI15_10_IRQHandler
                0x0000000008000edc                EXTI9_5_IRQHandler
                0x0000000008000edc                SPI2_IRQHandler
                0x0000000008000edc                DMA1_Channel5_IRQHandler
                0x0000000008000edc                EXTI4_IRQHandler
                0x0000000008000edc                USB_HP_CAN1_TX_IRQHandler
                0x0000000008000edc                DMA1_Channel3_IRQHandler
                0x0000000008000edc                WWDG_IRQHandler
                0x0000000008000edc                TIM1_BRK_IRQHandler
                0x0000000008000edc                USART2_IRQHandler
                0x0000000008000edc                I2C2_ER_IRQHandler
                0x0000000008000edc                DMA1_Channel2_IRQHandler
                0x0000000008000edc                CAN1_SCE_IRQHandler
                0x0000000008000edc                FLASH_IRQHandler
                0x0000000008000edc                USART1_IRQHandler
                0x0000000008000edc                I2C1_ER_IRQHandler
 *fill*         0x0000000008000ede        0x2 
 .text.HAL_Init
                0x0000000008000ee0       0x2c Drivers/STM32F1xx_HAL_Driver/Src/stm32f1xx_hal.o
                0x0000000008000ee0                HAL_Init
 .text.HAL_InitTick
                0x0000000008000f0c       0x60 Drivers/STM32F1xx_HAL_Driver/Src/stm32f1xx_hal.o
                0x0000000008000f0c                HAL_InitTick
 .text.HAL_IncTick
                0x0000000008000f6c       0x24 Drivers/STM32F1xx_HAL_Driver/Src/stm32f1xx_hal.o
                0x0000000008000f6c                HAL_IncTick
 .text.HAL_GetTick
                0x0000000008000f90       0x14 Drivers/STM32F1xx_HAL_Driver/Src/stm32f1xx_hal.o
                0x0000000008000f90                HAL_GetTick
 .text.HAL_Delay
                0x0000000008000fa4       0x44 Drivers/STM32F1xx_HAL_Driver/Src/stm32f1xx_hal.o
                0x0000000008000fa4                HAL_Delay
 .text.HAL_ADC_Init
                0x0000000008000fe8      0x1b0 Drivers/STM32F1xx_HAL_Driver/Src/stm32f1xx_hal_adc.o
                0x0000000008000fe8                HAL_ADC_Init
 .text.HAL_ADC_ConfigChannel
                0x0000000008001198      0x1f0 Drivers/STM32F1xx_HAL_Driver/Src/stm32f1xx_hal_adc.o
                0x0000000008001198                HAL_ADC_ConfigChannel
 .text.ADC_ConversionStop_Disable
                0x0000000008001388       0x74 Drivers/STM32F1xx_HAL_Driver/Src/stm32f1xx_hal_adc.o
                0x0000000008001388                ADC_ConversionStop_Disable
 .text.__NVIC_SetPriorityGrouping
                0x00000000080013fc       0x48 Drivers/STM32F1xx_HAL_Driver/Src/stm32f1xx_hal_cortex.o
 .text.__NVIC_GetPriorityGrouping
                0x0000000008001444       0x1c Drivers/STM32F1xx_HAL_Driver/Src/stm32f1xx_hal_cortex.o
 .text.__NVIC_EnableIRQ
                0x0000000008001460       0x38 Drivers/STM32F1xx_HAL_Driver/Src/stm32f1xx_hal_cortex.o
 .text.__NVIC_SetPriority
                0x0000000008001498       0x54 Drivers/STM32F1xx_HAL_Driver/Src/stm32f1xx_hal_cortex.o
 .text.NVIC_EncodePriority
                0x00000000080014ec       0x64 Drivers/STM32F1xx_HAL_Driver/Src/stm32f1xx_hal_cortex.o
 .text.SysTick_Config
                0x0000000008001550       0x44 Drivers/STM32F1xx_HAL_Driver/Src/stm32f1xx_hal_cortex.o
 .text.HAL_NVIC_SetPriorityGrouping
                0x0000000008001594       0x16 Drivers/STM32F1xx_HAL_Driver/Src/stm32f1xx_hal_cortex.o
                0x0000000008001594                HAL_NVIC_SetPriorityGrouping
 .text.HAL_NVIC_SetPriority
                0x00000000080015aa       0x38 Drivers/STM32F1xx_HAL_Driver/Src/stm32f1xx_hal_cortex.o
                0x00000000080015aa                HAL_NVIC_SetPriority
 .text.HAL_NVIC_EnableIRQ
                0x00000000080015e2       0x1c Drivers/STM32F1xx_HAL_Driver/Src/stm32f1xx_hal_cortex.o
                0x00000000080015e2                HAL_NVIC_EnableIRQ
 .text.HAL_SYSTICK_Config
                0x00000000080015fe       0x18 Drivers/STM32F1xx_HAL_Driver/Src/stm32f1xx_hal_cortex.o
                0x00000000080015fe                HAL_SYSTICK_Config
 *fill*         0x0000000008001616        0x2 
 .text.HAL_GPIO_Init
                0x0000000008001618      0x2b4 Drivers/STM32F1xx_HAL_Driver/Src/stm32f1xx_hal_gpio.o
                0x0000000008001618                HAL_GPIO_Init
 .text.HAL_GPIO_WritePin
                0x00000000080018cc       0x30 Drivers/STM32F1xx_HAL_Driver/Src/stm32f1xx_hal_gpio.o
                0x00000000080018cc                HAL_GPIO_WritePin
 .text.HAL_GPIO_TogglePin
                0x00000000080018fc       0x30 Drivers/STM32F1xx_HAL_Driver/Src/stm32f1xx_hal_gpio.o
                0x00000000080018fc                HAL_GPIO_TogglePin
 .text.HAL_GPIO_EXTI_IRQHandler
                0x000000000800192c       0x30 Drivers/STM32F1xx_HAL_Driver/Src/stm32f1xx_hal_gpio.o
                0x000000000800192c                HAL_GPIO_EXTI_IRQHandler
 .text.HAL_GPIO_EXTI_Callback
                0x000000000800195c       0x14 Drivers/STM32F1xx_HAL_Driver/Src/stm32f1xx_hal_gpio.o
                0x000000000800195c                HAL_GPIO_EXTI_Callback
 .text.HAL_PCD_Init
                0x0000000008001970      0x1c2 Drivers/STM32F1xx_HAL_Driver/Src/stm32f1xx_hal_pcd.o
                0x0000000008001970                HAL_PCD_Init
 .text.HAL_PCD_Start
                0x0000000008001b32       0x4c Drivers/STM32F1xx_HAL_Driver/Src/stm32f1xx_hal_pcd.o
                0x0000000008001b32                HAL_PCD_Start
 .text.HAL_PCD_Stop
                0x0000000008001b7e       0x60 Drivers/STM32F1xx_HAL_Driver/Src/stm32f1xx_hal_pcd.o
                0x0000000008001b7e                HAL_PCD_Stop
 .text.HAL_PCD_IRQHandler
                0x0000000008001bde      0x21c Drivers/STM32F1xx_HAL_Driver/Src/stm32f1xx_hal_pcd.o
                0x0000000008001bde                HAL_PCD_IRQHandler
 .text.HAL_PCD_SetAddress
                0x0000000008001dfa       0x4a Drivers/STM32F1xx_HAL_Driver/Src/stm32f1xx_hal_pcd.o
                0x0000000008001dfa                HAL_PCD_SetAddress
 .text.HAL_PCD_EP_Open
                0x0000000008001e44       0xc0 Drivers/STM32F1xx_HAL_Driver/Src/stm32f1xx_hal_pcd.o
                0x0000000008001e44                HAL_PCD_EP_Open
 .text.HAL_PCD_EP_Receive
                0x0000000008001f04       0x74 Drivers/STM32F1xx_HAL_Driver/Src/stm32f1xx_hal_pcd.o
                0x0000000008001f04                HAL_PCD_EP_Receive
 .text.HAL_PCD_EP_Transmit
                0x0000000008001f78       0x72 Drivers/STM32F1xx_HAL_Driver/Src/stm32f1xx_hal_pcd.o
                0x0000000008001f78                HAL_PCD_EP_Transmit
 .text.HAL_PCD_EP_SetStall
                0x0000000008001fea       0xb4 Drivers/STM32F1xx_HAL_Driver/Src/stm32f1xx_hal_pcd.o
                0x0000000008001fea                HAL_PCD_EP_SetStall
 .text.HAL_PCD_EP_ClrStall
                0x000000000800209e       0x9c Drivers/STM32F1xx_HAL_Driver/Src/stm32f1xx_hal_pcd.o
                0x000000000800209e                HAL_PCD_EP_ClrStall
 *fill*         0x000000000800213a        0x2 
 .text.PCD_EP_ISR_Handler
                0x000000000800213c      0x534 Drivers/STM32F1xx_HAL_Driver/Src/stm32f1xx_hal_pcd.o
 .text.HAL_PCDEx_PMAConfig
                0x0000000008002670       0x78 Drivers/STM32F1xx_HAL_Driver/Src/stm32f1xx_hal_pcd_ex.o
                0x0000000008002670                HAL_PCDEx_PMAConfig
 .text.HAL_RCC_OscConfig
                0x00000000080026e8      0x500 Drivers/STM32F1xx_HAL_Driver/Src/stm32f1xx_hal_rcc.o
                0x00000000080026e8                HAL_RCC_OscConfig
 .text.HAL_RCC_ClockConfig
                0x0000000008002be8      0x1d4 Drivers/STM32F1xx_HAL_Driver/Src/stm32f1xx_hal_rcc.o
                0x0000000008002be8                HAL_RCC_ClockConfig
 .text.HAL_RCC_GetSysClockFreq
                0x0000000008002dbc       0xc4 Drivers/STM32F1xx_HAL_Driver/Src/stm32f1xx_hal_rcc.o
                0x0000000008002dbc                HAL_RCC_GetSysClockFreq
 .text.HAL_RCC_GetHCLKFreq
                0x0000000008002e80       0x14 Drivers/STM32F1xx_HAL_Driver/Src/stm32f1xx_hal_rcc.o
                0x0000000008002e80                HAL_RCC_GetHCLKFreq
 .text.HAL_RCC_GetPCLK1Freq
                0x0000000008002e94       0x28 Drivers/STM32F1xx_HAL_Driver/Src/stm32f1xx_hal_rcc.o
                0x0000000008002e94                HAL_RCC_GetPCLK1Freq
 .text.HAL_RCC_GetPCLK2Freq
                0x0000000008002ebc       0x28 Drivers/STM32F1xx_HAL_Driver/Src/stm32f1xx_hal_rcc.o
                0x0000000008002ebc                HAL_RCC_GetPCLK2Freq
 .text.RCC_Delay
                0x0000000008002ee4       0x3c Drivers/STM32F1xx_HAL_Driver/Src/stm32f1xx_hal_rcc.o
 .text.HAL_RCCEx_PeriphCLKConfig
                0x0000000008002f20      0x16c Drivers/STM32F1xx_HAL_Driver/Src/stm32f1xx_hal_rcc_ex.o
                0x0000000008002f20                HAL_RCCEx_PeriphCLKConfig
 .text.HAL_SPI_Init
                0x000000000800308c       0xc2 Drivers/STM32F1xx_HAL_Driver/Src/stm32f1xx_hal_spi.o
                0x000000000800308c                HAL_SPI_Init
 .text.HAL_TIM_Base_Init
                0x000000000800314e       0x56 Drivers/STM32F1xx_HAL_Driver/Src/stm32f1xx_hal_tim.o
                0x000000000800314e                HAL_TIM_Base_Init
 .text.HAL_TIM_Base_Start_IT
                0x00000000080031a4       0x46 Drivers/STM32F1xx_HAL_Driver/Src/stm32f1xx_hal_tim.o
                0x00000000080031a4                HAL_TIM_Base_Start_IT
 .text.HAL_TIM_PWM_Init
                0x00000000080031ea       0x56 Drivers/STM32F1xx_HAL_Driver/Src/stm32f1xx_hal_tim.o
                0x00000000080031ea                HAL_TIM_PWM_Init
 .text.HAL_TIM_PWM_MspInit
                0x0000000008003240       0x12 Drivers/STM32F1xx_HAL_Driver/Src/stm32f1xx_hal_tim.o
                0x0000000008003240                HAL_TIM_PWM_MspInit
 .text.HAL_TIM_IRQHandler
                0x0000000008003252      0x210 Drivers/STM32F1xx_HAL_Driver/Src/stm32f1xx_hal_tim.o
                0x0000000008003252                HAL_TIM_IRQHandler
 *fill*         0x0000000008003462        0x2 
 .text.HAL_TIM_PWM_ConfigChannel
                0x0000000008003464      0x18c Drivers/STM32F1xx_HAL_Driver/Src/stm32f1xx_hal_tim.o
                0x0000000008003464                HAL_TIM_PWM_ConfigChannel
 .text.HAL_TIM_ConfigClockSource
                0x00000000080035f0      0x16e Drivers/STM32F1xx_HAL_Driver/Src/stm32f1xx_hal_tim.o
                0x00000000080035f0                HAL_TIM_ConfigClockSource
 .text.HAL_TIM_PeriodElapsedCallback
                0x000000000800375e       0x12 Drivers/STM32F1xx_HAL_Driver/Src/stm32f1xx_hal_tim.o
                0x000000000800375e                HAL_TIM_PeriodElapsedCallback
 .text.HAL_TIM_OC_DelayElapsedCallback
                0x0000000008003770       0x12 Drivers/STM32F1xx_HAL_Driver/Src/stm32f1xx_hal_tim.o
                0x0000000008003770                HAL_TIM_OC_DelayElapsedCallback
 .text.HAL_TIM_IC_CaptureCallback
                0x0000000008003782       0x12 Drivers/STM32F1xx_HAL_Driver/Src/stm32f1xx_hal_tim.o
                0x0000000008003782                HAL_TIM_IC_CaptureCallback
 .text.HAL_TIM_PWM_PulseFinishedCallback
                0x0000000008003794       0x12 Drivers/STM32F1xx_HAL_Driver/Src/stm32f1xx_hal_tim.o
                0x0000000008003794                HAL_TIM_PWM_PulseFinishedCallback
 .text.HAL_TIM_TriggerCallback
                0x00000000080037a6       0x12 Drivers/STM32F1xx_HAL_Driver/Src/stm32f1xx_hal_tim.o
                0x00000000080037a6                HAL_TIM_TriggerCallback
 .text.TIM_Base_SetConfig
                0x00000000080037b8       0xc4 Drivers/STM32F1xx_HAL_Driver/Src/stm32f1xx_hal_tim.o
                0x00000000080037b8                TIM_Base_SetConfig
 .text.TIM_OC1_SetConfig
                0x000000000800387c       0xcc Drivers/STM32F1xx_HAL_Driver/Src/stm32f1xx_hal_tim.o
 .text.TIM_OC2_SetConfig
                0x0000000008003948       0xd4 Drivers/STM32F1xx_HAL_Driver/Src/stm32f1xx_hal_tim.o
                0x0000000008003948                TIM_OC2_SetConfig
 .text.TIM_OC3_SetConfig
                0x0000000008003a1c       0xd4 Drivers/STM32F1xx_HAL_Driver/Src/stm32f1xx_hal_tim.o
 .text.TIM_OC4_SetConfig
                0x0000000008003af0       0x9c Drivers/STM32F1xx_HAL_Driver/Src/stm32f1xx_hal_tim.o
 .text.TIM_TI1_ConfigInputStage
                0x0000000008003b8c       0x5c Drivers/STM32F1xx_HAL_Driver/Src/stm32f1xx_hal_tim.o
 .text.TIM_TI2_ConfigInputStage
                0x0000000008003be8       0x5e Drivers/STM32F1xx_HAL_Driver/Src/stm32f1xx_hal_tim.o
 .text.TIM_ITRx_SetConfig
                0x0000000008003c46       0x34 Drivers/STM32F1xx_HAL_Driver/Src/stm32f1xx_hal_tim.o
 .text.TIM_ETR_SetConfig
                0x0000000008003c7a       0x3e Drivers/STM32F1xx_HAL_Driver/Src/stm32f1xx_hal_tim.o
                0x0000000008003c7a                TIM_ETR_SetConfig
 .text.HAL_TIMEx_MasterConfigSynchronization
                0x0000000008003cb8       0x88 Drivers/STM32F1xx_HAL_Driver/Src/stm32f1xx_hal_tim_ex.o
                0x0000000008003cb8                HAL_TIMEx_MasterConfigSynchronization
 .text.HAL_TIMEx_CommutCallback
                0x0000000008003d40       0x12 Drivers/STM32F1xx_HAL_Driver/Src/stm32f1xx_hal_tim_ex.o
                0x0000000008003d40                HAL_TIMEx_CommutCallback
 .text.HAL_TIMEx_BreakCallback
                0x0000000008003d52       0x12 Drivers/STM32F1xx_HAL_Driver/Src/stm32f1xx_hal_tim_ex.o
                0x0000000008003d52                HAL_TIMEx_BreakCallback
 .text.HAL_UART_Init
                0x0000000008003d64       0x9a Drivers/STM32F1xx_HAL_Driver/Src/stm32f1xx_hal_uart.o
                0x0000000008003d64                HAL_UART_Init
 *fill*         0x0000000008003dfe        0x2 
 .text.UART_SetConfig
                0x0000000008003e00      0x1b4 Drivers/STM32F1xx_HAL_Driver/Src/stm32f1xx_hal_uart.o
 .text.USB_CoreInit
                0x0000000008003fb4       0x20 Drivers/STM32F1xx_HAL_Driver/Src/stm32f1xx_ll_usb.o
                0x0000000008003fb4                USB_CoreInit
 .text.USB_EnableGlobalInt
                0x0000000008003fd4       0x2e Drivers/STM32F1xx_HAL_Driver/Src/stm32f1xx_ll_usb.o
                0x0000000008003fd4                USB_EnableGlobalInt
 .text.USB_DisableGlobalInt
                0x0000000008004002       0x38 Drivers/STM32F1xx_HAL_Driver/Src/stm32f1xx_ll_usb.o
                0x0000000008004002                USB_DisableGlobalInt
 .text.USB_SetCurrentMode
                0x000000000800403a       0x18 Drivers/STM32F1xx_HAL_Driver/Src/stm32f1xx_ll_usb.o
                0x000000000800403a                USB_SetCurrentMode
 .text.USB_DevInit
                0x0000000008004052       0x48 Drivers/STM32F1xx_HAL_Driver/Src/stm32f1xx_ll_usb.o
                0x0000000008004052                USB_DevInit
 *fill*         0x000000000800409a        0x2 
 .text.USB_ActivateEndpoint
                0x000000000800409c      0x5dc Drivers/STM32F1xx_HAL_Driver/Src/stm32f1xx_ll_usb.o
                0x000000000800409c                USB_ActivateEndpoint
 .text.USB_EPStartXfer
                0x0000000008004678      0x570 Drivers/STM32F1xx_HAL_Driver/Src/stm32f1xx_ll_usb.o
                0x0000000008004678                USB_EPStartXfer
 .text.USB_EPSetStall
                0x0000000008004be8       0x84 Drivers/STM32F1xx_HAL_Driver/Src/stm32f1xx_ll_usb.o
                0x0000000008004be8                USB_EPSetStall
 .text.USB_EPClearStall
                0x0000000008004c6c      0x128 Drivers/STM32F1xx_HAL_Driver/Src/stm32f1xx_ll_usb.o
                0x0000000008004c6c                USB_EPClearStall
 .text.USB_StopDevice
                0x0000000008004d94       0x2c Drivers/STM32F1xx_HAL_Driver/Src/stm32f1xx_ll_usb.o
                0x0000000008004d94                USB_StopDevice
 .text.USB_SetDevAddress
                0x0000000008004dc0       0x26 Drivers/STM32F1xx_HAL_Driver/Src/stm32f1xx_ll_usb.o
                0x0000000008004dc0                USB_SetDevAddress
 .text.USB_DevConnect
                0x0000000008004de6       0x14 Drivers/STM32F1xx_HAL_Driver/Src/stm32f1xx_ll_usb.o
                0x0000000008004de6                USB_DevConnect
 .text.USB_DevDisconnect
                0x0000000008004dfa       0x14 Drivers/STM32F1xx_HAL_Driver/Src/stm32f1xx_ll_usb.o
                0x0000000008004dfa                USB_DevDisconnect
 .text.USB_ReadInterrupts
                0x0000000008004e0e       0x1e Drivers/STM32F1xx_HAL_Driver/Src/stm32f1xx_ll_usb.o
                0x0000000008004e0e                USB_ReadInterrupts
 .text.USB_EP0_OutStart
                0x0000000008004e2c       0x16 Drivers/STM32F1xx_HAL_Driver/Src/stm32f1xx_ll_usb.o
                0x0000000008004e2c                USB_EP0_OutStart
 .text.USB_WritePMA
                0x0000000008004e42       0x88 Drivers/STM32F1xx_HAL_Driver/Src/stm32f1xx_ll_usb.o
                0x0000000008004e42                USB_WritePMA
 .text.USB_ReadPMA
                0x0000000008004eca       0x9e Drivers/STM32F1xx_HAL_Driver/Src/stm32f1xx_ll_usb.o
                0x0000000008004eca                USB_ReadPMA
 .text.MX_FATFS_Init
                0x0000000008004f68       0x24 FATFS/App/fatfs.o
                0x0000000008004f68                MX_FATFS_Init
 .text.USER_initialize
                0x0000000008004f8c       0x24 FATFS/Target/user_diskio.o
                0x0000000008004f8c                USER_initialize
 .text.USER_status
                0x0000000008004fb0       0x24 FATFS/Target/user_diskio.o
                0x0000000008004fb0                USER_status
 .text.USER_read
                0x0000000008004fd4       0x1c FATFS/Target/user_diskio.o
                0x0000000008004fd4                USER_read
 .text.USER_write
                0x0000000008004ff0       0x1c FATFS/Target/user_diskio.o
                0x0000000008004ff0                USER_write
 .text.USER_ioctl
                0x000000000800500c       0x20 FATFS/Target/user_diskio.o
                0x000000000800500c                USER_ioctl
 .text.__NVIC_SystemReset
                0x000000000800502c       0x28 Middlewares/ST/STM32_USB_Device_Library/Class/DFU/Src/usbd_dfu.o
 .text.USBD_DFU_Init
                0x0000000008005054       0xb2 Middlewares/ST/STM32_USB_Device_Library/Class/DFU/Src/usbd_dfu.o
 .text.USBD_DFU_DeInit
                0x0000000008005106       0x6e Middlewares/ST/STM32_USB_Device_Library/Class/DFU/Src/usbd_dfu.o
 .text.USBD_DFU_Setup
                0x0000000008005174      0x1d4 Middlewares/ST/STM32_USB_Device_Library/Class/DFU/Src/usbd_dfu.o
 .text.USBD_DFU_GetCfgDesc
                0x0000000008005348       0x20 Middlewares/ST/STM32_USB_Device_Library/Class/DFU/Src/usbd_dfu.o
 .text.USBD_DFU_DataIn
                0x0000000008005368       0x18 Middlewares/ST/STM32_USB_Device_Library/Class/DFU/Src/usbd_dfu.o
 .text.USBD_DFU_EP0_RxReady
                0x0000000008005380       0x14 Middlewares/ST/STM32_USB_Device_Library/Class/DFU/Src/usbd_dfu.o
 .text.USBD_DFU_EP0_TxReady
                0x0000000008005394      0x1d0 Middlewares/ST/STM32_USB_Device_Library/Class/DFU/Src/usbd_dfu.o
 .text.USBD_DFU_SOF
                0x0000000008005564       0x14 Middlewares/ST/STM32_USB_Device_Library/Class/DFU/Src/usbd_dfu.o
 .text.USBD_DFU_IsoINIncomplete
                0x0000000008005578       0x18 Middlewares/ST/STM32_USB_Device_Library/Class/DFU/Src/usbd_dfu.o
 .text.USBD_DFU_IsoOutIncomplete
                0x0000000008005590       0x18 Middlewares/ST/STM32_USB_Device_Library/Class/DFU/Src/usbd_dfu.o
 .text.USBD_DFU_DataOut
                0x00000000080055a8       0x18 Middlewares/ST/STM32_USB_Device_Library/Class/DFU/Src/usbd_dfu.o
 .text.USBD_DFU_GetDeviceQualifierDesc
                0x00000000080055c0       0x20 Middlewares/ST/STM32_USB_Device_Library/Class/DFU/Src/usbd_dfu.o
 .text.USBD_DFU_GetUsrStringDesc
                0x00000000080055e0       0x38 Middlewares/ST/STM32_USB_Device_Library/Class/DFU/Src/usbd_dfu.o
 .text.USBD_DFU_RegisterMedia
                0x0000000008005618       0x24 Middlewares/ST/STM32_USB_Device_Library/Class/DFU/Src/usbd_dfu.o
                0x0000000008005618                USBD_DFU_RegisterMedia
 .text.DFU_Detach
                0x000000000800563c       0xc0 Middlewares/ST/STM32_USB_Device_Library/Class/DFU/Src/usbd_dfu.o
 .text.DFU_Download
                0x00000000080056fc       0xd4 Middlewares/ST/STM32_USB_Device_Library/Class/DFU/Src/usbd_dfu.o
 .text.DFU_Upload
                0x00000000080057d0      0x1b8 Middlewares/ST/STM32_USB_Device_Library/Class/DFU/Src/usbd_dfu.o
 .text.DFU_GetStatus
                0x0000000008005988      0x164 Middlewares/ST/STM32_USB_Device_Library/Class/DFU/Src/usbd_dfu.o
 .text.DFU_ClearStatus
                0x0000000008005aec       0x9e Middlewares/ST/STM32_USB_Device_Library/Class/DFU/Src/usbd_dfu.o
 .text.DFU_GetState
                0x0000000008005b8a       0x28 Middlewares/ST/STM32_USB_Device_Library/Class/DFU/Src/usbd_dfu.o
 .text.DFU_Abort
                0x0000000008005bb2       0x98 Middlewares/ST/STM32_USB_Device_Library/Class/DFU/Src/usbd_dfu.o
 *fill*         0x0000000008005c4a        0x2 
 .text.DFU_Leave
                0x0000000008005c4c       0x9c Middlewares/ST/STM32_USB_Device_Library/Class/DFU/Src/usbd_dfu.o
 .text.USBD_Init
                0x0000000008005ce8       0x56 Middlewares/ST/STM32_USB_Device_Library/Core/Src/usbd_core.o
                0x0000000008005ce8                USBD_Init
 .text.USBD_RegisterClass
                0x0000000008005d3e       0x32 Middlewares/ST/STM32_USB_Device_Library/Core/Src/usbd_core.o
                0x0000000008005d3e                USBD_RegisterClass
 .text.USBD_Start
                0x0000000008005d70       0x18 Middlewares/ST/STM32_USB_Device_Library/Core/Src/usbd_core.o
                0x0000000008005d70                USBD_Start
 .text.USBD_Stop
                0x0000000008005d88       0x2c Middlewares/ST/STM32_USB_Device_Library/Core/Src/usbd_core.o
                0x0000000008005d88                USBD_Stop
 .text.USBD_RunTestMode
                0x0000000008005db4       0x14 Middlewares/ST/STM32_USB_Device_Library/Core/Src/usbd_core.o
                0x0000000008005db4                USBD_RunTestMode
 .text.USBD_SetClassConfig
                0x0000000008005dc8       0x3e Middlewares/ST/STM32_USB_Device_Library/Core/Src/usbd_core.o
                0x0000000008005dc8                USBD_SetClassConfig
 .text.USBD_ClrClassConfig
                0x0000000008005e06       0x26 Middlewares/ST/STM32_USB_Device_Library/Core/Src/usbd_core.o
                0x0000000008005e06                USBD_ClrClassConfig
 .text.USBD_LL_SetupStage
                0x0000000008005e2c       0x96 Middlewares/ST/STM32_USB_Device_Library/Core/Src/usbd_core.o
                0x0000000008005e2c                USBD_LL_SetupStage
 .text.USBD_LL_DataOutStage
                0x0000000008005ec2       0xe2 Middlewares/ST/STM32_USB_Device_Library/Core/Src/usbd_core.o
                0x0000000008005ec2                USBD_LL_DataOutStage
 .text.USBD_LL_DataInStage
                0x0000000008005fa4      0x14a Middlewares/ST/STM32_USB_Device_Library/Core/Src/usbd_core.o
                0x0000000008005fa4                USBD_LL_DataInStage
 .text.USBD_LL_Reset
                0x00000000080060ee       0x82 Middlewares/ST/STM32_USB_Device_Library/Core/Src/usbd_core.o
                0x00000000080060ee                USBD_LL_Reset
 .text.USBD_LL_SetSpeed
                0x0000000008006170       0x1e Middlewares/ST/STM32_USB_Device_Library/Core/Src/usbd_core.o
                0x0000000008006170                USBD_LL_SetSpeed
 .text.USBD_LL_Suspend
                0x000000000800618e       0x28 Middlewares/ST/STM32_USB_Device_Library/Core/Src/usbd_core.o
                0x000000000800618e                USBD_LL_Suspend
 .text.USBD_LL_Resume
                0x00000000080061b6       0x2a Middlewares/ST/STM32_USB_Device_Library/Core/Src/usbd_core.o
                0x00000000080061b6                USBD_LL_Resume
 .text.USBD_LL_SOF
                0x00000000080061e0       0x34 Middlewares/ST/STM32_USB_Device_Library/Core/Src/usbd_core.o
                0x00000000080061e0                USBD_LL_SOF
 .text.USBD_StdDevReq
                0x0000000008006214       0xd4 Middlewares/ST/STM32_USB_Device_Library/Core/Src/usbd_ctlreq.o
                0x0000000008006214                USBD_StdDevReq
 .text.USBD_StdItfReq
                0x00000000080062e8       0x8c Middlewares/ST/STM32_USB_Device_Library/Core/Src/usbd_ctlreq.o
                0x00000000080062e8                USBD_StdItfReq
 .text.USBD_StdEPReq
                0x0000000008006374      0x2ba Middlewares/ST/STM32_USB_Device_Library/Core/Src/usbd_ctlreq.o
                0x0000000008006374                USBD_StdEPReq
 *fill*         0x000000000800662e        0x2 
 .text.USBD_GetDescriptor
                0x0000000008006630      0x2f4 Middlewares/ST/STM32_USB_Device_Library/Core/Src/usbd_ctlreq.o
 .text.USBD_SetAddress
                0x0000000008006924       0x84 Middlewares/ST/STM32_USB_Device_Library/Core/Src/usbd_ctlreq.o
 .text.USBD_SetConfig
                0x00000000080069a8      0x11c Middlewares/ST/STM32_USB_Device_Library/Core/Src/usbd_ctlreq.o
 .text.USBD_GetConfig
                0x0000000008006ac4       0x68 Middlewares/ST/STM32_USB_Device_Library/Core/Src/usbd_ctlreq.o
 .text.USBD_GetStatus
                0x0000000008006b2c       0x66 Middlewares/ST/STM32_USB_Device_Library/Core/Src/usbd_ctlreq.o
 .text.USBD_SetFeature
                0x0000000008006b92       0x28 Middlewares/ST/STM32_USB_Device_Library/Core/Src/usbd_ctlreq.o
 .text.USBD_ClrFeature
                0x0000000008006bba       0x42 Middlewares/ST/STM32_USB_Device_Library/Core/Src/usbd_ctlreq.o
 .text.USBD_ParseSetupRequest
                0x0000000008006bfc       0x78 Middlewares/ST/STM32_USB_Device_Library/Core/Src/usbd_ctlreq.o
                0x0000000008006bfc                USBD_ParseSetupRequest
 .text.USBD_CtlError
                0x0000000008006c74       0x22 Middlewares/ST/STM32_USB_Device_Library/Core/Src/usbd_ctlreq.o
                0x0000000008006c74                USBD_CtlError
 .text.USBD_GetString
                0x0000000008006c96       0x84 Middlewares/ST/STM32_USB_Device_Library/Core/Src/usbd_ctlreq.o
                0x0000000008006c96                USBD_GetString
 .text.USBD_GetLen
                0x0000000008006d1a       0x2e Middlewares/ST/STM32_USB_Device_Library/Core/Src/usbd_ctlreq.o
 .text.USBD_CtlSendData
                0x0000000008006d48       0x38 Middlewares/ST/STM32_USB_Device_Library/Core/Src/usbd_ioreq.o
                0x0000000008006d48                USBD_CtlSendData
 .text.USBD_CtlContinueSendData
                0x0000000008006d80       0x24 Middlewares/ST/STM32_USB_Device_Library/Core/Src/usbd_ioreq.o
                0x0000000008006d80                USBD_CtlContinueSendData
 .text.USBD_CtlPrepareRx
                0x0000000008006da4       0x3c Middlewares/ST/STM32_USB_Device_Library/Core/Src/usbd_ioreq.o
                0x0000000008006da4                USBD_CtlPrepareRx
 .text.USBD_CtlContinueRx
                0x0000000008006de0       0x24 Middlewares/ST/STM32_USB_Device_Library/Core/Src/usbd_ioreq.o
                0x0000000008006de0                USBD_CtlContinueRx
 .text.USBD_CtlSendStatus
                0x0000000008006e04       0x26 Middlewares/ST/STM32_USB_Device_Library/Core/Src/usbd_ioreq.o
                0x0000000008006e04                USBD_CtlSendStatus
 .text.USBD_CtlReceiveStatus
                0x0000000008006e2a       0x26 Middlewares/ST/STM32_USB_Device_Library/Core/Src/usbd_ioreq.o
                0x0000000008006e2a                USBD_CtlReceiveStatus
 .text.FATFS_LinkDriverEx
                0x0000000008006e50       0x94 Middlewares/Third_Party/FatFs/src/ff_gen_drv.o
                0x0000000008006e50                FATFS_LinkDriverEx
 .text.FATFS_LinkDriver
                0x0000000008006ee4       0x1e Middlewares/Third_Party/FatFs/src/ff_gen_drv.o
                0x0000000008006ee4                FATFS_LinkDriver
 *fill*         0x0000000008006f02        0x2 
 .text.MX_USB_DEVICE_Init
                0x0000000008006f04       0x60 USB_DEVICE/App/usb_device.o
                0x0000000008006f04                MX_USB_DEVICE_Init
 .text.USBD_FS_DeviceDescriptor
                0x0000000008006f64       0x24 USB_DEVICE/App/usbd_desc.o
                0x0000000008006f64                USBD_FS_DeviceDescriptor
 .text.USBD_FS_LangIDStrDescriptor
                0x0000000008006f88       0x24 USB_DEVICE/App/usbd_desc.o
                0x0000000008006f88                USBD_FS_LangIDStrDescriptor
 .text.USBD_FS_ProductStrDescriptor
                0x0000000008006fac       0x3c USB_DEVICE/App/usbd_desc.o
                0x0000000008006fac                USBD_FS_ProductStrDescriptor
 .text.USBD_FS_ManufacturerStrDescriptor
                0x0000000008006fe8       0x28 USB_DEVICE/App/usbd_desc.o
                0x0000000008006fe8                USBD_FS_ManufacturerStrDescriptor
 .text.USBD_FS_SerialStrDescriptor
                0x0000000008007010       0x24 USB_DEVICE/App/usbd_desc.o
                0x0000000008007010                USBD_FS_SerialStrDescriptor
 .text.USBD_FS_ConfigStrDescriptor
                0x0000000008007034       0x3c USB_DEVICE/App/usbd_desc.o
                0x0000000008007034                USBD_FS_ConfigStrDescriptor
 .text.USBD_FS_InterfaceStrDescriptor
                0x0000000008007070       0x3c USB_DEVICE/App/usbd_desc.o
                0x0000000008007070                USBD_FS_InterfaceStrDescriptor
 .text.Get_SerialNum
                0x00000000080070ac       0x58 USB_DEVICE/App/usbd_desc.o
 .text.IntToUnicode
                0x0000000008007104       0x7a USB_DEVICE/App/usbd_desc.o
 .text.MEM_If_Init_FS
                0x000000000800717e        0xe USB_DEVICE/App/usbd_dfu_if.o
 .text.MEM_If_DeInit_FS
                0x000000000800718c        0xe USB_DEVICE/App/usbd_dfu_if.o
 .text.MEM_If_Erase_FS
                0x000000000800719a       0x14 USB_DEVICE/App/usbd_dfu_if.o
 .text.MEM_If_Write_FS
                0x00000000080071ae       0x18 USB_DEVICE/App/usbd_dfu_if.o
 .text.MEM_If_Read_FS
                0x00000000080071c6       0x18 USB_DEVICE/App/usbd_dfu_if.o
 .text.MEM_If_GetStatus_FS
                0x00000000080071de       0x24 USB_DEVICE/App/usbd_dfu_if.o
 *fill*         0x0000000008007202        0x2 
 .text.HAL_PCD_MspInit
                0x0000000008007204       0x94 USB_DEVICE/Target/usbd_conf.o
                0x0000000008007204                HAL_PCD_MspInit
 .text.HAL_PCD_SetupStageCallback
                0x0000000008007298       0x24 USB_DEVICE/Target/usbd_conf.o
                0x0000000008007298                HAL_PCD_SetupStageCallback
 .text.HAL_PCD_DataOutStageCallback
                0x00000000080072bc       0x30 USB_DEVICE/Target/usbd_conf.o
                0x00000000080072bc                HAL_PCD_DataOutStageCallback
 .text.HAL_PCD_DataInStageCallback
                0x00000000080072ec       0x2e USB_DEVICE/Target/usbd_conf.o
                0x00000000080072ec                HAL_PCD_DataInStageCallback
 .text.HAL_PCD_SOFCallback
                0x000000000800731a       0x1c USB_DEVICE/Target/usbd_conf.o
                0x000000000800731a                HAL_PCD_SOFCallback
 .text.HAL_PCD_ResetCallback
                0x0000000008007336       0x3c USB_DEVICE/Target/usbd_conf.o
                0x0000000008007336                HAL_PCD_ResetCallback
 *fill*         0x0000000008007372        0x2 
 .text.HAL_PCD_SuspendCallback
                0x0000000008007374       0x34 USB_DEVICE/Target/usbd_conf.o
                0x0000000008007374                HAL_PCD_SuspendCallback
 .text.HAL_PCD_ResumeCallback
                0x00000000080073a8       0x1c USB_DEVICE/Target/usbd_conf.o
                0x00000000080073a8                HAL_PCD_ResumeCallback
 .text.USBD_LL_Init
                0x00000000080073c4       0x80 USB_DEVICE/Target/usbd_conf.o
                0x00000000080073c4                USBD_LL_Init
 .text.USBD_LL_Start
                0x0000000008007444       0x36 USB_DEVICE/Target/usbd_conf.o
                0x0000000008007444                USBD_LL_Start
 .text.USBD_LL_Stop
                0x000000000800747a       0x36 USB_DEVICE/Target/usbd_conf.o
                0x000000000800747a                USBD_LL_Stop
 .text.USBD_LL_OpenEP
                0x00000000080074b0       0x4c USB_DEVICE/Target/usbd_conf.o
                0x00000000080074b0                USBD_LL_OpenEP
 .text.USBD_LL_StallEP
                0x00000000080074fc       0x3e USB_DEVICE/Target/usbd_conf.o
                0x00000000080074fc                USBD_LL_StallEP
 .text.USBD_LL_ClearStallEP
                0x000000000800753a       0x3e USB_DEVICE/Target/usbd_conf.o
                0x000000000800753a                USBD_LL_ClearStallEP
 .text.USBD_LL_IsStallEP
                0x0000000008007578       0x4a USB_DEVICE/Target/usbd_conf.o
                0x0000000008007578                USBD_LL_IsStallEP
 .text.USBD_LL_SetUSBAddress
                0x00000000080075c2       0x3e USB_DEVICE/Target/usbd_conf.o
                0x00000000080075c2                USBD_LL_SetUSBAddress
 .text.USBD_LL_Transmit
                0x0000000008007600       0x46 USB_DEVICE/Target/usbd_conf.o
                0x0000000008007600                USBD_LL_Transmit
 .text.USBD_LL_PrepareReceive
                0x0000000008007646       0x46 USB_DEVICE/Target/usbd_conf.o
                0x0000000008007646                USBD_LL_PrepareReceive
 .text.USBD_static_malloc
                0x000000000800768c       0x18 USB_DEVICE/Target/usbd_conf.o
                0x000000000800768c                USBD_static_malloc
 .text.USBD_static_free
                0x00000000080076a4       0x12 USB_DEVICE/Target/usbd_conf.o
                0x00000000080076a4                USBD_static_free
 .text.HAL_PCDEx_SetConnectionState
                0x00000000080076b6       0x16 USB_DEVICE/Target/usbd_conf.o
                0x00000000080076b6                HAL_PCDEx_SetConnectionState
 .text.USBD_Get_USB_Status
                0x00000000080076cc       0x58 USB_DEVICE/Target/usbd_conf.o
 .text.__libc_init_array
                0x0000000008007724       0x48 d:/program files/st/stm32cubeide_1.4.0/stm32cubeide/plugins/com.st.stm32cube.ide.mcu.externaltools.gnu-tools-for-stm32.7-2018-q2-update.win32_1.4.0.202007081208/tools/bin/../lib/gcc/arm-none-eabi/7.3.1/../../../../arm-none-eabi/lib/thumb/v7-m\libc_nano.a(lib_a-init.o)
                0x0000000008007724                __libc_init_array
 .text.memset   0x000000000800776c       0x10 d:/program files/st/stm32cubeide_1.4.0/stm32cubeide/plugins/com.st.stm32cube.ide.mcu.externaltools.gnu-tools-for-stm32.7-2018-q2-update.win32_1.4.0.202007081208/tools/bin/../lib/gcc/arm-none-eabi/7.3.1/../../../../arm-none-eabi/lib/thumb/v7-m\libc_nano.a(lib_a-memset.o)
                0x000000000800776c                memset
 *(.glue_7)
 .glue_7        0x000000000800777c        0x0 linker stubs
 *(.glue_7t)
 .glue_7t       0x000000000800777c        0x0 linker stubs
 *(.eh_frame)
 .eh_frame      0x000000000800777c        0x0 d:/program files/st/stm32cubeide_1.4.0/stm32cubeide/plugins/com.st.stm32cube.ide.mcu.externaltools.gnu-tools-for-stm32.7-2018-q2-update.win32_1.4.0.202007081208/tools/bin/../lib/gcc/arm-none-eabi/7.3.1/thumb/v7-m/crtbegin.o
 *(.init)
 .init          0x000000000800777c        0x4 d:/program files/st/stm32cubeide_1.4.0/stm32cubeide/plugins/com.st.stm32cube.ide.mcu.externaltools.gnu-tools-for-stm32.7-2018-q2-update.win32_1.4.0.202007081208/tools/bin/../lib/gcc/arm-none-eabi/7.3.1/thumb/v7-m/crti.o
                0x000000000800777c                _init
 .init          0x0000000008007780        0x8 d:/program files/st/stm32cubeide_1.4.0/stm32cubeide/plugins/com.st.stm32cube.ide.mcu.externaltools.gnu-tools-for-stm32.7-2018-q2-update.win32_1.4.0.202007081208/tools/bin/../lib/gcc/arm-none-eabi/7.3.1/thumb/v7-m/crtn.o
 *(.fini)
 .fini          0x0000000008007788        0x4 d:/program files/st/stm32cubeide_1.4.0/stm32cubeide/plugins/com.st.stm32cube.ide.mcu.externaltools.gnu-tools-for-stm32.7-2018-q2-update.win32_1.4.0.202007081208/tools/bin/../lib/gcc/arm-none-eabi/7.3.1/thumb/v7-m/crti.o
                0x0000000008007788                _fini
 .fini          0x000000000800778c        0x8 d:/program files/st/stm32cubeide_1.4.0/stm32cubeide/plugins/com.st.stm32cube.ide.mcu.externaltools.gnu-tools-for-stm32.7-2018-q2-update.win32_1.4.0.202007081208/tools/bin/../lib/gcc/arm-none-eabi/7.3.1/thumb/v7-m/crtn.o
                0x0000000008007794                . = ALIGN (0x4)
                0x0000000008007794                _etext = .

.vfp11_veneer   0x0000000008007794        0x0
 .vfp11_veneer  0x0000000008007794        0x0 linker stubs

.v4_bx          0x0000000008007794        0x0
 .v4_bx         0x0000000008007794        0x0 linker stubs

.iplt           0x0000000008007794        0x0
 .iplt          0x0000000008007794        0x0 d:/program files/st/stm32cubeide_1.4.0/stm32cubeide/plugins/com.st.stm32cube.ide.mcu.externaltools.gnu-tools-for-stm32.7-2018-q2-update.win32_1.4.0.202007081208/tools/bin/../lib/gcc/arm-none-eabi/7.3.1/thumb/v7-m/crtbegin.o

.rodata         0x0000000008007794       0xdc
                0x0000000008007794                . = ALIGN (0x4)
 *(.rodata)
 .rodata        0x0000000008007794       0x12 Drivers/STM32F1xx_HAL_Driver/Src/stm32f1xx_hal_rcc.o
 *fill*         0x00000000080077a6        0x2 
 .rodata        0x00000000080077a8       0x4e USB_DEVICE/App/usbd_desc.o
 *fill*         0x00000000080077f6        0x2 
 .rodata        0x00000000080077f8       0x5d USB_DEVICE/App/usbd_dfu_if.o
 *(.rodata*)
 *fill*         0x0000000008007855        0x3 
 .rodata.AHBPrescTable
                0x0000000008007858       0x10 Core/Src/system_stm32f1xx.o
                0x0000000008007858                AHBPrescTable
 .rodata.APBPrescTable
                0x0000000008007868        0x8 Core/Src/system_stm32f1xx.o
                0x0000000008007868                APBPrescTable
                0x0000000008007870                . = ALIGN (0x4)

.rel.dyn        0x0000000008007870        0x0
 .rel.iplt      0x0000000008007870        0x0 d:/program files/st/stm32cubeide_1.4.0/stm32cubeide/plugins/com.st.stm32cube.ide.mcu.externaltools.gnu-tools-for-stm32.7-2018-q2-update.win32_1.4.0.202007081208/tools/bin/../lib/gcc/arm-none-eabi/7.3.1/thumb/v7-m/crtbegin.o

.ARM.extab      0x0000000008007870        0x0
                0x0000000008007870                . = ALIGN (0x4)
 *(.ARM.extab* .gnu.linkonce.armextab.*)
                0x0000000008007870                . = ALIGN (0x4)

.ARM            0x0000000008007870        0x0
                0x0000000008007870                . = ALIGN (0x4)
                0x0000000008007870                __exidx_start = .
 *(.ARM.exidx*)
                0x0000000008007870                __exidx_end = .
                0x0000000008007870                . = ALIGN (0x4)

.preinit_array  0x0000000008007870        0x0
                0x0000000008007870                . = ALIGN (0x4)
                0x0000000008007870                PROVIDE (__preinit_array_start = .)
 *(.preinit_array*)
                0x0000000008007870                PROVIDE (__preinit_array_end = .)
                0x0000000008007870                . = ALIGN (0x4)

.init_array     0x0000000008007870        0x4
                0x0000000008007870                . = ALIGN (0x4)
                0x0000000008007870                PROVIDE (__init_array_start = .)
 *(SORT_BY_NAME(.init_array.*))
 *(.init_array*)
 .init_array    0x0000000008007870        0x4 d:/program files/st/stm32cubeide_1.4.0/stm32cubeide/plugins/com.st.stm32cube.ide.mcu.externaltools.gnu-tools-for-stm32.7-2018-q2-update.win32_1.4.0.202007081208/tools/bin/../lib/gcc/arm-none-eabi/7.3.1/thumb/v7-m/crtbegin.o
                0x0000000008007874                PROVIDE (__init_array_end = .)
                0x0000000008007874                . = ALIGN (0x4)

.fini_array     0x0000000008007874        0x4
                0x0000000008007874                . = ALIGN (0x4)
                [!provide]                        PROVIDE (__fini_array_start = .)
 *(SORT_BY_NAME(.fini_array.*))
 *(.fini_array*)
 .fini_array    0x0000000008007874        0x4 d:/program files/st/stm32cubeide_1.4.0/stm32cubeide/plugins/com.st.stm32cube.ide.mcu.externaltools.gnu-tools-for-stm32.7-2018-q2-update.win32_1.4.0.202007081208/tools/bin/../lib/gcc/arm-none-eabi/7.3.1/thumb/v7-m/crtbegin.o
                [!provide]                        PROVIDE (__fini_array_end = .)
                0x0000000008007878                . = ALIGN (0x4)
                0x0000000008007878                _sidata = LOADADDR (.data)

.data           0x0000000020000000       0xf0 load address 0x0000000008007878
                0x0000000020000000                . = ALIGN (0x4)
                0x0000000020000000                _sdata = .
 *(.data)
 *(.data*)
 .data.SystemCoreClock
                0x0000000020000000        0x4 Core/Src/system_stm32f1xx.o
                0x0000000020000000                SystemCoreClock
 .data.uwTickPrio
                0x0000000020000004        0x4 Drivers/STM32F1xx_HAL_Driver/Src/stm32f1xx_hal.o
                0x0000000020000004                uwTickPrio
 .data.uwTickFreq
                0x0000000020000008        0x1 Drivers/STM32F1xx_HAL_Driver/Src/stm32f1xx_hal.o
                0x0000000020000008                uwTickFreq
 .data.Stat     0x0000000020000009        0x1 FATFS/Target/user_diskio.o
 *fill*         0x000000002000000a        0x2 
 .data.USER_Driver
                0x000000002000000c       0x14 FATFS/Target/user_diskio.o
                0x000000002000000c                USER_Driver
 .data.USBD_DFU
                0x0000000020000020       0x3c Middlewares/ST/STM32_USB_Device_Library/Class/DFU/Src/usbd_dfu.o
                0x0000000020000020                USBD_DFU
 .data.USBD_DFU_CfgDesc
                0x000000002000005c       0x1b Middlewares/ST/STM32_USB_Device_Library/Class/DFU/Src/usbd_dfu.o
 *fill*         0x0000000020000077        0x1 
 .data.USBD_DFU_DeviceQualifierDesc
                0x0000000020000078        0xa Middlewares/ST/STM32_USB_Device_Library/Class/DFU/Src/usbd_dfu.o
 *fill*         0x0000000020000082        0x2 
 .data.FS_Desc  0x0000000020000084       0x1c USB_DEVICE/App/usbd_desc.o
                0x0000000020000084                FS_Desc
 .data.USBD_FS_DeviceDesc
                0x00000000200000a0       0x12 USB_DEVICE/App/usbd_desc.o
                0x00000000200000a0                USBD_FS_DeviceDesc
 *fill*         0x00000000200000b2        0x2 
 .data.USBD_LangIDDesc
                0x00000000200000b4        0x4 USB_DEVICE/App/usbd_desc.o
                0x00000000200000b4                USBD_LangIDDesc
 .data.USBD_StringSerial
                0x00000000200000b8       0x1a USB_DEVICE/App/usbd_desc.o
                0x00000000200000b8                USBD_StringSerial
 *fill*         0x00000000200000d2        0x2 
 .data.USBD_DFU_fops_FS
                0x00000000200000d4       0x1c USB_DEVICE/App/usbd_dfu_if.o
                0x00000000200000d4                USBD_DFU_fops_FS
                0x00000000200000f0                . = ALIGN (0x4)
                0x00000000200000f0                _edata = .

.igot.plt       0x00000000200000f0        0x0 load address 0x0000000008007968
 .igot.plt      0x00000000200000f0        0x0 d:/program files/st/stm32cubeide_1.4.0/stm32cubeide/plugins/com.st.stm32cube.ide.mcu.externaltools.gnu-tools-for-stm32.7-2018-q2-update.win32_1.4.0.202007081208/tools/bin/../lib/gcc/arm-none-eabi/7.3.1/thumb/v7-m/crtbegin.o
                0x00000000200000f0                . = ALIGN (0x4)

.bss            0x00000000200000f0     0x1f04 load address 0x0000000008007968
                0x00000000200000f0                _sbss = .
                0x00000000200000f0                __bss_start__ = _sbss
 *(.bss)
 .bss           0x00000000200000f0       0x1c d:/program files/st/stm32cubeide_1.4.0/stm32cubeide/plugins/com.st.stm32cube.ide.mcu.externaltools.gnu-tools-for-stm32.7-2018-q2-update.win32_1.4.0.202007081208/tools/bin/../lib/gcc/arm-none-eabi/7.3.1/thumb/v7-m/crtbegin.o
 *(.bss*)
 .bss.USBD_StrDesc.8582
                0x000000002000010c       0xff Middlewares/ST/STM32_USB_Device_Library/Class/DFU/Src/usbd_dfu.o
 .bss.cfgidx.8515
                0x000000002000020b        0x1 Middlewares/ST/STM32_USB_Device_Library/Core/Src/usbd_ctlreq.o
 .bss.disk      0x000000002000020c        0xc Middlewares/Third_Party/FatFs/src/ff_gen_drv.o
                0x000000002000020c                disk
 .bss.mem.8588  0x0000000020000218      0x420 USB_DEVICE/Target/usbd_conf.o
 *(COMMON)
 COMMON         0x0000000020000638      0x214 Core/Src/main.o
                0x0000000020000638                hspi2
                0x0000000020000690                hadc2
                0x00000000200006c0                htim3
                0x0000000020000700                hadc1
                0x0000000020000730                huart1
                0x0000000020000770                htim1
                0x00000000200007b0                hspi1
                0x0000000020000808                htim2
                0x0000000020000848                current_millis
 COMMON         0x000000002000084c        0x4 Core/Src/stm32f1xx_it.o
                0x000000002000084c                millis_counter
 COMMON         0x0000000020000850        0xc Core/Src/util.o
                0x0000000020000850                micros_timer
                0x0000000020000858                millis_timer
 COMMON         0x000000002000085c        0x4 Drivers/STM32F1xx_HAL_Driver/Src/stm32f1xx_hal.o
                0x000000002000085c                uwTick
 COMMON         0x0000000020000860     0x1064 FATFS/App/fatfs.o
                0x0000000020000860                USERPath
                0x0000000020000864                retUSER
                0x0000000020000868                USERFile
                0x0000000020000894                USERFatFS
 COMMON         0x00000000200018c4      0x2c4 USB_DEVICE/App/usb_device.o
                0x00000000200018c4                hUsbDeviceFS
 COMMON         0x0000000020001b88      0x200 USB_DEVICE/App/usbd_desc.o
                0x0000000020001b88                USBD_StrDesc
 COMMON         0x0000000020001d88      0x26c USB_DEVICE/Target/usbd_conf.o
                0x0000000020001d88                hpcd_USB_FS
                0x0000000020001ff4                . = ALIGN (0x4)
                0x0000000020001ff4                _ebss = .
                0x0000000020001ff4                __bss_end__ = _ebss

._user_heap_stack
                0x0000000020001ff4      0x604 load address 0x0000000008007968
                0x0000000020001ff8                . = ALIGN (0x8)
 *fill*         0x0000000020001ff4        0x4 
                [!provide]                        PROVIDE (end = .)
                0x0000000020001ff8                PROVIDE (_end = .)
                0x00000000200021f8                . = (. + _Min_Heap_Size)
 *fill*         0x0000000020001ff8      0x200 
                0x00000000200025f8                . = (. + _Min_Stack_Size)
 *fill*         0x00000000200021f8      0x400 
                0x00000000200025f8                . = ALIGN (0x8)

/DISCARD/
 libc.a(*)
 libm.a(*)
 libgcc.a(*)

.ARM.attributes
                0x0000000000000000       0x29
 *(.ARM.attributes)
 .ARM.attributes
                0x0000000000000000       0x1d d:/program files/st/stm32cubeide_1.4.0/stm32cubeide/plugins/com.st.stm32cube.ide.mcu.externaltools.gnu-tools-for-stm32.7-2018-q2-update.win32_1.4.0.202007081208/tools/bin/../lib/gcc/arm-none-eabi/7.3.1/thumb/v7-m/crti.o
 .ARM.attributes
                0x000000000000001d       0x2d d:/program files/st/stm32cubeide_1.4.0/stm32cubeide/plugins/com.st.stm32cube.ide.mcu.externaltools.gnu-tools-for-stm32.7-2018-q2-update.win32_1.4.0.202007081208/tools/bin/../lib/gcc/arm-none-eabi/7.3.1/thumb/v7-m/crtbegin.o
 .ARM.attributes
                0x000000000000004a       0x33 Core/Src/main.o
 .ARM.attributes
                0x000000000000007d       0x33 Core/Src/stm32f1xx_hal_msp.o
 .ARM.attributes
                0x00000000000000b0       0x33 Core/Src/stm32f1xx_it.o
 .ARM.attributes
                0x00000000000000e3       0x33 Core/Src/system_stm32f1xx.o
 .ARM.attributes
                0x0000000000000116       0x33 Core/Src/util.o
 .ARM.attributes
                0x0000000000000149       0x21 Core/Startup/startup_stm32f103c8tx.o
 .ARM.attributes
                0x000000000000016a       0x33 Drivers/STM32F1xx_HAL_Driver/Src/stm32f1xx_hal.o
 .ARM.attributes
                0x000000000000019d       0x33 Drivers/STM32F1xx_HAL_Driver/Src/stm32f1xx_hal_adc.o
 .ARM.attributes
                0x00000000000001d0       0x33 Drivers/STM32F1xx_HAL_Driver/Src/stm32f1xx_hal_cortex.o
 .ARM.attributes
                0x0000000000000203       0x33 Drivers/STM32F1xx_HAL_Driver/Src/stm32f1xx_hal_gpio.o
 .ARM.attributes
                0x0000000000000236       0x33 Drivers/STM32F1xx_HAL_Driver/Src/stm32f1xx_hal_pcd.o
 .ARM.attributes
                0x0000000000000269       0x33 Drivers/STM32F1xx_HAL_Driver/Src/stm32f1xx_hal_pcd_ex.o
 .ARM.attributes
                0x000000000000029c       0x33 Drivers/STM32F1xx_HAL_Driver/Src/stm32f1xx_hal_rcc.o
 .ARM.attributes
                0x00000000000002cf       0x33 Drivers/STM32F1xx_HAL_Driver/Src/stm32f1xx_hal_rcc_ex.o
 .ARM.attributes
                0x0000000000000302       0x33 Drivers/STM32F1xx_HAL_Driver/Src/stm32f1xx_hal_spi.o
 .ARM.attributes
                0x0000000000000335       0x33 Drivers/STM32F1xx_HAL_Driver/Src/stm32f1xx_hal_tim.o
 .ARM.attributes
                0x0000000000000368       0x33 Drivers/STM32F1xx_HAL_Driver/Src/stm32f1xx_hal_tim_ex.o
 .ARM.attributes
                0x000000000000039b       0x33 Drivers/STM32F1xx_HAL_Driver/Src/stm32f1xx_hal_uart.o
 .ARM.attributes
                0x00000000000003ce       0x33 Drivers/STM32F1xx_HAL_Driver/Src/stm32f1xx_ll_usb.o
 .ARM.attributes
                0x0000000000000401       0x33 FATFS/App/fatfs.o
 .ARM.attributes
                0x0000000000000434       0x33 FATFS/Target/user_diskio.o
 .ARM.attributes
                0x0000000000000467       0x33 Middlewares/ST/STM32_USB_Device_Library/Class/DFU/Src/usbd_dfu.o
 .ARM.attributes
                0x000000000000049a       0x33 Middlewares/ST/STM32_USB_Device_Library/Core/Src/usbd_core.o
 .ARM.attributes
                0x00000000000004cd       0x33 Middlewares/ST/STM32_USB_Device_Library/Core/Src/usbd_ctlreq.o
 .ARM.attributes
                0x0000000000000500       0x33 Middlewares/ST/STM32_USB_Device_Library/Core/Src/usbd_ioreq.o
 .ARM.attributes
                0x0000000000000533       0x33 Middlewares/Third_Party/FatFs/src/ff_gen_drv.o
 .ARM.attributes
                0x0000000000000566       0x33 USB_DEVICE/App/usb_device.o
 .ARM.attributes
                0x0000000000000599       0x33 USB_DEVICE/App/usbd_desc.o
 .ARM.attributes
                0x00000000000005cc       0x33 USB_DEVICE/App/usbd_dfu_if.o
 .ARM.attributes
                0x00000000000005ff       0x33 USB_DEVICE/Target/usbd_conf.o
 .ARM.attributes
                0x0000000000000632       0x2d d:/program files/st/stm32cubeide_1.4.0/stm32cubeide/plugins/com.st.stm32cube.ide.mcu.externaltools.gnu-tools-for-stm32.7-2018-q2-update.win32_1.4.0.202007081208/tools/bin/../lib/gcc/arm-none-eabi/7.3.1/../../../../arm-none-eabi/lib/thumb/v7-m\libc_nano.a(lib_a-init.o)
 .ARM.attributes
                0x000000000000065f       0x2d d:/program files/st/stm32cubeide_1.4.0/stm32cubeide/plugins/com.st.stm32cube.ide.mcu.externaltools.gnu-tools-for-stm32.7-2018-q2-update.win32_1.4.0.202007081208/tools/bin/../lib/gcc/arm-none-eabi/7.3.1/../../../../arm-none-eabi/lib/thumb/v7-m\libc_nano.a(lib_a-memset.o)
 .ARM.attributes
                0x000000000000068c       0x1d d:/program files/st/stm32cubeide_1.4.0/stm32cubeide/plugins/com.st.stm32cube.ide.mcu.externaltools.gnu-tools-for-stm32.7-2018-q2-update.win32_1.4.0.202007081208/tools/bin/../lib/gcc/arm-none-eabi/7.3.1/thumb/v7-m/crtn.o
OUTPUT(GEIGERCOUNTER.elf elf32-littlearm)

.debug_info     0x0000000000000000    0x1a787
 .debug_info    0x0000000000000000     0x1fcf Core/Src/main.o
 .debug_info    0x0000000000001fcf     0x12e3 Core/Src/stm32f1xx_hal_msp.o
 .debug_info    0x00000000000032b2      0xda6 Core/Src/stm32f1xx_it.o
 .debug_info    0x0000000000004058      0x433 Core/Src/system_stm32f1xx.o
 .debug_info    0x000000000000448b       0x8e Core/Src/util.o
 .debug_info    0x0000000000004519       0x22 Core/Startup/startup_stm32f103c8tx.o
 .debug_info    0x000000000000453b      0x6fe Drivers/STM32F1xx_HAL_Driver/Src/stm32f1xx_hal.o
 .debug_info    0x0000000000004c39      0xc61 Drivers/STM32F1xx_HAL_Driver/Src/stm32f1xx_hal_adc.o
 .debug_info    0x000000000000589a      0xb46 Drivers/STM32F1xx_HAL_Driver/Src/stm32f1xx_hal_cortex.o
 .debug_info    0x00000000000063e0      0x681 Drivers/STM32F1xx_HAL_Driver/Src/stm32f1xx_hal_gpio.o
 .debug_info    0x0000000000006a61      0xe38 Drivers/STM32F1xx_HAL_Driver/Src/stm32f1xx_hal_pcd.o
 .debug_info    0x0000000000007899      0x760 Drivers/STM32F1xx_HAL_Driver/Src/stm32f1xx_hal_pcd_ex.o
 .debug_info    0x0000000000007ff9      0x804 Drivers/STM32F1xx_HAL_Driver/Src/stm32f1xx_hal_rcc.o
 .debug_info    0x00000000000087fd      0x439 Drivers/STM32F1xx_HAL_Driver/Src/stm32f1xx_hal_rcc_ex.o
 .debug_info    0x0000000000008c36     0x153a Drivers/STM32F1xx_HAL_Driver/Src/stm32f1xx_hal_spi.o
 .debug_info    0x000000000000a170     0x2456 Drivers/STM32F1xx_HAL_Driver/Src/stm32f1xx_hal_tim.o
 .debug_info    0x000000000000c5c6     0x1104 Drivers/STM32F1xx_HAL_Driver/Src/stm32f1xx_hal_tim_ex.o
 .debug_info    0x000000000000d6ca     0x11e3 Drivers/STM32F1xx_HAL_Driver/Src/stm32f1xx_hal_uart.o
 .debug_info    0x000000000000e8ad     0x14f9 Drivers/STM32F1xx_HAL_Driver/Src/stm32f1xx_ll_usb.o
 .debug_info    0x000000000000fda6      0x55b FATFS/App/fatfs.o
 .debug_info    0x0000000000010301      0xc1c FATFS/Target/user_diskio.o
 .debug_info    0x0000000000010f1d     0x179b Middlewares/ST/STM32_USB_Device_Library/Class/DFU/Src/usbd_dfu.o
 .debug_info    0x00000000000126b8     0x11ed Middlewares/ST/STM32_USB_Device_Library/Core/Src/usbd_core.o
 .debug_info    0x00000000000138a5     0x115d Middlewares/ST/STM32_USB_Device_Library/Core/Src/usbd_ctlreq.o
 .debug_info    0x0000000000014a02      0xf4e Middlewares/ST/STM32_USB_Device_Library/Core/Src/usbd_ioreq.o
 .debug_info    0x0000000000015950      0x451 Middlewares/Third_Party/FatFs/src/ff_gen_drv.o
 .debug_info    0x0000000000015da1      0xed9 USB_DEVICE/App/usb_device.o
 .debug_info    0x0000000000016c7a      0xd07 USB_DEVICE/App/usbd_desc.o
 .debug_info    0x0000000000017981      0xfe2 USB_DEVICE/App/usbd_dfu_if.o
 .debug_info    0x0000000000018963     0x1e24 USB_DEVICE/Target/usbd_conf.o

.debug_abbrev   0x0000000000000000     0x3a76
 .debug_abbrev  0x0000000000000000      0x2c5 Core/Src/main.o
 .debug_abbrev  0x00000000000002c5      0x1de Core/Src/stm32f1xx_hal_msp.o
 .debug_abbrev  0x00000000000004a3      0x1ae Core/Src/stm32f1xx_it.o
 .debug_abbrev  0x0000000000000651      0x134 Core/Src/system_stm32f1xx.o
 .debug_abbrev  0x0000000000000785       0x52 Core/Src/util.o
 .debug_abbrev  0x00000000000007d7       0x12 Core/Startup/startup_stm32f103c8tx.o
 .debug_abbrev  0x00000000000007e9      0x1d8 Drivers/STM32F1xx_HAL_Driver/Src/stm32f1xx_hal.o
 .debug_abbrev  0x00000000000009c1      0x1d5 Drivers/STM32F1xx_HAL_Driver/Src/stm32f1xx_hal_adc.o
 .debug_abbrev  0x0000000000000b96      0x2d5 Drivers/STM32F1xx_HAL_Driver/Src/stm32f1xx_hal_cortex.o
 .debug_abbrev  0x0000000000000e6b      0x1c0 Drivers/STM32F1xx_HAL_Driver/Src/stm32f1xx_hal_gpio.o
 .debug_abbrev  0x000000000000102b      0x263 Drivers/STM32F1xx_HAL_Driver/Src/stm32f1xx_hal_pcd.o
 .debug_abbrev  0x000000000000128e      0x188 Drivers/STM32F1xx_HAL_Driver/Src/stm32f1xx_hal_pcd_ex.o
 .debug_abbrev  0x0000000000001416      0x243 Drivers/STM32F1xx_HAL_Driver/Src/stm32f1xx_hal_rcc.o
 .debug_abbrev  0x0000000000001659      0x175 Drivers/STM32F1xx_HAL_Driver/Src/stm32f1xx_hal_rcc_ex.o
 .debug_abbrev  0x00000000000017ce      0x240 Drivers/STM32F1xx_HAL_Driver/Src/stm32f1xx_hal_spi.o
 .debug_abbrev  0x0000000000001a0e      0x230 Drivers/STM32F1xx_HAL_Driver/Src/stm32f1xx_hal_tim.o
 .debug_abbrev  0x0000000000001c3e      0x21e Drivers/STM32F1xx_HAL_Driver/Src/stm32f1xx_hal_tim_ex.o
 .debug_abbrev  0x0000000000001e5c      0x242 Drivers/STM32F1xx_HAL_Driver/Src/stm32f1xx_hal_uart.o
 .debug_abbrev  0x000000000000209e      0x1c5 Drivers/STM32F1xx_HAL_Driver/Src/stm32f1xx_ll_usb.o
 .debug_abbrev  0x0000000000002263      0x17d FATFS/App/fatfs.o
 .debug_abbrev  0x00000000000023e0      0x200 FATFS/Target/user_diskio.o
 .debug_abbrev  0x00000000000025e0      0x2e6 Middlewares/ST/STM32_USB_Device_Library/Class/DFU/Src/usbd_dfu.o
 .debug_abbrev  0x00000000000028c6      0x270 Middlewares/ST/STM32_USB_Device_Library/Core/Src/usbd_core.o
 .debug_abbrev  0x0000000000002b36      0x2a0 Middlewares/ST/STM32_USB_Device_Library/Core/Src/usbd_ctlreq.o
 .debug_abbrev  0x0000000000002dd6      0x1e0 Middlewares/ST/STM32_USB_Device_Library/Core/Src/usbd_ioreq.o
 .debug_abbrev  0x0000000000002fb6      0x19c Middlewares/Third_Party/FatFs/src/ff_gen_drv.o
 .debug_abbrev  0x0000000000003152      0x1be USB_DEVICE/App/usb_device.o
 .debug_abbrev  0x0000000000003310      0x290 USB_DEVICE/App/usbd_desc.o
 .debug_abbrev  0x00000000000035a0      0x1f2 USB_DEVICE/App/usbd_dfu_if.o
 .debug_abbrev  0x0000000000003792      0x2e4 USB_DEVICE/Target/usbd_conf.o

.debug_aranges  0x0000000000000000     0x15c0
 .debug_aranges
                0x0000000000000000       0x78 Core/Src/main.o
 .debug_aranges
                0x0000000000000078       0x68 Core/Src/stm32f1xx_hal_msp.o
 .debug_aranges
                0x00000000000000e0       0xa0 Core/Src/stm32f1xx_it.o
 .debug_aranges
                0x0000000000000180       0x28 Core/Src/system_stm32f1xx.o
 .debug_aranges
                0x00000000000001a8       0x28 Core/Src/util.o
 .debug_aranges
                0x00000000000001d0       0x28 Core/Startup/startup_stm32f103c8tx.o
 .debug_aranges
                0x00000000000001f8       0xe0 Drivers/STM32F1xx_HAL_Driver/Src/stm32f1xx_hal.o
 .debug_aranges
                0x00000000000002d8       0xf0 Drivers/STM32F1xx_HAL_Driver/Src/stm32f1xx_hal_adc.o
 .debug_aranges
                0x00000000000003c8      0x100 Drivers/STM32F1xx_HAL_Driver/Src/stm32f1xx_hal_cortex.o
 .debug_aranges
                0x00000000000004c8       0x58 Drivers/STM32F1xx_HAL_Driver/Src/stm32f1xx_hal_gpio.o
 .debug_aranges
                0x0000000000000520      0x120 Drivers/STM32F1xx_HAL_Driver/Src/stm32f1xx_hal_pcd.o
 .debug_aranges
                0x0000000000000640       0x38 Drivers/STM32F1xx_HAL_Driver/Src/stm32f1xx_hal_pcd_ex.o
 .debug_aranges
                0x0000000000000678       0x90 Drivers/STM32F1xx_HAL_Driver/Src/stm32f1xx_hal_rcc.o
 .debug_aranges
                0x0000000000000708       0x30 Drivers/STM32F1xx_HAL_Driver/Src/stm32f1xx_hal_rcc_ex.o
 .debug_aranges
                0x0000000000000738      0x1d0 Drivers/STM32F1xx_HAL_Driver/Src/stm32f1xx_hal_spi.o
 .debug_aranges
                0x0000000000000908      0x3a8 Drivers/STM32F1xx_HAL_Driver/Src/stm32f1xx_hal_tim.o
 .debug_aranges
                0x0000000000000cb0      0x150 Drivers/STM32F1xx_HAL_Driver/Src/stm32f1xx_hal_tim_ex.o
 .debug_aranges
                0x0000000000000e00      0x1d0 Drivers/STM32F1xx_HAL_Driver/Src/stm32f1xx_hal_uart.o
 .debug_aranges
                0x0000000000000fd0      0x108 Drivers/STM32F1xx_HAL_Driver/Src/stm32f1xx_ll_usb.o
 .debug_aranges
                0x00000000000010d8       0x28 FATFS/App/fatfs.o
 .debug_aranges
                0x0000000000001100       0x40 FATFS/Target/user_diskio.o
 .debug_aranges
                0x0000000000001140       0xd0 Middlewares/ST/STM32_USB_Device_Library/Class/DFU/Src/usbd_dfu.o
 .debug_aranges
                0x0000000000001210       0xb8 Middlewares/ST/STM32_USB_Device_Library/Core/Src/usbd_core.o
 .debug_aranges
                0x00000000000012c8       0x88 Middlewares/ST/STM32_USB_Device_Library/Core/Src/usbd_ctlreq.o
 .debug_aranges
                0x0000000000001350       0x50 Middlewares/ST/STM32_USB_Device_Library/Core/Src/usbd_ioreq.o
 .debug_aranges
                0x00000000000013a0       0x40 Middlewares/Third_Party/FatFs/src/ff_gen_drv.o
 .debug_aranges
                0x00000000000013e0       0x20 USB_DEVICE/App/usb_device.o
 .debug_aranges
                0x0000000000001400       0x60 USB_DEVICE/App/usbd_desc.o
 .debug_aranges
                0x0000000000001460       0x48 USB_DEVICE/App/usbd_dfu_if.o
 .debug_aranges
                0x00000000000014a8      0x118 USB_DEVICE/Target/usbd_conf.o

.debug_ranges   0x0000000000000000     0x13e8
 .debug_ranges  0x0000000000000000       0x68 Core/Src/main.o
 .debug_ranges  0x0000000000000068       0x58 Core/Src/stm32f1xx_hal_msp.o
 .debug_ranges  0x00000000000000c0       0x90 Core/Src/stm32f1xx_it.o
 .debug_ranges  0x0000000000000150       0x18 Core/Src/system_stm32f1xx.o
 .debug_ranges  0x0000000000000168       0x18 Core/Src/util.o
 .debug_ranges  0x0000000000000180       0x20 Core/Startup/startup_stm32f103c8tx.o
 .debug_ranges  0x00000000000001a0       0xd0 Drivers/STM32F1xx_HAL_Driver/Src/stm32f1xx_hal.o
 .debug_ranges  0x0000000000000270       0xe0 Drivers/STM32F1xx_HAL_Driver/Src/stm32f1xx_hal_adc.o
 .debug_ranges  0x0000000000000350       0xf0 Drivers/STM32F1xx_HAL_Driver/Src/stm32f1xx_hal_cortex.o
 .debug_ranges  0x0000000000000440       0x48 Drivers/STM32F1xx_HAL_Driver/Src/stm32f1xx_hal_gpio.o
 .debug_ranges  0x0000000000000488      0x110 Drivers/STM32F1xx_HAL_Driver/Src/stm32f1xx_hal_pcd.o
 .debug_ranges  0x0000000000000598       0x28 Drivers/STM32F1xx_HAL_Driver/Src/stm32f1xx_hal_pcd_ex.o
 .debug_ranges  0x00000000000005c0       0x80 Drivers/STM32F1xx_HAL_Driver/Src/stm32f1xx_hal_rcc.o
 .debug_ranges  0x0000000000000640       0x20 Drivers/STM32F1xx_HAL_Driver/Src/stm32f1xx_hal_rcc_ex.o
 .debug_ranges  0x0000000000000660      0x1c0 Drivers/STM32F1xx_HAL_Driver/Src/stm32f1xx_hal_spi.o
 .debug_ranges  0x0000000000000820      0x398 Drivers/STM32F1xx_HAL_Driver/Src/stm32f1xx_hal_tim.o
 .debug_ranges  0x0000000000000bb8      0x140 Drivers/STM32F1xx_HAL_Driver/Src/stm32f1xx_hal_tim_ex.o
 .debug_ranges  0x0000000000000cf8      0x1c0 Drivers/STM32F1xx_HAL_Driver/Src/stm32f1xx_hal_uart.o
 .debug_ranges  0x0000000000000eb8       0xf8 Drivers/STM32F1xx_HAL_Driver/Src/stm32f1xx_ll_usb.o
 .debug_ranges  0x0000000000000fb0       0x18 FATFS/App/fatfs.o
 .debug_ranges  0x0000000000000fc8       0x30 FATFS/Target/user_diskio.o
 .debug_ranges  0x0000000000000ff8       0xc0 Middlewares/ST/STM32_USB_Device_Library/Class/DFU/Src/usbd_dfu.o
 .debug_ranges  0x00000000000010b8       0xa8 Middlewares/ST/STM32_USB_Device_Library/Core/Src/usbd_core.o
 .debug_ranges  0x0000000000001160       0x78 Middlewares/ST/STM32_USB_Device_Library/Core/Src/usbd_ctlreq.o
 .debug_ranges  0x00000000000011d8       0x40 Middlewares/ST/STM32_USB_Device_Library/Core/Src/usbd_ioreq.o
 .debug_ranges  0x0000000000001218       0x30 Middlewares/Third_Party/FatFs/src/ff_gen_drv.o
 .debug_ranges  0x0000000000001248       0x10 USB_DEVICE/App/usb_device.o
 .debug_ranges  0x0000000000001258       0x50 USB_DEVICE/App/usbd_desc.o
 .debug_ranges  0x00000000000012a8       0x38 USB_DEVICE/App/usbd_dfu_if.o
 .debug_ranges  0x00000000000012e0      0x108 USB_DEVICE/Target/usbd_conf.o

.debug_macro    0x0000000000000000    0x17c9e
 .debug_macro   0x0000000000000000      0x437 Core/Src/main.o
 .debug_macro   0x0000000000000437      0x22d Core/Src/main.o
 .debug_macro   0x0000000000000664       0x2e Core/Src/main.o
 .debug_macro   0x0000000000000692       0x22 Core/Src/main.o
 .debug_macro   0x00000000000006b4       0x1c Core/Src/main.o
 .debug_macro   0x00000000000006d0       0x22 Core/Src/main.o
 .debug_macro   0x00000000000006f2       0xc3 Core/Src/main.o
 .debug_macro   0x00000000000007b5      0xd23 Core/Src/main.o
 .debug_macro   0x00000000000014d8     0xe09e Core/Src/main.o
 .debug_macro   0x000000000000f576       0x43 Core/Src/main.o
 .debug_macro   0x000000000000f5b9      0x174 Core/Src/main.o
 .debug_macro   0x000000000000f72d       0x5a Core/Src/main.o
 .debug_macro   0x000000000000f787      0x5be Core/Src/main.o
 .debug_macro   0x000000000000fd45      0x289 Core/Src/main.o
 .debug_macro   0x000000000000ffce      0x1cb Core/Src/main.o
 .debug_macro   0x0000000000010199      0x114 Core/Src/main.o
 .debug_macro   0x00000000000102ad      0x1b2 Core/Src/main.o
 .debug_macro   0x000000000001045f       0x27 Core/Src/main.o
 .debug_macro   0x0000000000010486      0x136 Core/Src/main.o
 .debug_macro   0x00000000000105bc      0x1bc Core/Src/main.o
 .debug_macro   0x0000000000010778       0x34 Core/Src/main.o
 .debug_macro   0x00000000000107ac       0x3c Core/Src/main.o
 .debug_macro   0x00000000000107e8       0x57 Core/Src/main.o
 .debug_macro   0x000000000001083f      0x46a Core/Src/main.o
 .debug_macro   0x0000000000010ca9      0x1b5 Core/Src/main.o
 .debug_macro   0x0000000000010e5e       0x88 Core/Src/main.o
 .debug_macro   0x0000000000010ee6      0x241 Core/Src/main.o
 .debug_macro   0x0000000000011127      0x141 Core/Src/main.o
 .debug_macro   0x0000000000011268      0x217 Core/Src/main.o
 .debug_macro   0x000000000001147f      0x88b Core/Src/main.o
 .debug_macro   0x0000000000011d0a      0x26b Core/Src/main.o
 .debug_macro   0x0000000000011f75       0x65 Core/Src/main.o
 .debug_macro   0x0000000000011fda      0x249 Core/Src/main.o
 .debug_macro   0x0000000000012223       0x83 Core/Src/main.o
 .debug_macro   0x00000000000122a6       0x6a Core/Src/main.o
 .debug_macro   0x0000000000012310       0xde Core/Src/main.o
 .debug_macro   0x00000000000123ee       0xf5 Core/Src/main.o
 .debug_macro   0x00000000000124e3       0x8e Core/Src/main.o
 .debug_macro   0x0000000000012571       0x16 Core/Src/main.o
 .debug_macro   0x0000000000012587       0x35 Core/Src/main.o
 .debug_macro   0x00000000000125bc      0x32a Core/Src/main.o
 .debug_macro   0x00000000000128e6       0x10 Core/Src/main.o
 .debug_macro   0x00000000000128f6       0x10 Core/Src/main.o
 .debug_macro   0x0000000000012906       0x1c Core/Src/main.o
 .debug_macro   0x0000000000012922       0x52 Core/Src/main.o
 .debug_macro   0x0000000000012974       0x40 Core/Src/main.o
 .debug_macro   0x00000000000129b4       0x10 Core/Src/main.o
 .debug_macro   0x00000000000129c4       0x40 Core/Src/main.o
 .debug_macro   0x0000000000012a04       0xd7 Core/Src/main.o
 .debug_macro   0x0000000000012adb       0x1c Core/Src/main.o
 .debug_macro   0x0000000000012af7       0x3d Core/Src/main.o
 .debug_macro   0x0000000000012b34       0x16 Core/Src/main.o
 .debug_macro   0x0000000000012b4a      0x145 Core/Src/main.o
 .debug_macro   0x0000000000012c8f       0x16 Core/Src/main.o
 .debug_macro   0x0000000000012ca5       0x20 Core/Src/main.o
 .debug_macro   0x0000000000012cc5       0x72 Core/Src/main.o
 .debug_macro   0x0000000000012d37      0x1c2 Core/Src/main.o
 .debug_macro   0x0000000000012ef9      0x1eb Core/Src/stm32f1xx_hal_msp.o
 .debug_macro   0x00000000000130e4      0x1f5 Core/Src/stm32f1xx_it.o
 .debug_macro   0x00000000000132d9      0x1e2 Core/Src/system_stm32f1xx.o
 .debug_macro   0x00000000000134bb       0x1b Core/Src/util.o
 .debug_macro   0x00000000000134d6      0x200 Drivers/STM32F1xx_HAL_Driver/Src/stm32f1xx_hal.o
 .debug_macro   0x00000000000136d6      0x1f9 Drivers/STM32F1xx_HAL_Driver/Src/stm32f1xx_hal_adc.o
 .debug_macro   0x00000000000138cf      0x1dc Drivers/STM32F1xx_HAL_Driver/Src/stm32f1xx_hal_cortex.o
 .debug_macro   0x0000000000013aab      0x247 Drivers/STM32F1xx_HAL_Driver/Src/stm32f1xx_hal_gpio.o
 .debug_macro   0x0000000000013cf2      0x1e8 Drivers/STM32F1xx_HAL_Driver/Src/stm32f1xx_hal_pcd.o
 .debug_macro   0x0000000000013eda      0x1dc Drivers/STM32F1xx_HAL_Driver/Src/stm32f1xx_hal_pcd_ex.o
 .debug_macro   0x00000000000140b6      0x1ee Drivers/STM32F1xx_HAL_Driver/Src/stm32f1xx_hal_rcc.o
 .debug_macro   0x00000000000142a4      0x1dc Drivers/STM32F1xx_HAL_Driver/Src/stm32f1xx_hal_rcc_ex.o
 .debug_macro   0x0000000000014480      0x1e4 Drivers/STM32F1xx_HAL_Driver/Src/stm32f1xx_hal_spi.o
 .debug_macro   0x0000000000014664      0x1dd Drivers/STM32F1xx_HAL_Driver/Src/stm32f1xx_hal_tim.o
 .debug_macro   0x0000000000014841      0x1dc Drivers/STM32F1xx_HAL_Driver/Src/stm32f1xx_hal_tim_ex.o
 .debug_macro   0x0000000000014a1d      0x1dd Drivers/STM32F1xx_HAL_Driver/Src/stm32f1xx_hal_uart.o
 .debug_macro   0x0000000000014bfa      0x1dc Drivers/STM32F1xx_HAL_Driver/Src/stm32f1xx_ll_usb.o
 .debug_macro   0x0000000000014dd6      0x23e FATFS/App/fatfs.o
 .debug_macro   0x0000000000015014       0xd8 FATFS/App/fatfs.o
 .debug_macro   0x00000000000150ec      0x2e6 FATFS/Target/user_diskio.o
 .debug_macro   0x00000000000153d2       0x10 FATFS/Target/user_diskio.o
 .debug_macro   0x00000000000153e2       0x16 FATFS/Target/user_diskio.o
 .debug_macro   0x00000000000153f8       0x7c FATFS/Target/user_diskio.o
 .debug_macro   0x0000000000015474       0xbd FATFS/Target/user_diskio.o
 .debug_macro   0x0000000000015531       0x54 FATFS/Target/user_diskio.o
 .debug_macro   0x0000000000015585      0x3f8 Middlewares/ST/STM32_USB_Device_Library/Class/DFU/Src/usbd_dfu.o
 .debug_macro   0x000000000001597d       0x97 Middlewares/ST/STM32_USB_Device_Library/Class/DFU/Src/usbd_dfu.o
 .debug_macro   0x0000000000015a14       0xfd Middlewares/ST/STM32_USB_Device_Library/Class/DFU/Src/usbd_dfu.o
 .debug_macro   0x0000000000015b11      0x10a Middlewares/ST/STM32_USB_Device_Library/Class/DFU/Src/usbd_dfu.o
 .debug_macro   0x0000000000015c1b      0x3df Middlewares/ST/STM32_USB_Device_Library/Core/Src/usbd_core.o
 .debug_macro   0x0000000000015ffa      0x1c8 Middlewares/ST/STM32_USB_Device_Library/Core/Src/usbd_core.o
 .debug_macro   0x00000000000161c2      0x3e9 Middlewares/ST/STM32_USB_Device_Library/Core/Src/usbd_ctlreq.o
 .debug_macro   0x00000000000165ab      0x3e5 Middlewares/ST/STM32_USB_Device_Library/Core/Src/usbd_ioreq.o
 .debug_macro   0x0000000000016990      0x22b Middlewares/Third_Party/FatFs/src/ff_gen_drv.o
 .debug_macro   0x0000000000016bbb      0x419 USB_DEVICE/App/usb_device.o
 .debug_macro   0x0000000000016fd4       0x70 USB_DEVICE/App/usb_device.o
 .debug_macro   0x0000000000017044       0x22 USB_DEVICE/App/usb_device.o
 .debug_macro   0x0000000000017066      0x41c USB_DEVICE/App/usbd_desc.o
 .debug_macro   0x0000000000017482       0x1c USB_DEVICE/App/usbd_desc.o
 .debug_macro   0x000000000001749e      0x404 USB_DEVICE/App/usbd_dfu_if.o
 .debug_macro   0x00000000000178a2      0x3fc USB_DEVICE/Target/usbd_conf.o

.debug_line     0x0000000000000000    0x14333
 .debug_line    0x0000000000000000      0xcfe Core/Src/main.o
 .debug_line    0x0000000000000cfe      0x850 Core/Src/stm32f1xx_hal_msp.o
 .debug_line    0x000000000000154e      0x868 Core/Src/stm32f1xx_it.o
 .debug_line    0x0000000000001db6      0x75d Core/Src/system_stm32f1xx.o
 .debug_line    0x0000000000002513       0x69 Core/Src/util.o
 .debug_line    0x000000000000257c       0x84 Core/Startup/startup_stm32f103c8tx.o
 .debug_line    0x0000000000002600      0x905 Drivers/STM32F1xx_HAL_Driver/Src/stm32f1xx_hal.o
 .debug_line    0x0000000000002f05      0xc57 Drivers/STM32F1xx_HAL_Driver/Src/stm32f1xx_hal_adc.o
 .debug_line    0x0000000000003b5c      0x9de Drivers/STM32F1xx_HAL_Driver/Src/stm32f1xx_hal_cortex.o
 .debug_line    0x000000000000453a      0x905 Drivers/STM32F1xx_HAL_Driver/Src/stm32f1xx_hal_gpio.o
 .debug_line    0x0000000000004e3f      0xbf8 Drivers/STM32F1xx_HAL_Driver/Src/stm32f1xx_hal_pcd.o
 .debug_line    0x0000000000005a37      0x778 Drivers/STM32F1xx_HAL_Driver/Src/stm32f1xx_hal_pcd_ex.o
 .debug_line    0x00000000000061af      0x9c7 Drivers/STM32F1xx_HAL_Driver/Src/stm32f1xx_hal_rcc.o
 .debug_line    0x0000000000006b76      0x7e5 Drivers/STM32F1xx_HAL_Driver/Src/stm32f1xx_hal_rcc_ex.o
 .debug_line    0x000000000000735b     0x10d3 Drivers/STM32F1xx_HAL_Driver/Src/stm32f1xx_hal_spi.o
 .debug_line    0x000000000000842e     0x17cb Drivers/STM32F1xx_HAL_Driver/Src/stm32f1xx_hal_tim.o
 .debug_line    0x0000000000009bf9      0xd18 Drivers/STM32F1xx_HAL_Driver/Src/stm32f1xx_hal_tim_ex.o
 .debug_line    0x000000000000a911     0x1010 Drivers/STM32F1xx_HAL_Driver/Src/stm32f1xx_hal_uart.o
 .debug_line    0x000000000000b921      0xc11 Drivers/STM32F1xx_HAL_Driver/Src/stm32f1xx_ll_usb.o
 .debug_line    0x000000000000c532      0x7be FATFS/App/fatfs.o
 .debug_line    0x000000000000ccf0      0x9fd FATFS/Target/user_diskio.o
 .debug_line    0x000000000000d6ed      0xedd Middlewares/ST/STM32_USB_Device_Library/Class/DFU/Src/usbd_dfu.o
 .debug_line    0x000000000000e5ca      0xcf1 Middlewares/ST/STM32_USB_Device_Library/Core/Src/usbd_core.o
 .debug_line    0x000000000000f2bb      0xd7c Middlewares/ST/STM32_USB_Device_Library/Core/Src/usbd_ctlreq.o
 .debug_line    0x0000000000010037      0xb5a Middlewares/ST/STM32_USB_Device_Library/Core/Src/usbd_ioreq.o
 .debug_line    0x0000000000010b91      0x7e7 Middlewares/Third_Party/FatFs/src/ff_gen_drv.o
 .debug_line    0x0000000000011378      0xb3c USB_DEVICE/App/usb_device.o
 .debug_line    0x0000000000011eb4      0xb8e USB_DEVICE/App/usbd_desc.o
 .debug_line    0x0000000000012a42      0xb76 USB_DEVICE/App/usbd_dfu_if.o
 .debug_line    0x00000000000135b8      0xd7b USB_DEVICE/Target/usbd_conf.o

.debug_str      0x0000000000000000    0x7e308
 .debug_str     0x0000000000000000    0x791ff Core/Src/main.o
                                      0x796de (size before relaxing)
 .debug_str     0x00000000000791ff      0x121 Core/Src/stm32f1xx_hal_msp.o
                                      0x73e82 (size before relaxing)
 .debug_str     0x0000000000079320      0x482 Core/Src/stm32f1xx_it.o
                                      0x73a94 (size before relaxing)
 .debug_str     0x00000000000797a2       0x6e Core/Src/system_stm32f1xx.o
                                      0x73161 (size before relaxing)
 .debug_str     0x0000000000079810       0x1a Core/Src/util.o
                                       0x2d23 (size before relaxing)
 .debug_str     0x000000000007982a       0x36 Core/Startup/startup_stm32f103c8tx.o
                                         0x6a (size before relaxing)
 .debug_str     0x0000000000079860      0x3b6 Drivers/STM32F1xx_HAL_Driver/Src/stm32f1xx_hal.o
                                      0x73772 (size before relaxing)
 .debug_str     0x0000000000079c16      0x351 Drivers/STM32F1xx_HAL_Driver/Src/stm32f1xx_hal_adc.o
                                      0x73777 (size before relaxing)
 .debug_str     0x0000000000079f67      0x2a0 Drivers/STM32F1xx_HAL_Driver/Src/stm32f1xx_hal_cortex.o
                                      0x73780 (size before relaxing)
 .debug_str     0x000000000007a207      0x307 Drivers/STM32F1xx_HAL_Driver/Src/stm32f1xx_hal_gpio.o
                                      0x734ab (size before relaxing)
 .debug_str     0x000000000007a50e      0x3af Drivers/STM32F1xx_HAL_Driver/Src/stm32f1xx_hal_pcd.o
                                      0x73792 (size before relaxing)
 .debug_str     0x000000000007a8bd      0x18d Drivers/STM32F1xx_HAL_Driver/Src/stm32f1xx_hal_pcd_ex.o
                                      0x7356e (size before relaxing)
 .debug_str     0x000000000007aa4a      0x263 Drivers/STM32F1xx_HAL_Driver/Src/stm32f1xx_hal_rcc.o
                                      0x734e4 (size before relaxing)
 .debug_str     0x000000000007acad       0xb9 Drivers/STM32F1xx_HAL_Driver/Src/stm32f1xx_hal_rcc_ex.o
                                      0x73271 (size before relaxing)
 .debug_str     0x000000000007ad66      0x529 Drivers/STM32F1xx_HAL_Driver/Src/stm32f1xx_hal_spi.o
                                      0x739d2 (size before relaxing)
 .debug_str     0x000000000007b28f      0xd14 Drivers/STM32F1xx_HAL_Driver/Src/stm32f1xx_hal_tim.o
                                      0x742af (size before relaxing)
 .debug_str     0x000000000007bfa3      0x52f Drivers/STM32F1xx_HAL_Driver/Src/stm32f1xx_hal_tim_ex.o
                                      0x73aaf (size before relaxing)
 .debug_str     0x000000000007c4d2      0x507 Drivers/STM32F1xx_HAL_Driver/Src/stm32f1xx_hal_uart.o
                                      0x739d3 (size before relaxing)
 .debug_str     0x000000000007c9d9      0x2f8 Drivers/STM32F1xx_HAL_Driver/Src/stm32f1xx_ll_usb.o
                                      0x735d8 (size before relaxing)
 .debug_str     0x000000000007ccd1       0x2f FATFS/App/fatfs.o
                                      0x73b2b (size before relaxing)
 .debug_str     0x000000000007cd00       0x7e FATFS/Target/user_diskio.o
                                      0x769e3 (size before relaxing)
 .debug_str     0x000000000007cd7e      0xb9e Middlewares/ST/STM32_USB_Device_Library/Class/DFU/Src/usbd_dfu.o
                                      0x78aa8 (size before relaxing)
 .debug_str     0x000000000007d91c      0x1b5 Middlewares/ST/STM32_USB_Device_Library/Core/Src/usbd_core.o
                                      0x783bc (size before relaxing)
 .debug_str     0x000000000007dad1      0x12f Middlewares/ST/STM32_USB_Device_Library/Core/Src/usbd_ctlreq.o
                                      0x78342 (size before relaxing)
 .debug_str     0x000000000007dc00       0xc9 Middlewares/ST/STM32_USB_Device_Library/Core/Src/usbd_ioreq.o
                                      0x782ca (size before relaxing)
 .debug_str     0x000000000007dcc9       0xcb Middlewares/Third_Party/FatFs/src/ff_gen_drv.o
                                      0x73ab3 (size before relaxing)
 .debug_str     0x000000000007dd94       0xe6 USB_DEVICE/App/usb_device.o
                                      0x78826 (size before relaxing)
 .debug_str     0x000000000007de7a      0x254 USB_DEVICE/App/usbd_desc.o
                                      0x7822a (size before relaxing)
 .debug_str     0x000000000007e0ce       0xf1 USB_DEVICE/App/usbd_dfu_if.o
                                      0x78859 (size before relaxing)
 .debug_str     0x000000000007e1bf      0x149 USB_DEVICE/Target/usbd_conf.o
                                      0x7911a (size before relaxing)

.comment        0x0000000000000000       0x7b
 .comment       0x0000000000000000       0x7b Core/Src/main.o
                                         0x7c (size before relaxing)
 .comment       0x000000000000007b       0x7c Core/Src/stm32f1xx_hal_msp.o
 .comment       0x000000000000007b       0x7c Core/Src/stm32f1xx_it.o
 .comment       0x000000000000007b       0x7c Core/Src/system_stm32f1xx.o
 .comment       0x000000000000007b       0x7c Core/Src/util.o
 .comment       0x000000000000007b       0x7c Drivers/STM32F1xx_HAL_Driver/Src/stm32f1xx_hal.o
 .comment       0x000000000000007b       0x7c Drivers/STM32F1xx_HAL_Driver/Src/stm32f1xx_hal_adc.o
 .comment       0x000000000000007b       0x7c Drivers/STM32F1xx_HAL_Driver/Src/stm32f1xx_hal_cortex.o
 .comment       0x000000000000007b       0x7c Drivers/STM32F1xx_HAL_Driver/Src/stm32f1xx_hal_gpio.o
 .comment       0x000000000000007b       0x7c Drivers/STM32F1xx_HAL_Driver/Src/stm32f1xx_hal_pcd.o
 .comment       0x000000000000007b       0x7c Drivers/STM32F1xx_HAL_Driver/Src/stm32f1xx_hal_pcd_ex.o
 .comment       0x000000000000007b       0x7c Drivers/STM32F1xx_HAL_Driver/Src/stm32f1xx_hal_rcc.o
 .comment       0x000000000000007b       0x7c Drivers/STM32F1xx_HAL_Driver/Src/stm32f1xx_hal_rcc_ex.o
 .comment       0x000000000000007b       0x7c Drivers/STM32F1xx_HAL_Driver/Src/stm32f1xx_hal_spi.o
 .comment       0x000000000000007b       0x7c Drivers/STM32F1xx_HAL_Driver/Src/stm32f1xx_hal_tim.o
 .comment       0x000000000000007b       0x7c Drivers/STM32F1xx_HAL_Driver/Src/stm32f1xx_hal_tim_ex.o
 .comment       0x000000000000007b       0x7c Drivers/STM32F1xx_HAL_Driver/Src/stm32f1xx_hal_uart.o
 .comment       0x000000000000007b       0x7c Drivers/STM32F1xx_HAL_Driver/Src/stm32f1xx_ll_usb.o
 .comment       0x000000000000007b       0x7c FATFS/App/fatfs.o
 .comment       0x000000000000007b       0x7c FATFS/Target/user_diskio.o
 .comment       0x000000000000007b       0x7c Middlewares/ST/STM32_USB_Device_Library/Class/DFU/Src/usbd_dfu.o
 .comment       0x000000000000007b       0x7c Middlewares/ST/STM32_USB_Device_Library/Core/Src/usbd_core.o