usbd_conf.c:70:6:HAL_PCD_MspInit	16	static
usbd_conf.c:98:6:HAL_PCD_MspDeInit	8	static
usbd_conf.c:127:6:HAL_PCD_SetupStageCallback	0	static
usbd_conf.c:142:6:HAL_PCD_DataOutStageCallback	0	static
usbd_conf.c:157:6:HAL_PCD_DataInStageCallback	0	static
usbd_conf.c:171:6:HAL_PCD_SOFCallback	0	static
usbd_conf.c:185:6:HAL_PCD_ResetCallback	8	static
usbd_conf.c:210:6:HAL_PCD_SuspendCallback	8	static
usbd_conf.c:234:6:HAL_PCD_ResumeCallback	0	static
usbd_conf.c:252:6:HAL_PCD_ISOOUTIncompleteCallback	0	static
usbd_conf.c:267:6:HAL_PCD_ISOINIncompleteCallback	0	static
usbd_conf.c:281:6:HAL_PCD_ConnectCallback	0	static
usbd_conf.c:295:6:HAL_PCD_DisconnectCallback	0	static
usbd_conf.c:310:20:USBD_LL_Init	8	static
usbd_conf.c:355:20:USBD_LL_DeInit	8	static
usbd_conf.c:372:20:USBD_LL_Start	8	static
usbd_conf.c:389:20:USBD_LL_Stop	8	static
usbd_conf.c:409:20:USBD_LL_OpenEP	8	static
usbd_conf.c:427:20:USBD_LL_CloseEP	8	static
usbd_conf.c:445:20:USBD_LL_FlushEP	8	static
usbd_conf.c:463:20:USBD_LL_StallEP	8	static
usbd_conf.c:481:20:USBD_LL_ClearStallEP	8	static
usbd_conf.c:499:9:USBD_LL_IsStallEP	0	static
usbd_conf.c:519:20:USBD_LL_SetUSBAddress	8	static
usbd_conf.c:539:20:USBD_LL_Transmit	8	static
usbd_conf.c:559:20:USBD_LL_PrepareReceive	8	static
usbd_conf.c:577:10:USBD_LL_GetRxDataSize	0	static
usbd_conf.c:587:6:USBD_LL_Delay	0	static
usbd_conf.c:597:7:USBD_static_malloc	0	static
usbd_conf.c:608:6:USBD_static_free	0	static
usbd_conf.c:622:6:HAL_PCDEx_SetConnectionState	0	static
