stm32f1xx_it.c:57:6:SDTimerHandler	0	static
stm32f1xx_it.c:80:6:NMI_Handler	0	static
stm32f1xx_it.c:93:6:HardFault_Handler	0	static
stm32f1xx_it.c:108:6:MemManage_Handler	0	static
stm32f1xx_it.c:123:6:BusFault_Handler	0	static
stm32f1xx_it.c:138:6:UsageFault_Handler	0	static
stm32f1xx_it.c:153:6:SVC_Handler	0	static
stm32f1xx_it.c:166:6:DebugMon_Handler	0	static
stm32f1xx_it.c:179:6:PendSV_Handler	0	static
stm32f1xx_it.c:192:6:SysTick_Handler	8	static
stm32f1xx_it.c:218:6:EXTI1_IRQHandler	0	static
stm32f1xx_it.c:232:6:EXTI2_IRQHandler	0	static
stm32f1xx_it.c:246:6:EXTI3_IRQHandler	0	static
stm32f1xx_it.c:260:6:USB_LP_CAN1_RX0_IRQHandler	0	static
stm32f1xx_it.c:274:6:TIM1_UP_IRQHandler	0	static
stm32f1xx_it.c:288:6:TIM2_IRQHandler	0	static
stm32f1xx_it.c:302:6:TIM3_IRQHandler	0	static
stm32f1xx_it.c:316:6:USART1_IRQHandler	0	static
