stm32f1xx_hal_msp.c:66:6:HAL_MspInit	8	static
stm32f1xx_hal_msp.c:92:6:HAL_ADC_MspInit	40	static
stm32f1xx_hal_msp.c:144:6:HAL_ADC_MspDeInit	0	static
stm32f1xx_hal_msp.c:189:6:HAL_SPI_MspInit	40	static
stm32f1xx_hal_msp.c:253:6:HAL_SPI_MspDeInit	0	static
stm32f1xx_hal_msp.c:303:6:HAL_TIM_Base_MspInit	24	static
stm32f1xx_hal_msp.c:350:6:HAL_TIM_MspPostInit	40	static
stm32f1xx_hal_msp.c:395:6:HAL_TIM_Base_MspDeInit	0	static
stm32f1xx_hal_msp.c:448:6:HAL_UART_MspInit	32	static
stm32f1xx_hal_msp.c:487:6:HAL_UART_MspDeInit	0	static
