data_manager.c:59:6:Initialize_data	8	static
data_manager.c:65:6:Update_rad_buffer	24	static
data_manager.c:79:6:Save_dose	4	static
data_manager.c:83:6:Save_tone	4	static
data_manager.c:87:6:Save_backlight	4	static
data_manager.c:91:6:Save_contrast	4	static
data_manager.c:95:6:Save_geiger_time	4	static
data_manager.c:99:6:Save_geiger_error	4	static
data_manager.c:103:6:Save_dose_save_interval	4	static
data_manager.c:107:6:Save_alarm_threshold	4	static
data_manager.c:111:6:Reset_to_defaults	4	static
data_manager.c:115:6:Init_memory	8	static
data_manager.c:119:6:Setup_memory	4	static
data_manager.c:123:6:Read_memory	4	static
data_manager.c:127:6:is_memory_valid	4	static
data_manager.c:131:6:Reset_dose	4	static
data_manager.c:135:6:Reset_activity_test	4	static
data_manager.c:148:6:Calculate_std	40	static
