ff.c:580:6:mem_cpy	0	static
ff.c:1125:7:clmt_clust	0	static
ff.c:2187:5:get_ldnumber	8	static
ff.c:2445:9:validate	8	static
ff.c:1308:7:ld_clust.isra.0	0	static
ff.c:773:9:sync_window.part.2	24	static
ff.c:773:9:sync_window	0	static
ff.c:802:9:move_window	24	static
ff.c:2248:6:check_fs	8	static
ff.c:2276:9:find_volume	48	static
ff.c:873:7:clust2sect	0	static
ff.c:891:7:get_fat	32	static
ff.c:1153:9:dir_sdi.constprop	24	static
ff.c:946:9:put_fat	32	static
ff.c:1063:7:create_chain	24	static
ff.c:1201:9:dir_next	32	static
ff.c:2475:9:f_mount	32	static
ff.c:2522:9:f_open	104	static
ff.c:2658:9:f_read	48	static
ff.c:2759:9:f_write	48	static
ff.c:4544:6:putc_bfd	24	static
ff.c:2881:9:f_sync	16	static
ff.c:2930:9:f_close	16	static
ff.c:4138:9:f_mkfs	64	static
ff.c:4457:8:f_gets	32	static
ff.c:4599:5:f_putc	88	static
ff.c:4626:5:f_puts	88	static
ff.c:4654:5:f_printf	140	static
