Archive member included to satisfy reference by file (symbol)

d:/program files/st/stm32cubeide_1.4.0/stm32cubeide/plugins/com.st.stm32cube.ide.mcu.externaltools.gnu-tools-for-stm32.7-2018-q2-update.win32_1.4.0.202007081208/tools/bin/../lib/gcc/arm-none-eabi/7.3.1/../../../../arm-none-eabi/lib/thumb/v7-m\libc_nano.a(lib_a-errno.o)
                              Core/Src/syscalls.o (__errno)
d:/program files/st/stm32cubeide_1.4.0/stm32cubeide/plugins/com.st.stm32cube.ide.mcu.externaltools.gnu-tools-for-stm32.7-2018-q2-update.win32_1.4.0.202007081208/tools/bin/../lib/gcc/arm-none-eabi/7.3.1/../../../../arm-none-eabi/lib/thumb/v7-m\libc_nano.a(lib_a-exit.o)
                              d:/program files/st/stm32cubeide_1.4.0/stm32cubeide/plugins/com.st.stm32cube.ide.mcu.externaltools.gnu-tools-for-stm32.7-2018-q2-update.win32_1.4.0.202007081208/tools/bin/../lib/gcc/arm-none-eabi/7.3.1/../../../../arm-none-eabi/lib/thumb/v7-m/crt0.o (exit)
d:/program files/st/stm32cubeide_1.4.0/stm32cubeide/plugins/com.st.stm32cube.ide.mcu.externaltools.gnu-tools-for-stm32.7-2018-q2-update.win32_1.4.0.202007081208/tools/bin/../lib/gcc/arm-none-eabi/7.3.1/../../../../arm-none-eabi/lib/thumb/v7-m\libc_nano.a(lib_a-impure.o)
                              d:/program files/st/stm32cubeide_1.4.0/stm32cubeide/plugins/com.st.stm32cube.ide.mcu.externaltools.gnu-tools-for-stm32.7-2018-q2-update.win32_1.4.0.202007081208/tools/bin/../lib/gcc/arm-none-eabi/7.3.1/../../../../arm-none-eabi/lib/thumb/v7-m\libc_nano.a(lib_a-exit.o) (_global_impure_ptr)
d:/program files/st/stm32cubeide_1.4.0/stm32cubeide/plugins/com.st.stm32cube.ide.mcu.externaltools.gnu-tools-for-stm32.7-2018-q2-update.win32_1.4.0.202007081208/tools/bin/../lib/gcc/arm-none-eabi/7.3.1/../../../../arm-none-eabi/lib/thumb/v7-m\libc_nano.a(lib_a-init.o)
                              d:/program files/st/stm32cubeide_1.4.0/stm32cubeide/plugins/com.st.stm32cube.ide.mcu.externaltools.gnu-tools-for-stm32.7-2018-q2-update.win32_1.4.0.202007081208/tools/bin/../lib/gcc/arm-none-eabi/7.3.1/../../../../arm-none-eabi/lib/thumb/v7-m/crt0.o (__libc_init_array)
d:/program files/st/stm32cubeide_1.4.0/stm32cubeide/plugins/com.st.stm32cube.ide.mcu.externaltools.gnu-tools-for-stm32.7-2018-q2-update.win32_1.4.0.202007081208/tools/bin/../lib/gcc/arm-none-eabi/7.3.1/../../../../arm-none-eabi/lib/thumb/v7-m\libc_nano.a(lib_a-memset.o)
                              d:/program files/st/stm32cubeide_1.4.0/stm32cubeide/plugins/com.st.stm32cube.ide.mcu.externaltools.gnu-tools-for-stm32.7-2018-q2-update.win32_1.4.0.202007081208/tools/bin/../lib/gcc/arm-none-eabi/7.3.1/../../../../arm-none-eabi/lib/thumb/v7-m/crt0.o (memset)
d:/program files/st/stm32cubeide_1.4.0/stm32cubeide/plugins/com.st.stm32cube.ide.mcu.externaltools.gnu-tools-for-stm32.7-2018-q2-update.win32_1.4.0.202007081208/tools/bin/../lib/gcc/arm-none-eabi/7.3.1/thumb/v7-m\libgcc.a(_arm_addsubdf3.o)
                              Core/Src/main.o (__aeabi_ui2d)
d:/program files/st/stm32cubeide_1.4.0/stm32cubeide/plugins/com.st.stm32cube.ide.mcu.externaltools.gnu-tools-for-stm32.7-2018-q2-update.win32_1.4.0.202007081208/tools/bin/../lib/gcc/arm-none-eabi/7.3.1/thumb/v7-m\libgcc.a(_arm_muldivdf3.o)
                              Core/Src/main.o (__aeabi_dmul)
d:/program files/st/stm32cubeide_1.4.0/stm32cubeide/plugins/com.st.stm32cube.ide.mcu.externaltools.gnu-tools-for-stm32.7-2018-q2-update.win32_1.4.0.202007081208/tools/bin/../lib/gcc/arm-none-eabi/7.3.1/thumb/v7-m\libgcc.a(_arm_fixunsdfsi.o)
                              Core/Src/main.o (__aeabi_d2uiz)

Allocating common symbols
Common symbol       size              file

fre_clust           0x4               Core/Src/main.o
USERPath            0x4               FATFS/App/fatfs.o
hUsbDeviceFS        0x2c4             USB_DEVICE/App/usb_device.o
hspi2               0x58              Core/Src/main.o
hadc2               0x30              Core/Src/main.o
uwTick              0x4               Drivers/STM32F1xx_HAL_Driver/Src/stm32f1xx_hal.o
pFlash              0x20              Drivers/STM32F1xx_HAL_Driver/Src/stm32f1xx_hal_flash.o
htim3               0x40              Core/Src/main.o
hadc1               0x30              Core/Src/main.o
free_space          0x4               Core/Src/main.o
huart1              0x40              Core/Src/main.o
buffer              0x400             Core/Src/main.o
retUSER             0x1               FATFS/App/fatfs.o
htim1               0x40              Core/Src/main.o
Timer2              0x1               Core/Src/stm32f1xx_it.o
pfs                 0x4               Core/Src/main.o
fresult             0x1               Core/Src/main.o
hspi1               0x58              Core/Src/main.o
htim2               0x40              Core/Src/main.o
total               0x4               Core/Src/main.o
hpcd_USB_FS         0x26c             USB_DEVICE/Target/usbd_conf.o
Timer1              0x1               Core/Src/stm32f1xx_it.o
[...]
Memory Configuration

Name             Origin             Length             Attributes
RAM              0x0000000020000000 0x0000000000005000 xrw
FLASH            0x0000000008000000 0x0000000000010000 xr
*default*        0x0000000000000000 0xffffffffffffffff

Linker script and memory map

LOAD d:/program files/st/stm32cubeide_1.4.0/stm32cubeide/plugins/com.st.stm32cube.ide.mcu.externaltools.gnu-tools-for-stm32.7-2018-q2-update.win32_1.4.0.202007081208/tools/bin/../lib/gcc/arm-none-eabi/7.3.1/thumb/v7-m/crti.o
LOAD d:/program files/st/stm32cubeide_1.4.0/stm32cubeide/plugins/com.st.stm32cube.ide.mcu.externaltools.gnu-tools-for-stm32.7-2018-q2-update.win32_1.4.0.202007081208/tools/bin/../lib/gcc/arm-none-eabi/7.3.1/thumb/v7-m/crtbegin.o
LOAD d:/program files/st/stm32cubeide_1.4.0/stm32cubeide/plugins/com.st.stm32cube.ide.mcu.externaltools.gnu-tools-for-stm32.7-2018-q2-update.win32_1.4.0.202007081208/tools/bin/../lib/gcc/arm-none-eabi/7.3.1/../../../../arm-none-eabi/lib/thumb/v7-m/crt0.o
LOAD Core/Src/fatfs_sd.o
LOAD Core/Src/main.o
LOAD Core/Src/stm32f1xx_hal_msp.o
LOAD Core/Src/stm32f1xx_it.o
LOAD Core/Src/syscalls.o
LOAD Core/Src/sysmem.o
LOAD Core/Src/system_stm32f1xx.o
LOAD Core/Startup/startup_stm32f103c8tx.o
LOAD Drivers/STM32F1xx_HAL_Driver/Src/stm32f1xx_hal.o
LOAD Drivers/STM32F1xx_HAL_Driver/Src/stm32f1xx_hal_adc.o
LOAD Drivers/STM32F1xx_HAL_Driver/Src/stm32f1xx_hal_adc_ex.o
LOAD Drivers/STM32F1xx_HAL_Driver/Src/stm32f1xx_hal_cortex.o
LOAD Drivers/STM32F1xx_HAL_Driver/Src/stm32f1xx_hal_dma.o
LOAD Drivers/STM32F1xx_HAL_Driver/Src/stm32f1xx_hal_exti.o
LOAD Drivers/STM32F1xx_HAL_Driver/Src/stm32f1xx_hal_flash.o
LOAD Drivers/STM32F1xx_HAL_Driver/Src/stm32f1xx_hal_flash_ex.o
LOAD Drivers/STM32F1xx_HAL_Driver/Src/stm32f1xx_hal_gpio.o
LOAD Drivers/STM32F1xx_HAL_Driver/Src/stm32f1xx_hal_gpio_ex.o
LOAD Drivers/STM32F1xx_HAL_Driver/Src/stm32f1xx_hal_pcd.o
LOAD Drivers/STM32F1xx_HAL_Driver/Src/stm32f1xx_hal_pcd_ex.o
LOAD Drivers/STM32F1xx_HAL_Driver/Src/stm32f1xx_hal_pwr.o
LOAD Drivers/STM32F1xx_HAL_Driver/Src/stm32f1xx_hal_rcc.o
LOAD Drivers/STM32F1xx_HAL_Driver/Src/stm32f1xx_hal_rcc_ex.o
LOAD Drivers/STM32F1xx_HAL_Driver/Src/stm32f1xx_hal_spi.o
LOAD Drivers/STM32F1xx_HAL_Driver/Src/stm32f1xx_hal_tim.o
LOAD Drivers/STM32F1xx_HAL_Driver/Src/stm32f1xx_hal_tim_ex.o
LOAD Drivers/STM32F1xx_HAL_Driver/Src/stm32f1xx_hal_uart.o
LOAD Drivers/STM32F1xx_HAL_Driver/Src/stm32f1xx_ll_usb.o
LOAD FATFS/App/fatfs.o
LOAD FATFS/Target/user_diskio.o
LOAD Middlewares/ST/STM32_USB_Device_Library/Class/DFU/Src/usbd_dfu.o
LOAD Middlewares/ST/STM32_USB_Device_Library/Core/Src/usbd_core.o
LOAD Middlewares/ST/STM32_USB_Device_Library/Core/Src/usbd_ctlreq.o
LOAD Middlewares/ST/STM32_USB_Device_Library/Core/Src/usbd_ioreq.o
LOAD Middlewares/Third_Party/FatFs/src/diskio.o
LOAD Middlewares/Third_Party/FatFs/src/ff.o
LOAD Middlewares/Third_Party/FatFs/src/ff_gen_drv.o
LOAD Middlewares/Third_Party/FatFs/src/option/ccsbcs.o
LOAD Middlewares/Third_Party/FatFs/src/option/syscall.o
LOAD USB_DEVICE/App/usb_device.o
LOAD USB_DEVICE/App/usbd_desc.o
LOAD USB_DEVICE/App/usbd_dfu_if.o
LOAD USB_DEVICE/Target/usbd_conf.o
START GROUP
LOAD d:/program files/st/stm32cubeide_1.4.0/stm32cubeide/plugins/com.st.stm32cube.ide.mcu.externaltools.gnu-tools-for-stm32.7-2018-q2-update.win32_1.4.0.202007081208/tools/bin/../lib/gcc/arm-none-eabi/7.3.1/../../../../arm-none-eabi/lib/thumb/v7-m\libc_nano.a
LOAD d:/program files/st/stm32cubeide_1.4.0/stm32cubeide/plugins/com.st.stm32cube.ide.mcu.externaltools.gnu-tools-for-stm32.7-2018-q2-update.win32_1.4.0.202007081208/tools/bin/../lib/gcc/arm-none-eabi/7.3.1/../../../../arm-none-eabi/lib/thumb/v7-m\libm.a
END GROUP
START GROUP
LOAD d:/program files/st/stm32cubeide_1.4.0/stm32cubeide/plugins/com.st.stm32cube.ide.mcu.externaltools.gnu-tools-for-stm32.7-2018-q2-update.win32_1.4.0.202007081208/tools/bin/../lib/gcc/arm-none-eabi/7.3.1/thumb/v7-m\libgcc.a
LOAD d:/program files/st/stm32cubeide_1.4.0/stm32cubeide/plugins/com.st.stm32cube.ide.mcu.externaltools.gnu-tools-for-stm32.7-2018-q2-update.win32_1.4.0.202007081208/tools/bin/../lib/gcc/arm-none-eabi/7.3.1/../../../../arm-none-eabi/lib/thumb/v7-m\libc_nano.a
END GROUP
START GROUP
LOAD d:/program files/st/stm32cubeide_1.4.0/stm32cubeide/plugins/com.st.stm32cube.ide.mcu.externaltools.gnu-tools-for-stm32.7-2018-q2-update.win32_1.4.0.202007081208/tools/bin/../lib/gcc/arm-none-eabi/7.3.1/thumb/v7-m\libgcc.a
LOAD d:/program files/st/stm32cubeide_1.4.0/stm32cubeide/plugins/com.st.stm32cube.ide.mcu.externaltools.gnu-tools-for-stm32.7-2018-q2-update.win32_1.4.0.202007081208/tools/bin/../lib/gcc/arm-none-eabi/7.3.1/../../../../arm-none-eabi/lib/thumb/v7-m\libc_nano.a
LOAD d:/program files/st/stm32cubeide_1.4.0/stm32cubeide/plugins/com.st.stm32cube.ide.mcu.externaltools.gnu-tools-for-stm32.7-2018-q2-update.win32_1.4.0.202007081208/tools/bin/../lib/gcc/arm-none-eabi/7.3.1/../../../../arm-none-eabi/lib/thumb/v7-m\libnosys.a
END GROUP
START GROUP
LOAD d:/program files/st/stm32cubeide_1.4.0/stm32cubeide/plugins/com.st.stm32cube.ide.mcu.externaltools.gnu-tools-for-stm32.7-2018-q2-update.win32_1.4.0.202007081208/tools/bin/../lib/gcc/arm-none-eabi/7.3.1/thumb/v7-m\libgcc.a
LOAD d:/program files/st/stm32cubeide_1.4.0/stm32cubeide/plugins/com.st.stm32cube.ide.mcu.externaltools.gnu-tools-for-stm32.7-2018-q2-update.win32_1.4.0.202007081208/tools/bin/../lib/gcc/arm-none-eabi/7.3.1/../../../../arm-none-eabi/lib/thumb/v7-m\libc_nano.a
LOAD d:/program files/st/stm32cubeide_1.4.0/stm32cubeide/plugins/com.st.stm32cube.ide.mcu.externaltools.gnu-tools-for-stm32.7-2018-q2-update.win32_1.4.0.202007081208/tools/bin/../lib/gcc/arm-none-eabi/7.3.1/../../../../arm-none-eabi/lib/thumb/v7-m\libnosys.a
END GROUP
LOAD d:/program files/st/stm32cubeide_1.4.0/stm32cubeide/plugins/com.st.stm32cube.ide.mcu.externaltools.gnu-tools-for-stm32.7-2018-q2-update.win32_1.4.0.202007081208/tools/bin/../lib/gcc/arm-none-eabi/7.3.1/thumb/v7-m/crtend.o
LOAD d:/program files/st/stm32cubeide_1.4.0/stm32cubeide/plugins/com.st.stm32cube.ide.mcu.externaltools.gnu-tools-for-stm32.7-2018-q2-update.win32_1.4.0.202007081208/tools/bin/../lib/gcc/arm-none-eabi/7.3.1/thumb/v7-m/crtn.o
                0x0000000020005000                _estack = (ORIGIN (RAM) + LENGTH (RAM))
                0x0000000000000200                _Min_Heap_Size = 0x200
                0x0000000000000400                _Min_Stack_Size = 0x400

.isr_vector     0x0000000008000000      0x10c
                0x0000000008000000                . = ALIGN (0x4)
 *(.isr_vector)
 .isr_vector    0x0000000008000000      0x10c Core/Startup/startup_stm32f103c8tx.o
                0x0000000008000000                g_pfnVectors
                0x000000000800010c                . = ALIGN (0x4)

.text           0x000000000800010c     0x6af8
                0x000000000800010c                . = ALIGN (0x4)
 *(.text)
 .text          0x000000000800010c       0x40 d:/program files/st/stm32cubeide_1.4.0/stm32cubeide/plugins/com.st.stm32cube.ide.mcu.externaltools.gnu-tools-for-stm32.7-2018-q2-update.win32_1.4.0.202007081208/tools/bin/../lib/gcc/arm-none-eabi/7.3.1/thumb/v7-m/crtbegin.o
 .text          0x000000000800014c      0x378 d:/program files/st/stm32cubeide_1.4.0/stm32cubeide/plugins/com.st.stm32cube.ide.mcu.externaltools.gnu-tools-for-stm32.7-2018-q2-update.win32_1.4.0.202007081208/tools/bin/../lib/gcc/arm-none-eabi/7.3.1/thumb/v7-m\libgcc.a(_arm_addsubdf3.o)
                0x000000000800014c                __aeabi_drsub
                0x0000000008000154                __aeabi_dsub
                0x0000000008000154                __subdf3
                0x0000000008000158                __aeabi_dadd
                0x0000000008000158                __adddf3
                0x00000000080003d0                __floatunsidf
                0x00000000080003d0                __aeabi_ui2d
                0x00000000080003f0                __floatsidf
                0x00000000080003f0                __aeabi_i2d
                0x0000000008000414                __aeabi_f2d
                0x0000000008000414                __extendsfdf2
                0x0000000008000458                __floatundidf
                0x0000000008000458                __aeabi_ul2d
                0x0000000008000468                __floatdidf
                0x0000000008000468                __aeabi_l2d
 .text          0x00000000080004c4      0x424 d:/program files/st/stm32cubeide_1.4.0/stm32cubeide/plugins/com.st.stm32cube.ide.mcu.externaltools.gnu-tools-for-stm32.7-2018-q2-update.win32_1.4.0.202007081208/tools/bin/../lib/gcc/arm-none-eabi/7.3.1/thumb/v7-m\libgcc.a(_arm_muldivdf3.o)
                0x00000000080004c4                __aeabi_dmul
                0x00000000080004c4                __muldf3
                0x0000000008000718                __divdf3
                0x0000000008000718                __aeabi_ddiv
 .text          0x00000000080008e8       0x40 d:/program files/st/stm32cubeide_1.4.0/stm32cubeide/plugins/com.st.stm32cube.ide.mcu.externaltools.gnu-tools-for-stm32.7-2018-q2-update.win32_1.4.0.202007081208/tools/bin/../lib/gcc/arm-none-eabi/7.3.1/thumb/v7-m\libgcc.a(_arm_fixunsdfsi.o)
                0x00000000080008e8                __aeabi_d2uiz
                0x00000000080008e8                __fixunsdfsi
 *(.text*)
 .text.SPI_TxByte
                0x0000000008000928       0x2c Core/Src/fatfs_sd.o
 .text.SELECT   0x0000000008000954       0x10 Core/Src/fatfs_sd.o
 .text.DESELECT
                0x0000000008000964       0x10 Core/Src/fatfs_sd.o
 .text.SPI_RxByte
                0x0000000008000974       0x3c Core/Src/fatfs_sd.o
 .text.SD_PowerOn
                0x00000000080009b0       0x58 Core/Src/fatfs_sd.o
 .text.SD_ReadyWait
                0x0000000008000a08       0x20 Core/Src/fatfs_sd.o
 .text.SD_TxDataBlock
                0x0000000008000a28       0x6c Core/Src/fatfs_sd.o
 .text.SD_SendCmd
                0x0000000008000a94       0x64 Core/Src/fatfs_sd.o
 .text.SD_RxDataBlock
                0x0000000008000af8       0x54 Core/Src/fatfs_sd.o
 .text.SD_disk_initialize
                0x0000000008000b4c      0x148 Core/Src/fatfs_sd.o
                0x0000000008000b4c                SD_disk_initialize
 .text.SD_disk_status
                0x0000000008000c94       0x14 Core/Src/fatfs_sd.o
                0x0000000008000c94                SD_disk_status
 .text.SD_disk_read
                0x0000000008000ca8       0x8c Core/Src/fatfs_sd.o
                0x0000000008000ca8                SD_disk_read
 .text.SD_disk_write
                0x0000000008000d34       0xb0 Core/Src/fatfs_sd.o
                0x0000000008000d34                SD_disk_write
 .text.SD_disk_ioctl
                0x0000000008000de4      0x140 Core/Src/fatfs_sd.o
                0x0000000008000de4                SD_disk_ioctl
 .text.get_sd_capacity
                0x0000000008000f24       0x68 Core/Src/main.o
                0x0000000008000f24                get_sd_capacity
 .text.init_sd  0x0000000008000f8c       0x74 Core/Src/main.o
                0x0000000008000f8c                init_sd
 .text.SystemClock_Config
                0x0000000008001000       0x74 Core/Src/main.o
                0x0000000008001000                SystemClock_Config
 .text.startup.main
                0x0000000008001074      0x374 Core/Src/main.o
                0x0000000008001074                main
 .text.Error_Handler
                0x00000000080013e8        0x2 Core/Src/main.o
                0x00000000080013e8                Error_Handler
 *fill*         0x00000000080013ea        0x2 
 .text.HAL_MspInit
                0x00000000080013ec       0x44 Core/Src/stm32f1xx_hal_msp.o
                0x00000000080013ec                HAL_MspInit
 .text.HAL_ADC_MspInit
                0x0000000008001430       0xa4 Core/Src/stm32f1xx_hal_msp.o
                0x0000000008001430                HAL_ADC_MspInit
 .text.HAL_SPI_MspInit
                0x00000000080014d4       0xc0 Core/Src/stm32f1xx_hal_msp.o
                0x00000000080014d4                HAL_SPI_MspInit
 .text.HAL_TIM_Base_MspInit
                0x0000000008001594       0x98 Core/Src/stm32f1xx_hal_msp.o
                0x0000000008001594                HAL_TIM_Base_MspInit
 .text.HAL_TIM_MspPostInit
                0x000000000800162c       0x98 Core/Src/stm32f1xx_hal_msp.o
                0x000000000800162c                HAL_TIM_MspPostInit
 .text.HAL_UART_MspInit
                0x00000000080016c4       0x88 Core/Src/stm32f1xx_hal_msp.o
                0x00000000080016c4                HAL_UART_MspInit
 .text.SDTimerHandler
                0x000000000800174c       0x28 Core/Src/stm32f1xx_it.o
                0x000000000800174c                SDTimerHandler
 .text.NMI_Handler
                0x0000000008001774        0x2 Core/Src/stm32f1xx_it.o
                0x0000000008001774                NMI_Handler
 .text.HardFault_Handler
                0x0000000008001776        0x2 Core/Src/stm32f1xx_it.o
                0x0000000008001776                HardFault_Handler
 .text.MemManage_Handler
                0x0000000008001778        0x2 Core/Src/stm32f1xx_it.o
                0x0000000008001778                MemManage_Handler
 .text.BusFault_Handler
                0x000000000800177a        0x2 Core/Src/stm32f1xx_it.o
                0x000000000800177a                BusFault_Handler
 .text.UsageFault_Handler
                0x000000000800177c        0x2 Core/Src/stm32f1xx_it.o
                0x000000000800177c                UsageFault_Handler
 .text.SVC_Handler
                0x000000000800177e        0x2 Core/Src/stm32f1xx_it.o
                0x000000000800177e                SVC_Handler
 .text.DebugMon_Handler
                0x0000000008001780        0x2 Core/Src/stm32f1xx_it.o
                0x0000000008001780                DebugMon_Handler
 .text.PendSV_Handler
                0x0000000008001782        0x2 Core/Src/stm32f1xx_it.o
                0x0000000008001782                PendSV_Handler
 .text.SysTick_Handler
                0x0000000008001784       0x28 Core/Src/stm32f1xx_it.o
                0x0000000008001784                SysTick_Handler
 .text.EXTI1_IRQHandler
                0x00000000080017ac        0x6 Core/Src/stm32f1xx_it.o
                0x00000000080017ac                EXTI1_IRQHandler
 .text.EXTI2_IRQHandler
                0x00000000080017b2        0x6 Core/Src/stm32f1xx_it.o
                0x00000000080017b2                EXTI2_IRQHandler
 .text.EXTI3_IRQHandler
                0x00000000080017b8        0x6 Core/Src/stm32f1xx_it.o
                0x00000000080017b8                EXTI3_IRQHandler
 *fill*         0x00000000080017be        0x2 
 .text.USB_LP_CAN1_RX0_IRQHandler
                0x00000000080017c0        0xc Core/Src/stm32f1xx_it.o
                0x00000000080017c0                USB_LP_CAN1_RX0_IRQHandler
 .text.TIM1_UP_IRQHandler
                0x00000000080017cc        0xc Core/Src/stm32f1xx_it.o
                0x00000000080017cc                TIM1_UP_IRQHandler
 .text.TIM2_IRQHandler
                0x00000000080017d8        0xc Core/Src/stm32f1xx_it.o
                0x00000000080017d8                TIM2_IRQHandler
 .text.TIM3_IRQHandler
                0x00000000080017e4        0xc Core/Src/stm32f1xx_it.o
                0x00000000080017e4                TIM3_IRQHandler
 .text.USART1_IRQHandler
                0x00000000080017f0        0xc Core/Src/stm32f1xx_it.o
                0x00000000080017f0                USART1_IRQHandler
 .text.SystemInit
                0x00000000080017fc       0x4c Core/Src/system_stm32f1xx.o
                0x00000000080017fc                SystemInit
 .text.Reset_Handler
                0x0000000008001848       0x48 Core/Startup/startup_stm32f103c8tx.o
                0x0000000008001848                Reset_Handler
 .text.Default_Handler
                0x0000000008001890        0x2 Core/Startup/startup_stm32f103c8tx.o
                0x0000000008001890                RTC_Alarm_IRQHandler
                0x0000000008001890                TIM1_CC_IRQHandler
                0x0000000008001890                PVD_IRQHandler
                0x0000000008001890                EXTI0_IRQHandler
                0x0000000008001890                I2C2_EV_IRQHandler
                0x0000000008001890                ADC1_2_IRQHandler
                0x0000000008001890                SPI1_IRQHandler
                0x0000000008001890                TAMPER_IRQHandler
                0x0000000008001890                DMA1_Channel4_IRQHandler
                0x0000000008001890                USART3_IRQHandler
                0x0000000008001890                RTC_IRQHandler
                0x0000000008001890                DMA1_Channel7_IRQHandler
                0x0000000008001890                CAN1_RX1_IRQHandler
                0x0000000008001890                TIM4_IRQHandler
                0x0000000008001890                I2C1_EV_IRQHandler
                0x0000000008001890                DMA1_Channel6_IRQHandler
                0x0000000008001890                RCC_IRQHandler
                0x0000000008001890                TIM1_TRG_COM_IRQHandler
                0x0000000008001890                DMA1_Channel1_IRQHandler
                0x0000000008001890                Default_Handler
                0x0000000008001890                EXTI15_10_IRQHandler
                0x0000000008001890                EXTI9_5_IRQHandler
                0x0000000008001890                SPI2_IRQHandler
                0x0000000008001890                DMA1_Channel5_IRQHandler
                0x0000000008001890                EXTI4_IRQHandler
                0x0000000008001890                USB_HP_CAN1_TX_IRQHandler
                0x0000000008001890                DMA1_Channel3_IRQHandler
                0x0000000008001890                WWDG_IRQHandler
                0x0000000008001890                TIM1_BRK_IRQHandler
                0x0000000008001890                USART2_IRQHandler
                0x0000000008001890                I2C2_ER_IRQHandler
                0x0000000008001890                DMA1_Channel2_IRQHandler
                0x0000000008001890                CAN1_SCE_IRQHandler
                0x0000000008001890                FLASH_IRQHandler
                0x0000000008001890                I2C1_ER_IRQHandler
                0x0000000008001890                USBWakeUp_IRQHandler
 *fill*         0x0000000008001892        0x2 
 .text.HAL_InitTick
                0x0000000008001894       0x48 Drivers/STM32F1xx_HAL_Driver/Src/stm32f1xx_hal.o
                0x0000000008001894                HAL_InitTick
 .text.HAL_Init
                0x00000000080018dc       0x24 Drivers/STM32F1xx_HAL_Driver/Src/stm32f1xx_hal.o
                0x00000000080018dc                HAL_Init
 .text.HAL_IncTick
                0x0000000008001900       0x18 Drivers/STM32F1xx_HAL_Driver/Src/stm32f1xx_hal.o
                0x0000000008001900                HAL_IncTick
 .text.HAL_GetTick
                0x0000000008001918        0xc Drivers/STM32F1xx_HAL_Driver/Src/stm32f1xx_hal.o
                0x0000000008001918                HAL_GetTick
 .text.HAL_Delay
                0x0000000008001924       0x24 Drivers/STM32F1xx_HAL_Driver/Src/stm32f1xx_hal.o
                0x0000000008001924                HAL_Delay
 .text.HAL_ADC_ConfigChannel
                0x0000000008001948       0xfc Drivers/STM32F1xx_HAL_Driver/Src/stm32f1xx_hal_adc.o
                0x0000000008001948                HAL_ADC_ConfigChannel
 .text.ADC_ConversionStop_Disable
                0x0000000008001a44       0x44 Drivers/STM32F1xx_HAL_Driver/Src/stm32f1xx_hal_adc.o
                0x0000000008001a44                ADC_ConversionStop_Disable
 .text.HAL_ADC_Init
                0x0000000008001a88      0x100 Drivers/STM32F1xx_HAL_Driver/Src/stm32f1xx_hal_adc.o
                0x0000000008001a88                HAL_ADC_Init
 .text.HAL_NVIC_SetPriorityGrouping
                0x0000000008001b88       0x24 Drivers/STM32F1xx_HAL_Driver/Src/stm32f1xx_hal_cortex.o
                0x0000000008001b88                HAL_NVIC_SetPriorityGrouping
 .text.HAL_NVIC_SetPriority
                0x0000000008001bac       0x68 Drivers/STM32F1xx_HAL_Driver/Src/stm32f1xx_hal_cortex.o
                0x0000000008001bac                HAL_NVIC_SetPriority
 .text.HAL_NVIC_EnableIRQ
                0x0000000008001c14       0x1c Drivers/STM32F1xx_HAL_Driver/Src/stm32f1xx_hal_cortex.o
                0x0000000008001c14                HAL_NVIC_EnableIRQ
 .text.HAL_SYSTICK_Config
                0x0000000008001c30       0x2c Drivers/STM32F1xx_HAL_Driver/Src/stm32f1xx_hal_cortex.o
                0x0000000008001c30                HAL_SYSTICK_Config
 .text.HAL_DMA_Abort_IT
                0x0000000008001c5c       0x90 Drivers/STM32F1xx_HAL_Driver/Src/stm32f1xx_hal_dma.o
                0x0000000008001c5c                HAL_DMA_Abort_IT
 .text.HAL_GPIO_Init
                0x0000000008001cec      0x1c0 Drivers/STM32F1xx_HAL_Driver/Src/stm32f1xx_hal_gpio.o
                0x0000000008001cec                HAL_GPIO_Init
 .text.HAL_GPIO_WritePin
                0x0000000008001eac        0xa Drivers/STM32F1xx_HAL_Driver/Src/stm32f1xx_hal_gpio.o
                0x0000000008001eac                HAL_GPIO_WritePin
 .text.HAL_GPIO_EXTI_Callback
                0x0000000008001eb6        0x2 Drivers/STM32F1xx_HAL_Driver/Src/stm32f1xx_hal_gpio.o
                0x0000000008001eb6                HAL_GPIO_EXTI_Callback
 .text.HAL_GPIO_EXTI_IRQHandler
                0x0000000008001eb8       0x18 Drivers/STM32F1xx_HAL_Driver/Src/stm32f1xx_hal_gpio.o
                0x0000000008001eb8                HAL_GPIO_EXTI_IRQHandler
 .text.HAL_PCD_Init
                0x0000000008001ed0       0xea Drivers/STM32F1xx_HAL_Driver/Src/stm32f1xx_hal_pcd.o
                0x0000000008001ed0                HAL_PCD_Init
 .text.HAL_PCD_Start
                0x0000000008001fba       0x2e Drivers/STM32F1xx_HAL_Driver/Src/stm32f1xx_hal_pcd.o
                0x0000000008001fba                HAL_PCD_Start
 .text.HAL_PCD_Stop
                0x0000000008001fe8       0x3e Drivers/STM32F1xx_HAL_Driver/Src/stm32f1xx_hal_pcd.o
                0x0000000008001fe8                HAL_PCD_Stop
 .text.HAL_PCD_SetAddress
                0x0000000008002026       0x28 Drivers/STM32F1xx_HAL_Driver/Src/stm32f1xx_hal_pcd.o
                0x0000000008002026                HAL_PCD_SetAddress
 .text.HAL_PCD_EP_Open
                0x000000000800204e       0x66 Drivers/STM32F1xx_HAL_Driver/Src/stm32f1xx_hal_pcd.o
                0x000000000800204e                HAL_PCD_EP_Open
 .text.HAL_PCD_EP_Receive
                0x00000000080020b4       0x30 Drivers/STM32F1xx_HAL_Driver/Src/stm32f1xx_hal_pcd.o
                0x00000000080020b4                HAL_PCD_EP_Receive
 .text.HAL_PCD_EP_Transmit
                0x00000000080020e4       0x2c Drivers/STM32F1xx_HAL_Driver/Src/stm32f1xx_hal_pcd.o
                0x00000000080020e4                HAL_PCD_EP_Transmit
 .text.HAL_PCD_IRQHandler
                0x0000000008002110      0x42c Drivers/STM32F1xx_HAL_Driver/Src/stm32f1xx_hal_pcd.o
                0x0000000008002110                HAL_PCD_IRQHandler
 .text.HAL_PCD_EP_SetStall
                0x000000000800253c       0x68 Drivers/STM32F1xx_HAL_Driver/Src/stm32f1xx_hal_pcd.o
                0x000000000800253c                HAL_PCD_EP_SetStall
 .text.HAL_PCD_EP_ClrStall
                0x00000000080025a4       0x66 Drivers/STM32F1xx_HAL_Driver/Src/stm32f1xx_hal_pcd.o
                0x00000000080025a4                HAL_PCD_EP_ClrStall
 .text.HAL_PCDEx_PMAConfig
                0x000000000800260a       0x32 Drivers/STM32F1xx_HAL_Driver/Src/stm32f1xx_hal_pcd_ex.o
                0x000000000800260a                HAL_PCDEx_PMAConfig
 .text.HAL_RCC_OscConfig
                0x000000000800263c      0x33c Drivers/STM32F1xx_HAL_Driver/Src/stm32f1xx_hal_rcc.o
                0x000000000800263c                HAL_RCC_OscConfig
 .text.HAL_RCC_GetSysClockFreq
                0x0000000008002978       0x74 Drivers/STM32F1xx_HAL_Driver/Src/stm32f1xx_hal_rcc.o
                0x0000000008002978                HAL_RCC_GetSysClockFreq
 .text.HAL_RCC_ClockConfig
                0x00000000080029ec      0x138 Drivers/STM32F1xx_HAL_Driver/Src/stm32f1xx_hal_rcc.o
                0x00000000080029ec                HAL_RCC_ClockConfig
 .text.HAL_RCC_GetPCLK1Freq
                0x0000000008002b24       0x20 Drivers/STM32F1xx_HAL_Driver/Src/stm32f1xx_hal_rcc.o
                0x0000000008002b24                HAL_RCC_GetPCLK1Freq
 .text.HAL_RCC_GetPCLK2Freq
                0x0000000008002b44       0x20 Drivers/STM32F1xx_HAL_Driver/Src/stm32f1xx_hal_rcc.o
                0x0000000008002b44                HAL_RCC_GetPCLK2Freq
 .text.HAL_RCCEx_PeriphCLKConfig
                0x0000000008002b64       0xf0 Drivers/STM32F1xx_HAL_Driver/Src/stm32f1xx_hal_rcc_ex.o
                0x0000000008002b64                HAL_RCCEx_PeriphCLKConfig
 .text.SPI_WaitFlagStateUntilTimeout.constprop.6
                0x0000000008002c54       0x76 Drivers/STM32F1xx_HAL_Driver/Src/stm32f1xx_hal_spi.o
 .text.SPI_EndRxTxTransaction
                0x0000000008002cca       0x1c Drivers/STM32F1xx_HAL_Driver/Src/stm32f1xx_hal_spi.o
 .text.HAL_SPI_Init
                0x0000000008002ce6       0x76 Drivers/STM32F1xx_HAL_Driver/Src/stm32f1xx_hal_spi.o
                0x0000000008002ce6                HAL_SPI_Init
 .text.HAL_SPI_Transmit
                0x0000000008002d5c      0x152 Drivers/STM32F1xx_HAL_Driver/Src/stm32f1xx_hal_spi.o
                0x0000000008002d5c                HAL_SPI_Transmit
 .text.HAL_SPI_TransmitReceive
                0x0000000008002eae      0x1e0 Drivers/STM32F1xx_HAL_Driver/Src/stm32f1xx_hal_spi.o
                0x0000000008002eae                HAL_SPI_TransmitReceive
 .text.HAL_SPI_GetState
                0x000000000800308e        0x6 Drivers/STM32F1xx_HAL_Driver/Src/stm32f1xx_hal_spi.o
                0x000000000800308e                HAL_SPI_GetState
 .text.TIM_OC1_SetConfig
                0x0000000008003094       0x50 Drivers/STM32F1xx_HAL_Driver/Src/stm32f1xx_hal_tim.o
 .text.TIM_OC3_SetConfig
                0x00000000080030e4       0x54 Drivers/STM32F1xx_HAL_Driver/Src/stm32f1xx_hal_tim.o
 .text.TIM_OC4_SetConfig
                0x0000000008003138       0x44 Drivers/STM32F1xx_HAL_Driver/Src/stm32f1xx_hal_tim.o
 .text.HAL_TIM_Base_Start_IT
                0x000000000800317c       0x20 Drivers/STM32F1xx_HAL_Driver/Src/stm32f1xx_hal_tim.o
                0x000000000800317c                HAL_TIM_Base_Start_IT
 .text.HAL_TIM_PWM_MspInit
                0x000000000800319c        0x2 Drivers/STM32F1xx_HAL_Driver/Src/stm32f1xx_hal_tim.o
                0x000000000800319c                HAL_TIM_PWM_MspInit
 .text.HAL_TIM_PeriodElapsedCallback
                0x000000000800319e        0x2 Drivers/STM32F1xx_HAL_Driver/Src/stm32f1xx_hal_tim.o
                0x000000000800319e                HAL_TIM_PeriodElapsedCallback
 .text.HAL_TIM_OC_DelayElapsedCallback
                0x00000000080031a0        0x2 Drivers/STM32F1xx_HAL_Driver/Src/stm32f1xx_hal_tim.o
                0x00000000080031a0                HAL_TIM_OC_DelayElapsedCallback
 .text.HAL_TIM_IC_CaptureCallback
                0x00000000080031a2        0x2 Drivers/STM32F1xx_HAL_Driver/Src/stm32f1xx_hal_tim.o
                0x00000000080031a2                HAL_TIM_IC_CaptureCallback
 .text.HAL_TIM_PWM_PulseFinishedCallback
                0x00000000080031a4        0x2 Drivers/STM32F1xx_HAL_Driver/Src/stm32f1xx_hal_tim.o
                0x00000000080031a4                HAL_TIM_PWM_PulseFinishedCallback
 .text.HAL_TIM_TriggerCallback
                0x00000000080031a6        0x2 Drivers/STM32F1xx_HAL_Driver/Src/stm32f1xx_hal_tim.o
                0x00000000080031a6                HAL_TIM_TriggerCallback
 .text.HAL_TIM_IRQHandler
                0x00000000080031a8      0x144 Drivers/STM32F1xx_HAL_Driver/Src/stm32f1xx_hal_tim.o
                0x00000000080031a8                HAL_TIM_IRQHandler
 .text.TIM_Base_SetConfig
                0x00000000080032ec       0x70 Drivers/STM32F1xx_HAL_Driver/Src/stm32f1xx_hal_tim.o
                0x00000000080032ec                TIM_Base_SetConfig
 .text.HAL_TIM_Base_Init
                0x000000000800335c       0x34 Drivers/STM32F1xx_HAL_Driver/Src/stm32f1xx_hal_tim.o
                0x000000000800335c                HAL_TIM_Base_Init
 .text.HAL_TIM_PWM_Init
                0x0000000008003390       0x34 Drivers/STM32F1xx_HAL_Driver/Src/stm32f1xx_hal_tim.o
                0x0000000008003390                HAL_TIM_PWM_Init
 .text.TIM_OC2_SetConfig
                0x00000000080033c4       0x58 Drivers/STM32F1xx_HAL_Driver/Src/stm32f1xx_hal_tim.o
                0x00000000080033c4                TIM_OC2_SetConfig
 .text.HAL_TIM_PWM_ConfigChannel
                0x000000000800341c       0xc4 Drivers/STM32F1xx_HAL_Driver/Src/stm32f1xx_hal_tim.o
                0x000000000800341c                HAL_TIM_PWM_ConfigChannel
 .text.TIM_ETR_SetConfig
                0x00000000080034e0       0x14 Drivers/STM32F1xx_HAL_Driver/Src/stm32f1xx_hal_tim.o
                0x00000000080034e0                TIM_ETR_SetConfig
 .text.HAL_TIM_ConfigClockSource
                0x00000000080034f4      0x128 Drivers/STM32F1xx_HAL_Driver/Src/stm32f1xx_hal_tim.o
                0x00000000080034f4                HAL_TIM_ConfigClockSource
 .text.HAL_TIMEx_MasterConfigSynchronization
                0x000000000800361c       0x3c Drivers/STM32F1xx_HAL_Driver/Src/stm32f1xx_hal_tim_ex.o
                0x000000000800361c                HAL_TIMEx_MasterConfigSynchronization
 .text.HAL_TIMEx_CommutCallback
                0x0000000008003658        0x2 Drivers/STM32F1xx_HAL_Driver/Src/stm32f1xx_hal_tim_ex.o
                0x0000000008003658                HAL_TIMEx_CommutCallback
 .text.HAL_TIMEx_BreakCallback
                0x000000000800365a        0x2 Drivers/STM32F1xx_HAL_Driver/Src/stm32f1xx_hal_tim_ex.o
                0x000000000800365a                HAL_TIMEx_BreakCallback
 .text.UART_EndRxTransfer
                0x000000000800365c       0x1a Drivers/STM32F1xx_HAL_Driver/Src/stm32f1xx_hal_uart.o
 *fill*         0x0000000008003676        0x2 
 .text.UART_SetConfig
                0x0000000008003678       0x74 Drivers/STM32F1xx_HAL_Driver/Src/stm32f1xx_hal_uart.o
 .text.HAL_UART_Init
                0x00000000080036ec       0x5c Drivers/STM32F1xx_HAL_Driver/Src/stm32f1xx_hal_uart.o
                0x00000000080036ec                HAL_UART_Init
 .text.HAL_UART_TxCpltCallback
                0x0000000008003748        0x2 Drivers/STM32F1xx_HAL_Driver/Src/stm32f1xx_hal_uart.o
                0x0000000008003748                HAL_UART_TxCpltCallback
 .text.HAL_UART_RxCpltCallback
                0x000000000800374a        0x2 Drivers/STM32F1xx_HAL_Driver/Src/stm32f1xx_hal_uart.o
                0x000000000800374a                HAL_UART_RxCpltCallback
 .text.UART_Receive_IT
                0x000000000800374c       0x76 Drivers/STM32F1xx_HAL_Driver/Src/stm32f1xx_hal_uart.o
 .text.HAL_UART_ErrorCallback
                0x00000000080037c2        0x2 Drivers/STM32F1xx_HAL_Driver/Src/stm32f1xx_hal_uart.o
                0x00000000080037c2                HAL_UART_ErrorCallback
 .text.HAL_UART_IRQHandler
                0x00000000080037c4      0x140 Drivers/STM32F1xx_HAL_Driver/Src/stm32f1xx_hal_uart.o
                0x00000000080037c4                HAL_UART_IRQHandler
 .text.UART_DMAAbortOnError
                0x0000000008003904       0x10 Drivers/STM32F1xx_HAL_Driver/Src/stm32f1xx_hal_uart.o
 .text.USB_CoreInit
                0x0000000008003914        0xe Drivers/STM32F1xx_HAL_Driver/Src/stm32f1xx_ll_usb.o
                0x0000000008003914                USB_CoreInit
 .text.USB_EnableGlobalInt
                0x0000000008003922       0x10 Drivers/STM32F1xx_HAL_Driver/Src/stm32f1xx_ll_usb.o
                0x0000000008003922                USB_EnableGlobalInt
 .text.USB_DisableGlobalInt
                0x0000000008003932       0x14 Drivers/STM32F1xx_HAL_Driver/Src/stm32f1xx_ll_usb.o
                0x0000000008003932                USB_DisableGlobalInt
 .text.USB_SetCurrentMode
                0x0000000008003946        0x4 Drivers/STM32F1xx_HAL_Driver/Src/stm32f1xx_ll_usb.o
                0x0000000008003946                USB_SetCurrentMode
 .text.USB_DevInit
                0x000000000800394a       0x34 Drivers/STM32F1xx_HAL_Driver/Src/stm32f1xx_ll_usb.o
                0x000000000800394a                USB_DevInit
 *fill*         0x000000000800397e        0x2 
 .text.USB_ActivateEndpoint
                0x0000000008003980      0x2b4 Drivers/STM32F1xx_HAL_Driver/Src/stm32f1xx_ll_usb.o
                0x0000000008003980                USB_ActivateEndpoint
 .text.USB_EPSetStall
                0x0000000008003c34       0x38 Drivers/STM32F1xx_HAL_Driver/Src/stm32f1xx_ll_usb.o
                0x0000000008003c34                USB_EPSetStall
 .text.USB_EPClearStall
                0x0000000008003c6c       0x86 Drivers/STM32F1xx_HAL_Driver/Src/stm32f1xx_ll_usb.o
                0x0000000008003c6c                USB_EPClearStall
 .text.USB_StopDevice
                0x0000000008003cf2       0x16 Drivers/STM32F1xx_HAL_Driver/Src/stm32f1xx_ll_usb.o
                0x0000000008003cf2                USB_StopDevice
 .text.USB_SetDevAddress
                0x0000000008003d08        0xc Drivers/STM32F1xx_HAL_Driver/Src/stm32f1xx_ll_usb.o
                0x0000000008003d08                USB_SetDevAddress
 .text.USB_DevConnect
                0x0000000008003d14        0x4 Drivers/STM32F1xx_HAL_Driver/Src/stm32f1xx_ll_usb.o
                0x0000000008003d14                USB_DevConnect
 .text.USB_DevDisconnect
                0x0000000008003d18        0x4 Drivers/STM32F1xx_HAL_Driver/Src/stm32f1xx_ll_usb.o
                0x0000000008003d18                USB_DevDisconnect
 .text.USB_ReadInterrupts
                0x0000000008003d1c        0x6 Drivers/STM32F1xx_HAL_Driver/Src/stm32f1xx_ll_usb.o
                0x0000000008003d1c                USB_ReadInterrupts
 .text.USB_EP0_OutStart
                0x0000000008003d22        0x4 Drivers/STM32F1xx_HAL_Driver/Src/stm32f1xx_ll_usb.o
                0x0000000008003d22                USB_EP0_OutStart
 .text.USB_WritePMA
                0x0000000008003d26       0x20 Drivers/STM32F1xx_HAL_Driver/Src/stm32f1xx_ll_usb.o
                0x0000000008003d26                USB_WritePMA
 *fill*         0x0000000008003d46        0x2 
 .text.USB_EPStartXfer
                0x0000000008003d48      0x1a8 Drivers/STM32F1xx_HAL_Driver/Src/stm32f1xx_ll_usb.o
                0x0000000008003d48                USB_EPStartXfer
 .text.USB_ReadPMA
                0x0000000008003ef0       0x38 Drivers/STM32F1xx_HAL_Driver/Src/stm32f1xx_ll_usb.o
                0x0000000008003ef0                USB_ReadPMA
 .text.MX_FATFS_Init
                0x0000000008003f28       0x1c FATFS/App/fatfs.o
                0x0000000008003f28                MX_FATFS_Init
 .text.get_fattime
                0x0000000008003f44        0x4 FATFS/App/fatfs.o
                0x0000000008003f44                get_fattime
 .text.USER_initialize
                0x0000000008003f48        0xa FATFS/Target/user_diskio.o
                0x0000000008003f48                USER_initialize
 .text.USER_status
                0x0000000008003f52        0xa FATFS/Target/user_diskio.o
                0x0000000008003f52                USER_status
 .text.USER_read
                0x0000000008003f5c        0xa FATFS/Target/user_diskio.o
                0x0000000008003f5c                USER_read
 .text.USER_write
                0x0000000008003f66        0xa FATFS/Target/user_diskio.o
                0x0000000008003f66                USER_write
 .text.USER_ioctl
                0x0000000008003f70        0xa FATFS/Target/user_diskio.o
                0x0000000008003f70                USER_ioctl
 *fill*         0x0000000008003f7a        0x2 
 .text.USBD_DFU_GetCfgDesc
                0x0000000008003f7c        0xc Middlewares/ST/STM32_USB_Device_Library/Class/DFU/Src/usbd_dfu.o
 .text.USBD_DFU_DataIn
                0x0000000008003f88        0x4 Middlewares/ST/STM32_USB_Device_Library/Class/DFU/Src/usbd_dfu.o
 .text.USBD_DFU_EP0_RxReady
                0x0000000008003f8c        0x4 Middlewares/ST/STM32_USB_Device_Library/Class/DFU/Src/usbd_dfu.o
 .text.USBD_DFU_GetDeviceQualifierDesc
                0x0000000008003f90        0xc Middlewares/ST/STM32_USB_Device_Library/Class/DFU/Src/usbd_dfu.o
 .text.USBD_DFU_GetUsrStringDesc
                0x0000000008003f9c       0x20 Middlewares/ST/STM32_USB_Device_Library/Class/DFU/Src/usbd_dfu.o
 .text.USBD_DFU_EP0_TxReady
                0x0000000008003fbc      0x15c Middlewares/ST/STM32_USB_Device_Library/Class/DFU/Src/usbd_dfu.o
 .text.USBD_DFU_DeInit
                0x0000000008004118       0x38 Middlewares/ST/STM32_USB_Device_Library/Class/DFU/Src/usbd_dfu.o
 .text.USBD_DFU_Init
                0x0000000008004150       0x48 Middlewares/ST/STM32_USB_Device_Library/Class/DFU/Src/usbd_dfu.o
 .text.USBD_DFU_Setup
                0x0000000008004198      0x320 Middlewares/ST/STM32_USB_Device_Library/Class/DFU/Src/usbd_dfu.o
 .text.USBD_DFU_IsoOutIncomplete
                0x00000000080044b8        0x4 Middlewares/ST/STM32_USB_Device_Library/Class/DFU/Src/usbd_dfu.o
 .text.USBD_DFU_DataOut
                0x00000000080044bc        0x4 Middlewares/ST/STM32_USB_Device_Library/Class/DFU/Src/usbd_dfu.o
 .text.USBD_DFU_IsoINIncomplete
                0x00000000080044c0        0x4 Middlewares/ST/STM32_USB_Device_Library/Class/DFU/Src/usbd_dfu.o
 .text.USBD_DFU_SOF
                0x00000000080044c4        0x4 Middlewares/ST/STM32_USB_Device_Library/Class/DFU/Src/usbd_dfu.o
 .text.USBD_DFU_RegisterMedia
                0x00000000080044c8        0xa Middlewares/ST/STM32_USB_Device_Library/Class/DFU/Src/usbd_dfu.o
                0x00000000080044c8                USBD_DFU_RegisterMedia
 .text.USBD_Init
                0x00000000080044d2       0x2a Middlewares/ST/STM32_USB_Device_Library/Core/Src/usbd_core.o
                0x00000000080044d2                USBD_Init
 .text.USBD_RegisterClass
                0x00000000080044fc        0xe Middlewares/ST/STM32_USB_Device_Library/Core/Src/usbd_core.o
                0x00000000080044fc                USBD_RegisterClass
 .text.USBD_Start
                0x000000000800450a        0xa Middlewares/ST/STM32_USB_Device_Library/Core/Src/usbd_core.o
                0x000000000800450a                USBD_Start
 .text.USBD_Stop
                0x0000000008004514       0x18 Middlewares/ST/STM32_USB_Device_Library/Core/Src/usbd_core.o
                0x0000000008004514                USBD_Stop
 .text.USBD_SetClassConfig
                0x000000000800452c       0x16 Middlewares/ST/STM32_USB_Device_Library/Core/Src/usbd_core.o
                0x000000000800452c                USBD_SetClassConfig
 .text.USBD_ClrClassConfig
                0x0000000008004542        0xe Middlewares/ST/STM32_USB_Device_Library/Core/Src/usbd_core.o
                0x0000000008004542                USBD_ClrClassConfig
 .text.USBD_LL_SetupStage
                0x0000000008004550       0x5a Middlewares/ST/STM32_USB_Device_Library/Core/Src/usbd_core.o
                0x0000000008004550                USBD_LL_SetupStage
 .text.USBD_LL_DataOutStage
                0x00000000080045aa       0x74 Middlewares/ST/STM32_USB_Device_Library/Core/Src/usbd_core.o
                0x00000000080045aa                USBD_LL_DataOutStage
 .text.USBD_LL_DataInStage
                0x000000000800461e       0xb6 Middlewares/ST/STM32_USB_Device_Library/Core/Src/usbd_core.o
                0x000000000800461e                USBD_LL_DataInStage
 .text.USBD_LL_Reset
                0x00000000080046d4       0x4e Middlewares/ST/STM32_USB_Device_Library/Core/Src/usbd_core.o
                0x00000000080046d4                USBD_LL_Reset
 .text.USBD_LL_SetSpeed
                0x0000000008004722        0x6 Middlewares/ST/STM32_USB_Device_Library/Core/Src/usbd_core.o
                0x0000000008004722                USBD_LL_SetSpeed
 .text.USBD_LL_Suspend
                0x0000000008004728       0x12 Middlewares/ST/STM32_USB_Device_Library/Core/Src/usbd_core.o
                0x0000000008004728                USBD_LL_Suspend
 .text.USBD_LL_Resume
                0x000000000800473a       0x14 Middlewares/ST/STM32_USB_Device_Library/Core/Src/usbd_core.o
                0x000000000800473a                USBD_LL_Resume
 .text.USBD_LL_SOF
                0x000000000800474e       0x18 Middlewares/ST/STM32_USB_Device_Library/Core/Src/usbd_core.o
                0x000000000800474e                USBD_LL_SOF
 .text.USBD_CtlError.constprop.1
                0x0000000008004766       0x16 Middlewares/ST/STM32_USB_Device_Library/Core/Src/usbd_ctlreq.o
 .text.USBD_StdDevReq
                0x000000000800477c      0x260 Middlewares/ST/STM32_USB_Device_Library/Core/Src/usbd_ctlreq.o
                0x000000000800477c                USBD_StdDevReq
 .text.USBD_StdItfReq
                0x00000000080049dc       0x4a Middlewares/ST/STM32_USB_Device_Library/Core/Src/usbd_ctlreq.o
                0x00000000080049dc                USBD_StdItfReq
 .text.USBD_StdEPReq
                0x0000000008004a26      0x112 Middlewares/ST/STM32_USB_Device_Library/Core/Src/usbd_ctlreq.o
                0x0000000008004a26                USBD_StdEPReq
 .text.USBD_ParseSetupRequest
                0x0000000008004b38       0x28 Middlewares/ST/STM32_USB_Device_Library/Core/Src/usbd_ctlreq.o
                0x0000000008004b38                USBD_ParseSetupRequest
 .text.USBD_CtlError
                0x0000000008004b60       0x16 Middlewares/ST/STM32_USB_Device_Library/Core/Src/usbd_ctlreq.o
                0x0000000008004b60                USBD_CtlError
 .text.USBD_GetString
                0x0000000008004b76       0x38 Middlewares/ST/STM32_USB_Device_Library/Core/Src/usbd_ctlreq.o
                0x0000000008004b76                USBD_GetString
 .text.USBD_CtlSendData
                0x0000000008004bae       0x1a Middlewares/ST/STM32_USB_Device_Library/Core/Src/usbd_ioreq.o
                0x0000000008004bae                USBD_CtlSendData
 .text.USBD_CtlContinueSendData
                0x0000000008004bc8       0x10 Middlewares/ST/STM32_USB_Device_Library/Core/Src/usbd_ioreq.o
                0x0000000008004bc8                USBD_CtlContinueSendData
 .text.USBD_CtlPrepareRx
                0x0000000008004bd8       0x1e Middlewares/ST/STM32_USB_Device_Library/Core/Src/usbd_ioreq.o
                0x0000000008004bd8                USBD_CtlPrepareRx
 .text.USBD_CtlContinueRx
                0x0000000008004bf6       0x10 Middlewares/ST/STM32_USB_Device_Library/Core/Src/usbd_ioreq.o
                0x0000000008004bf6                USBD_CtlContinueRx
 .text.USBD_CtlSendStatus
                0x0000000008004c06       0x16 Middlewares/ST/STM32_USB_Device_Library/Core/Src/usbd_ioreq.o
                0x0000000008004c06                USBD_CtlSendStatus
 .text.USBD_CtlReceiveStatus
                0x0000000008004c1c       0x16 Middlewares/ST/STM32_USB_Device_Library/Core/Src/usbd_ioreq.o
                0x0000000008004c1c                USBD_CtlReceiveStatus
 *fill*         0x0000000008004c32        0x2 
 .text.disk_status
                0x0000000008004c34       0x14 Middlewares/Third_Party/FatFs/src/diskio.o
                0x0000000008004c34                disk_status
 .text.disk_initialize
                0x0000000008004c48       0x20 Middlewares/Third_Party/FatFs/src/diskio.o
                0x0000000008004c48                disk_initialize
 .text.disk_read
                0x0000000008004c68       0x1c Middlewares/Third_Party/FatFs/src/diskio.o
                0x0000000008004c68                disk_read
 .text.disk_write
                0x0000000008004c84       0x1c Middlewares/Third_Party/FatFs/src/diskio.o
                0x0000000008004c84                disk_write
 .text.disk_ioctl
                0x0000000008004ca0       0x18 Middlewares/Third_Party/FatFs/src/diskio.o
                0x0000000008004ca0                disk_ioctl
 .text.mem_cpy  0x0000000008004cb8       0x14 Middlewares/Third_Party/FatFs/src/ff.o
 .text.mem_set  0x0000000008004ccc        0xe Middlewares/Third_Party/FatFs/src/ff.o
 *fill*         0x0000000008004cda        0x2 
 .text.chk_lock
                0x0000000008004cdc       0x8c Middlewares/Third_Party/FatFs/src/ff.o
 .text.inc_lock
                0x0000000008004d68       0xa4 Middlewares/Third_Party/FatFs/src/ff.o
 .text.dec_lock
                0x0000000008004e0c       0x40 Middlewares/Third_Party/FatFs/src/ff.o
 .text.clmt_clust
                0x0000000008004e4c       0x36 Middlewares/Third_Party/FatFs/src/ff.o
 .text.sum_sfn  0x0000000008004e82       0x1e Middlewares/Third_Party/FatFs/src/ff.o
 .text.get_ldnumber
                0x0000000008004ea0       0x30 Middlewares/Third_Party/FatFs/src/ff.o
 .text.validate
                0x0000000008004ed0       0x38 Middlewares/Third_Party/FatFs/src/ff.o
 .text.ld_clust.isra.0
                0x0000000008004f08       0x1c Middlewares/Third_Party/FatFs/src/ff.o
 .text.sync_window.part.1
                0x0000000008004f24       0x66 Middlewares/Third_Party/FatFs/src/ff.o
 .text.sync_window
                0x0000000008004f8a       0x10 Middlewares/Third_Party/FatFs/src/ff.o
 .text.move_window
                0x0000000008004f9a       0x3c Middlewares/Third_Party/FatFs/src/ff.o
 *fill*         0x0000000008004fd6        0x2 
 .text.check_fs
                0x0000000008004fd8       0x5c Middlewares/Third_Party/FatFs/src/ff.o
 .text.find_volume
                0x0000000008005034      0x2f8 Middlewares/Third_Party/FatFs/src/ff.o
 .text.sync_fs  0x000000000800532c       0xbc Middlewares/Third_Party/FatFs/src/ff.o
 .text.clust2sect
                0x00000000080053e8       0x24 Middlewares/Third_Party/FatFs/src/ff.o
                0x00000000080053e8                clust2sect
 .text.get_fat  0x000000000800540c      0x10e Middlewares/Third_Party/FatFs/src/ff.o
                0x000000000800540c                get_fat
 .text.dir_sdi  0x000000000800551a       0xd4 Middlewares/Third_Party/FatFs/src/ff.o
 .text.put_fat  0x00000000080055ee      0x144 Middlewares/Third_Party/FatFs/src/ff.o
                0x00000000080055ee                put_fat
 .text.create_chain
                0x0000000008005732       0xc6 Middlewares/Third_Party/FatFs/src/ff.o
 .text.dir_next
                0x00000000080057f8      0x150 Middlewares/Third_Party/FatFs/src/ff.o
 .text.dir_find.part.7
                0x0000000008005948      0x158 Middlewares/Third_Party/FatFs/src/ff.o
 .text.follow_path
                0x0000000008005aa0      0x274 Middlewares/Third_Party/FatFs/src/ff.o
 .text.dir_register
                0x0000000008005d14      0x294 Middlewares/Third_Party/FatFs/src/ff.o
 .text.remove_chain
                0x0000000008005fa8       0x70 Middlewares/Third_Party/FatFs/src/ff.o
 .text.f_mount  0x0000000008006018       0x70 Middlewares/Third_Party/FatFs/src/ff.o
                0x0000000008006018                f_mount
 .text.f_open   0x0000000008006088      0x22c Middlewares/Third_Party/FatFs/src/ff.o
                0x0000000008006088                f_open
 .text.f_write  0x00000000080062b4      0x24a Middlewares/Third_Party/FatFs/src/ff.o
                0x00000000080062b4                f_write
 .text.putc_bfd
                0x00000000080064fe       0x44 Middlewares/Third_Party/FatFs/src/ff.o
 .text.f_sync   0x0000000008006542       0xcc Middlewares/Third_Party/FatFs/src/ff.o
                0x0000000008006542                f_sync
 .text.f_close  0x000000000800660e       0x26 Middlewares/Third_Party/FatFs/src/ff.o
                0x000000000800660e                f_close
 .text.f_getfree
                0x0000000008006634       0xf0 Middlewares/Third_Party/FatFs/src/ff.o
                0x0000000008006634                f_getfree
 .text.f_puts   0x0000000008006724       0x44 Middlewares/Third_Party/FatFs/src/ff.o
                0x0000000008006724                f_puts
 .text.FATFS_LinkDriverEx
                0x0000000008006768       0x44 Middlewares/Third_Party/FatFs/src/ff_gen_drv.o
                0x0000000008006768                FATFS_LinkDriverEx
 .text.FATFS_LinkDriver
                0x00000000080067ac        0x6 Middlewares/Third_Party/FatFs/src/ff_gen_drv.o
                0x00000000080067ac                FATFS_LinkDriver
 *fill*         0x00000000080067b2        0x2 
 .text.ff_convert
                0x00000000080067b4       0x3c Middlewares/Third_Party/FatFs/src/option/ccsbcs.o
                0x00000000080067b4                ff_convert
 .text.ff_wtoupper
                0x00000000080067f0       0x24 Middlewares/Third_Party/FatFs/src/option/ccsbcs.o
                0x00000000080067f0                ff_wtoupper
 .text.MX_USB_DEVICE_Init
                0x0000000008006814       0x50 USB_DEVICE/App/usb_device.o
                0x0000000008006814                MX_USB_DEVICE_Init
 .text.USBD_FS_DeviceDescriptor
                0x0000000008006864        0xc USB_DEVICE/App/usbd_desc.o
                0x0000000008006864                USBD_FS_DeviceDescriptor
 .text.USBD_FS_LangIDStrDescriptor
                0x0000000008006870        0xc USB_DEVICE/App/usbd_desc.o
                0x0000000008006870                USBD_FS_LangIDStrDescriptor
 .text.IntToUnicode
                0x000000000800687c       0x2a USB_DEVICE/App/usbd_desc.o
 *fill*         0x00000000080068a6        0x2 
 .text.USBD_FS_SerialStrDescriptor
                0x00000000080068a8       0x40 USB_DEVICE/App/usbd_desc.o
                0x00000000080068a8                USBD_FS_SerialStrDescriptor
 .text.USBD_FS_ManufacturerStrDescriptor
                0x00000000080068e8       0x1c USB_DEVICE/App/usbd_desc.o
                0x00000000080068e8                USBD_FS_ManufacturerStrDescriptor
 .text.USBD_FS_ProductStrDescriptor
                0x0000000008006904       0x1c USB_DEVICE/App/usbd_desc.o
                0x0000000008006904                USBD_FS_ProductStrDescriptor
 .text.USBD_FS_ConfigStrDescriptor
                0x0000000008006920       0x1c USB_DEVICE/App/usbd_desc.o
                0x0000000008006920                USBD_FS_ConfigStrDescriptor
 .text.USBD_FS_InterfaceStrDescriptor
                0x000000000800693c       0x1c USB_DEVICE/App/usbd_desc.o
                0x000000000800693c                USBD_FS_InterfaceStrDescriptor
 .text.MEM_If_Init_FS
                0x0000000008006958        0x4 USB_DEVICE/App/usbd_dfu_if.o
 .text.MEM_If_Erase_FS
                0x000000000800695c        0x4 USB_DEVICE/App/usbd_dfu_if.o
 .text.MEM_If_Write_FS
                0x0000000008006960        0x4 USB_DEVICE/App/usbd_dfu_if.o
 .text.MEM_If_Read_FS
                0x0000000008006964        0x4 USB_DEVICE/App/usbd_dfu_if.o
 .text.MEM_If_GetStatus_FS
                0x0000000008006968        0x4 USB_DEVICE/App/usbd_dfu_if.o
 .text.MEM_If_DeInit_FS
                0x000000000800696c        0x4 USB_DEVICE/App/usbd_dfu_if.o
 .text.HAL_PCD_MspInit
                0x0000000008006970       0x40 USB_DEVICE/Target/usbd_conf.o
                0x0000000008006970                HAL_PCD_MspInit
 .text.HAL_PCD_SetupStageCallback
                0x00000000080069b0        0xc USB_DEVICE/Target/usbd_conf.o
                0x00000000080069b0                HAL_PCD_SetupStageCallback
 .text.HAL_PCD_DataOutStageCallback
                0x00000000080069bc       0x10 USB_DEVICE/Target/usbd_conf.o
                0x00000000080069bc                HAL_PCD_DataOutStageCallback
 .text.HAL_PCD_DataInStageCallback
                0x00000000080069cc        0xe USB_DEVICE/Target/usbd_conf.o
                0x00000000080069cc                HAL_PCD_DataInStageCallback
 .text.HAL_PCD_SOFCallback
                0x00000000080069da        0x8 USB_DEVICE/Target/usbd_conf.o
                0x00000000080069da                HAL_PCD_SOFCallback
 .text.HAL_PCD_ResetCallback
                0x00000000080069e2       0x24 USB_DEVICE/Target/usbd_conf.o
                0x00000000080069e2                HAL_PCD_ResetCallback
 *fill*         0x0000000008006a06        0x2 
 .text.HAL_PCD_SuspendCallback
                0x0000000008006a08       0x20 USB_DEVICE/Target/usbd_conf.o
                0x0000000008006a08                HAL_PCD_SuspendCallback
 .text.HAL_PCD_ResumeCallback
                0x0000000008006a28        0x8 USB_DEVICE/Target/usbd_conf.o
                0x0000000008006a28                HAL_PCD_ResumeCallback
 .text.USBD_LL_Init
                0x0000000008006a30       0x54 USB_DEVICE/Target/usbd_conf.o
                0x0000000008006a30                USBD_LL_Init
 .text.USBD_LL_Start
                0x0000000008006a84       0x1c USB_DEVICE/Target/usbd_conf.o
                0x0000000008006a84                USBD_LL_Start
 .text.USBD_LL_Stop
                0x0000000008006aa0       0x1c USB_DEVICE/Target/usbd_conf.o
                0x0000000008006aa0                USBD_LL_Stop
 .text.USBD_LL_OpenEP
                0x0000000008006abc       0x20 USB_DEVICE/Target/usbd_conf.o
                0x0000000008006abc                USBD_LL_OpenEP
 .text.USBD_LL_StallEP
                0x0000000008006adc       0x1c USB_DEVICE/Target/usbd_conf.o
                0x0000000008006adc                USBD_LL_StallEP
 .text.USBD_LL_ClearStallEP
                0x0000000008006af8       0x1c USB_DEVICE/Target/usbd_conf.o
                0x0000000008006af8                USBD_LL_ClearStallEP
 .text.USBD_LL_IsStallEP
                0x0000000008006b14       0x20 USB_DEVICE/Target/usbd_conf.o
                0x0000000008006b14                USBD_LL_IsStallEP
 .text.USBD_LL_SetUSBAddress
                0x0000000008006b34       0x1c USB_DEVICE/Target/usbd_conf.o
                0x0000000008006b34                USBD_LL_SetUSBAddress
 .text.USBD_LL_Transmit
                0x0000000008006b50       0x1c USB_DEVICE/Target/usbd_conf.o
                0x0000000008006b50                USBD_LL_Transmit
 .text.USBD_LL_PrepareReceive
                0x0000000008006b6c       0x1c USB_DEVICE/Target/usbd_conf.o
                0x0000000008006b6c                USBD_LL_PrepareReceive
 .text.USBD_static_malloc
                0x0000000008006b88        0x8 USB_DEVICE/Target/usbd_conf.o
                0x0000000008006b88                USBD_static_malloc
 .text.USBD_static_free
                0x0000000008006b90        0x2 USB_DEVICE/Target/usbd_conf.o
                0x0000000008006b90                USBD_static_free
 .text.HAL_PCDEx_SetConnectionState
                0x0000000008006b92        0x2 USB_DEVICE/Target/usbd_conf.o
                0x0000000008006b92                HAL_PCDEx_SetConnectionState
 .text.__libc_init_array
                0x0000000008006b94       0x48 d:/program files/st/stm32cubeide_1.4.0/stm32cubeide/plugins/com.st.stm32cube.ide.mcu.externaltools.gnu-tools-for-stm32.7-2018-q2-update.win32_1.4.0.202007081208/tools/bin/../lib/gcc/arm-none-eabi/7.3.1/../../../../arm-none-eabi/lib/thumb/v7-m\libc_nano.a(lib_a-init.o)
                0x0000000008006b94                __libc_init_array
 .text.memset   0x0000000008006bdc       0x10 d:/program files/st/stm32cubeide_1.4.0/stm32cubeide/plugins/com.st.stm32cube.ide.mcu.externaltools.gnu-tools-for-stm32.7-2018-q2-update.win32_1.4.0.202007081208/tools/bin/../lib/gcc/arm-none-eabi/7.3.1/../../../../arm-none-eabi/lib/thumb/v7-m\libc_nano.a(lib_a-memset.o)
                0x0000000008006bdc                memset
 *(.glue_7)
 .glue_7        0x0000000008006bec        0x0 linker stubs
 *(.glue_7t)
 .glue_7t       0x0000000008006bec        0x0 linker stubs
 *(.eh_frame)
 .eh_frame      0x0000000008006bec        0x0 d:/program files/st/stm32cubeide_1.4.0/stm32cubeide/plugins/com.st.stm32cube.ide.mcu.externaltools.gnu-tools-for-stm32.7-2018-q2-update.win32_1.4.0.202007081208/tools/bin/../lib/gcc/arm-none-eabi/7.3.1/thumb/v7-m/crtbegin.o
 *(.init)
 .init          0x0000000008006bec        0x4 d:/program files/st/stm32cubeide_1.4.0/stm32cubeide/plugins/com.st.stm32cube.ide.mcu.externaltools.gnu-tools-for-stm32.7-2018-q2-update.win32_1.4.0.202007081208/tools/bin/../lib/gcc/arm-none-eabi/7.3.1/thumb/v7-m/crti.o
                0x0000000008006bec                _init
 .init          0x0000000008006bf0        0x8 d:/program files/st/stm32cubeide_1.4.0/stm32cubeide/plugins/com.st.stm32cube.ide.mcu.externaltools.gnu-tools-for-stm32.7-2018-q2-update.win32_1.4.0.202007081208/tools/bin/../lib/gcc/arm-none-eabi/7.3.1/thumb/v7-m/crtn.o
 *(.fini)
 .fini          0x0000000008006bf8        0x4 d:/program files/st/stm32cubeide_1.4.0/stm32cubeide/plugins/com.st.stm32cube.ide.mcu.externaltools.gnu-tools-for-stm32.7-2018-q2-update.win32_1.4.0.202007081208/tools/bin/../lib/gcc/arm-none-eabi/7.3.1/thumb/v7-m/crti.o
                0x0000000008006bf8                _fini
 .fini          0x0000000008006bfc        0x8 d:/program files/st/stm32cubeide_1.4.0/stm32cubeide/plugins/com.st.stm32cube.ide.mcu.externaltools.gnu-tools-for-stm32.7-2018-q2-update.win32_1.4.0.202007081208/tools/bin/../lib/gcc/arm-none-eabi/7.3.1/thumb/v7-m/crtn.o
                0x0000000008006c04                . = ALIGN (0x4)
                0x0000000008006c04                _etext = .

.vfp11_veneer   0x0000000008006c04        0x0
 .vfp11_veneer  0x0000000008006c04        0x0 linker stubs

.v4_bx          0x0000000008006c04        0x0
 .v4_bx         0x0000000008006c04        0x0 linker stubs

.iplt           0x0000000008006c04        0x0
 .iplt          0x0000000008006c04        0x0 d:/program files/st/stm32cubeide_1.4.0/stm32cubeide/plugins/com.st.stm32cube.ide.mcu.externaltools.gnu-tools-for-stm32.7-2018-q2-update.win32_1.4.0.202007081208/tools/bin/../lib/gcc/arm-none-eabi/7.3.1/thumb/v7-m/crtbegin.o

.rodata         0x0000000008006c04      0x648
                0x0000000008006c04                . = ALIGN (0x4)
 *(.rodata)
 .rodata        0x0000000008006c04       0x10 Drivers/STM32F1xx_HAL_Driver/Src/stm32f1xx_hal_rcc.o
 *(.rodata*)
 .rodata.get_sd_capacity.str1.1
                0x0000000008006c14        0x0 Core/Src/main.o
                                          0x1 (size before relaxing)
 .rodata.init_sd.str1.1
                0x0000000008006c14       0x16 Core/Src/main.o
 .rodata.AHBPrescTable
                0x0000000008006c2a       0x10 Core/Src/system_stm32f1xx.o
                0x0000000008006c2a                AHBPrescTable
 .rodata.APBPrescTable
                0x0000000008006c3a        0x8 Core/Src/system_stm32f1xx.o
                0x0000000008006c3a                APBPrescTable
 .rodata.ExCvt  0x0000000008006c42       0x80 Middlewares/Third_Party/FatFs/src/ff.o
 .rodata.LfnOfs
                0x0000000008006cc2        0xd Middlewares/Third_Party/FatFs/src/ff.o
 .rodata.follow_path.str1.1
                0x0000000008006ccf       0x10 Middlewares/Third_Party/FatFs/src/ff.o
 *fill*         0x0000000008006cdf        0x1 
 .rodata.Tbl    0x0000000008006ce0      0x100 Middlewares/Third_Party/FatFs/src/option/ccsbcs.o
 .rodata.tbl_lower.6748
                0x0000000008006de0      0x1e0 Middlewares/Third_Party/FatFs/src/option/ccsbcs.o
 .rodata.tbl_upper.6749
                0x0000000008006fc0      0x1e0 Middlewares/Third_Party/FatFs/src/option/ccsbcs.o
 .rodata.USBD_FS_ConfigStrDescriptor.str1.1
                0x00000000080071a0        0xb USB_DEVICE/App/usbd_desc.o
 .rodata.USBD_FS_InterfaceStrDescriptor.str1.1
                0x00000000080071ab        0xe USB_DEVICE/App/usbd_desc.o
 .rodata.USBD_FS_ManufacturerStrDescriptor.str1.1
                0x00000000080071b9       0x13 USB_DEVICE/App/usbd_desc.o
 .rodata.USBD_FS_ProductStrDescriptor.str1.1
                0x00000000080071cc       0x1f USB_DEVICE/App/usbd_desc.o
 .rodata.str1.1
                0x00000000080071eb       0x5d USB_DEVICE/App/usbd_dfu_if.o
 .rodata.CSWTCH.3
                0x0000000008007248        0x4 USB_DEVICE/Target/usbd_conf.o
                0x000000000800724c                . = ALIGN (0x4)

.rel.dyn        0x000000000800724c        0x0
 .rel.iplt      0x000000000800724c        0x0 d:/program files/st/stm32cubeide_1.4.0/stm32cubeide/plugins/com.st.stm32cube.ide.mcu.externaltools.gnu-tools-for-stm32.7-2018-q2-update.win32_1.4.0.202007081208/tools/bin/../lib/gcc/arm-none-eabi/7.3.1/thumb/v7-m/crtbegin.o

.ARM.extab      0x000000000800724c        0x0
                0x000000000800724c                . = ALIGN (0x4)
 *(.ARM.extab* .gnu.linkonce.armextab.*)
                0x000000000800724c                . = ALIGN (0x4)

.ARM            0x000000000800724c        0x0
                0x000000000800724c                . = ALIGN (0x4)
                0x000000000800724c                __exidx_start = .
 *(.ARM.exidx*)
                0x000000000800724c                __exidx_end = .
                0x000000000800724c                . = ALIGN (0x4)

.preinit_array  0x000000000800724c        0x0
                0x000000000800724c                . = ALIGN (0x4)
                0x000000000800724c                PROVIDE (__preinit_array_start = .)
 *(.preinit_array*)
                0x000000000800724c                PROVIDE (__preinit_array_end = .)
                0x000000000800724c                . = ALIGN (0x4)

.init_array     0x000000000800724c        0x4
                0x000000000800724c                . = ALIGN (0x4)
                0x000000000800724c                PROVIDE (__init_array_start = .)
 *(SORT_BY_NAME(.init_array.*))
 *(.init_array*)
 .init_array    0x000000000800724c        0x4 d:/program files/st/stm32cubeide_1.4.0/stm32cubeide/plugins/com.st.stm32cube.ide.mcu.externaltools.gnu-tools-for-stm32.7-2018-q2-update.win32_1.4.0.202007081208/tools/bin/../lib/gcc/arm-none-eabi/7.3.1/thumb/v7-m/crtbegin.o
                0x0000000008007250                PROVIDE (__init_array_end = .)
                0x0000000008007250                . = ALIGN (0x4)

.fini_array     0x0000000008007250        0x4
                0x0000000008007250                . = ALIGN (0x4)
                [!provide]                        PROVIDE (__fini_array_start = .)
 *(SORT_BY_NAME(.fini_array.*))
 *(.fini_array*)
 .fini_array    0x0000000008007250        0x4 d:/program files/st/stm32cubeide_1.4.0/stm32cubeide/plugins/com.st.stm32cube.ide.mcu.externaltools.gnu-tools-for-stm32.7-2018-q2-update.win32_1.4.0.202007081208/tools/bin/../lib/gcc/arm-none-eabi/7.3.1/thumb/v7-m/crtbegin.o
                [!provide]                        PROVIDE (__fini_array_end = .)
                0x0000000008007254                . = ALIGN (0x4)
                0x0000000008007254                _sidata = LOADADDR (.data)

.data           0x0000000020000000       0xf4 load address 0x0000000008007254
                0x0000000020000000                . = ALIGN (0x4)
                0x0000000020000000                _sdata = .
 *(.data)
 *(.data*)
 .data.Stat     0x0000000020000000        0x1 Core/Src/fatfs_sd.o
 *fill*         0x0000000020000001        0x3 
 .data.SystemCoreClock
                0x0000000020000004        0x4 Core/Src/system_stm32f1xx.o
                0x0000000020000004                SystemCoreClock
 .data.uwTickFreq
                0x0000000020000008        0x1 Drivers/STM32F1xx_HAL_Driver/Src/stm32f1xx_hal.o
                0x0000000020000008                uwTickFreq
 *fill*         0x0000000020000009        0x3 
 .data.uwTickPrio
                0x000000002000000c        0x4 Drivers/STM32F1xx_HAL_Driver/Src/stm32f1xx_hal.o
                0x000000002000000c                uwTickPrio
 .data.USER_Driver
                0x0000000020000010       0x14 FATFS/Target/user_diskio.o
                0x0000000020000010                USER_Driver
 .data.USBD_DFU
                0x0000000020000024       0x3c Middlewares/ST/STM32_USB_Device_Library/Class/DFU/Src/usbd_dfu.o
                0x0000000020000024                USBD_DFU
 .data.USBD_DFU_CfgDesc
                0x0000000020000060       0x1b Middlewares/ST/STM32_USB_Device_Library/Class/DFU/Src/usbd_dfu.o
 *fill*         0x000000002000007b        0x1 
 .data.USBD_DFU_DeviceQualifierDesc
                0x000000002000007c        0xa Middlewares/ST/STM32_USB_Device_Library/Class/DFU/Src/usbd_dfu.o
 *fill*         0x0000000020000086        0x2 
 .data.FS_Desc  0x0000000020000088       0x1c USB_DEVICE/App/usbd_desc.o
                0x0000000020000088                FS_Desc
 .data.USBD_FS_DeviceDesc
                0x00000000200000a4       0x12 USB_DEVICE/App/usbd_desc.o
                0x00000000200000a4                USBD_FS_DeviceDesc
 *fill*         0x00000000200000b6        0x2 
 .data.USBD_LangIDDesc
                0x00000000200000b8        0x4 USB_DEVICE/App/usbd_desc.o
                0x00000000200000b8                USBD_LangIDDesc
 .data.USBD_StringSerial
                0x00000000200000bc       0x1a USB_DEVICE/App/usbd_desc.o
                0x00000000200000bc                USBD_StringSerial
 *fill*         0x00000000200000d6        0x2 
 .data.USBD_DFU_fops_FS
                0x00000000200000d8       0x1c USB_DEVICE/App/usbd_dfu_if.o
                0x00000000200000d8                USBD_DFU_fops_FS
                0x00000000200000f4                . = ALIGN (0x4)
                0x00000000200000f4                _edata = .

.igot.plt       0x00000000200000f4        0x0 load address 0x0000000008007348
 .igot.plt      0x00000000200000f4        0x0 d:/program files/st/stm32cubeide_1.4.0/stm32cubeide/plugins/com.st.stm32cube.ide.mcu.externaltools.gnu-tools-for-stm32.7-2018-q2-update.win32_1.4.0.202007081208/tools/bin/../lib/gcc/arm-none-eabi/7.3.1/thumb/v7-m/crtbegin.o
                0x00000000200000f4                . = ALIGN (0x4)

.bss            0x00000000200000f4     0x352c load address 0x0000000008007348
                0x00000000200000f4                _sbss = .
                0x00000000200000f4                __bss_start__ = _sbss
 *(.bss)
 .bss           0x00000000200000f4       0x1c d:/program files/st/stm32cubeide_1.4.0/stm32cubeide/plugins/com.st.stm32cube.ide.mcu.externaltools.gnu-tools-for-stm32.7-2018-q2-update.win32_1.4.0.202007081208/tools/bin/../lib/gcc/arm-none-eabi/7.3.1/thumb/v7-m/crtbegin.o
 *(.bss*)
 .bss.CardType  0x0000000020000110        0x1 Core/Src/fatfs_sd.o
 .bss.PowerFlag
                0x0000000020000111        0x1 Core/Src/fatfs_sd.o
 .bss.FatFsCnt  0x0000000020000112        0x1 Core/Src/stm32f1xx_it.o
                0x0000000020000112                FatFsCnt
 .bss.USBD_StrDesc.8582
                0x0000000020000113       0xff Middlewares/ST/STM32_USB_Device_Library/Class/DFU/Src/usbd_dfu.o
 .bss.cfgidx.8515
                0x0000000020000212        0x1 Middlewares/ST/STM32_USB_Device_Library/Core/Src/usbd_ctlreq.o
 *fill*         0x0000000020000213        0x1 
 .bss.FatFs     0x0000000020000214        0x4 Middlewares/Third_Party/FatFs/src/ff.o
 .bss.Files     0x0000000020000218       0x18 Middlewares/Third_Party/FatFs/src/ff.o
 .bss.Fsid      0x0000000020000230        0x2 Middlewares/Third_Party/FatFs/src/ff.o
 .bss.LfnBuf    0x0000000020000232      0x200 Middlewares/Third_Party/FatFs/src/ff.o
 *fill*         0x0000000020000432        0x2 
 .bss.disk      0x0000000020000434        0xc Middlewares/Third_Party/FatFs/src/ff_gen_drv.o
                0x0000000020000434                disk
 .bss.mem.8588  0x0000000020000440      0x420 USB_DEVICE/Target/usbd_conf.o
 *(COMMON)
 COMMON         0x0000000020000860      0x624 Core/Src/main.o
                0x0000000020000860                fre_clust
                0x0000000020000864                hspi2
                0x00000000200008bc                hadc2
                0x00000000200008ec                htim3
                0x000000002000092c                hadc1
                0x000000002000095c                free_space
                0x0000000020000960                huart1
                0x00000000200009a0                buffer
                0x0000000020000da0                htim1
                0x0000000020000de0                pfs
                0x0000000020000de4                fresult
                0x0000000020000de8                hspi1
                0x0000000020000e40                htim2
                0x0000000020000e80                total
 COMMON         0x0000000020000e84        0x2 Core/Src/stm32f1xx_it.o
                0x0000000020000e84                Timer2
                0x0000000020000e85                Timer1
 *fill*         0x0000000020000e86        0x2 
 COMMON         0x0000000020000e88        0x4 Drivers/STM32F1xx_HAL_Driver/Src/stm32f1xx_hal.o
                0x0000000020000e88                uwTick
 COMMON         0x0000000020000e8c     0x2064 FATFS/App/fatfs.o
                0x0000000020000e8c                USERPath
                0x0000000020000e90                retUSER
                0x0000000020000e94                USERFile
                0x0000000020001ec0                USERFatFS
 COMMON         0x0000000020002ef0      0x2c4 USB_DEVICE/App/usb_device.o
                0x0000000020002ef0                hUsbDeviceFS
 COMMON         0x00000000200031b4      0x200 USB_DEVICE/App/usbd_desc.o
                0x00000000200031b4                USBD_StrDesc
 COMMON         0x00000000200033b4      0x26c USB_DEVICE/Target/usbd_conf.o
                0x00000000200033b4                hpcd_USB_FS
                0x0000000020003620                . = ALIGN (0x4)
                0x0000000020003620                _ebss = .
                0x0000000020003620                __bss_end__ = _ebss

._user_heap_stack
                0x0000000020003620      0x600 load address 0x0000000008007348
                0x0000000020003620                . = ALIGN (0x8)
                [!provide]                        PROVIDE (end = .)
                0x0000000020003620                PROVIDE (_end = .)
                0x0000000020003820                . = (. + _Min_Heap_Size)
 *fill*         0x0000000020003620      0x200 
                0x0000000020003c20                . = (. + _Min_Stack_Size)
 *fill*         0x0000000020003820      0x400 
                0x0000000020003c20                . = ALIGN (0x8)

/DISCARD/
 libc.a(*)
 libm.a(*)
 libgcc.a(*)

.ARM.attributes
                0x0000000000000000       0x29
 *(.ARM.attributes)
 .ARM.attributes
                0x0000000000000000       0x1d d:/program files/st/stm32cubeide_1.4.0/stm32cubeide/plugins/com.st.stm32cube.ide.mcu.externaltools.gnu-tools-for-stm32.7-2018-q2-update.win32_1.4.0.202007081208/tools/bin/../lib/gcc/arm-none-eabi/7.3.1/thumb/v7-m/crti.o
 .ARM.attributes
                0x000000000000001d       0x2d d:/program files/st/stm32cubeide_1.4.0/stm32cubeide/plugins/com.st.stm32cube.ide.mcu.externaltools.gnu-tools-for-stm32.7-2018-q2-update.win32_1.4.0.202007081208/tools/bin/../lib/gcc/arm-none-eabi/7.3.1/thumb/v7-m/crtbegin.o
 .ARM.attributes
                0x000000000000004a       0x33 Core/Src/fatfs_sd.o
 .ARM.attributes
                0x000000000000007d       0x33 Core/Src/main.o
 .ARM.attributes
                0x00000000000000b0       0x33 Core/Src/stm32f1xx_hal_msp.o
 .ARM.attributes
                0x00000000000000e3       0x33 Core/Src/stm32f1xx_it.o
 .ARM.attributes
                0x0000000000000116       0x33 Core/Src/system_stm32f1xx.o
 .ARM.attributes
                0x0000000000000149       0x21 Core/Startup/startup_stm32f103c8tx.o
 .ARM.attributes
                0x000000000000016a       0x33 Drivers/STM32F1xx_HAL_Driver/Src/stm32f1xx_hal.o
 .ARM.attributes
                0x000000000000019d       0x33 Drivers/STM32F1xx_HAL_Driver/Src/stm32f1xx_hal_adc.o
 .ARM.attributes
                0x00000000000001d0       0x33 Drivers/STM32F1xx_HAL_Driver/Src/stm32f1xx_hal_cortex.o
 .ARM.attributes
                0x0000000000000203       0x33 Drivers/STM32F1xx_HAL_Driver/Src/stm32f1xx_hal_dma.o
 .ARM.attributes
                0x0000000000000236       0x33 Drivers/STM32F1xx_HAL_Driver/Src/stm32f1xx_hal_gpio.o
 .ARM.attributes
                0x0000000000000269       0x33 Drivers/STM32F1xx_HAL_Driver/Src/stm32f1xx_hal_pcd.o
 .ARM.attributes
                0x000000000000029c       0x33 Drivers/STM32F1xx_HAL_Driver/Src/stm32f1xx_hal_pcd_ex.o
 .ARM.attributes
                0x00000000000002cf       0x33 Drivers/STM32F1xx_HAL_Driver/Src/stm32f1xx_hal_rcc.o
 .ARM.attributes
                0x0000000000000302       0x33 Drivers/STM32F1xx_HAL_Driver/Src/stm32f1xx_hal_rcc_ex.o
 .ARM.attributes
                0x0000000000000335       0x33 Drivers/STM32F1xx_HAL_Driver/Src/stm32f1xx_hal_spi.o
 .ARM.attributes
                0x0000000000000368       0x33 Drivers/STM32F1xx_HAL_Driver/Src/stm32f1xx_hal_tim.o
 .ARM.attributes
                0x000000000000039b       0x33 Drivers/STM32F1xx_HAL_Driver/Src/stm32f1xx_hal_tim_ex.o
 .ARM.attributes
                0x00000000000003ce       0x33 Drivers/STM32F1xx_HAL_Driver/Src/stm32f1xx_hal_uart.o
 .ARM.attributes
                0x0000000000000401       0x33 Drivers/STM32F1xx_HAL_Driver/Src/stm32f1xx_ll_usb.o
 .ARM.attributes
                0x0000000000000434       0x33 FATFS/App/fatfs.o
 .ARM.attributes
                0x0000000000000467       0x33 FATFS/Target/user_diskio.o
 .ARM.attributes
                0x000000000000049a       0x33 Middlewares/ST/STM32_USB_Device_Library/Class/DFU/Src/usbd_dfu.o
 .ARM.attributes
                0x00000000000004cd       0x33 Middlewares/ST/STM32_USB_Device_Library/Core/Src/usbd_core.o
 .ARM.attributes
                0x0000000000000500       0x33 Middlewares/ST/STM32_USB_Device_Library/Core/Src/usbd_ctlreq.o
 .ARM.attributes
                0x0000000000000533       0x33 Middlewares/ST/STM32_USB_Device_Library/Core/Src/usbd_ioreq.o
 .ARM.attributes
                0x0000000000000566       0x33 Middlewares/Third_Party/FatFs/src/diskio.o
 .ARM.attributes
                0x0000000000000599       0x33 Middlewares/Third_Party/FatFs/src/ff.o
 .ARM.attributes
                0x00000000000005cc       0x33 Middlewares/Third_Party/FatFs/src/ff_gen_drv.o
 .ARM.attributes
                0x00000000000005ff       0x33 Middlewares/Third_Party/FatFs/src/option/ccsbcs.o
 .ARM.attributes
                0x0000000000000632       0x33 USB_DEVICE/App/usb_device.o
 .ARM.attributes
                0x0000000000000665       0x33 USB_DEVICE/App/usbd_desc.o
 .ARM.attributes
                0x0000000000000698       0x33 USB_DEVICE/App/usbd_dfu_if.o
 .ARM.attributes
                0x00000000000006cb       0x33 USB_DEVICE/Target/usbd_conf.o
 .ARM.attributes
                0x00000000000006fe       0x2d d:/program files/st/stm32cubeide_1.4.0/stm32cubeide/plugins/com.st.stm32cube.ide.mcu.externaltools.gnu-tools-for-stm32.7-2018-q2-update.win32_1.4.0.202007081208/tools/bin/../lib/gcc/arm-none-eabi/7.3.1/../../../../arm-none-eabi/lib/thumb/v7-m\libc_nano.a(lib_a-init.o)
 .ARM.attributes
                0x000000000000072b       0x2d d:/program files/st/stm32cubeide_1.4.0/stm32cubeide/plugins/com.st.stm32cube.ide.mcu.externaltools.gnu-tools-for-stm32.7-2018-q2-update.win32_1.4.0.202007081208/tools/bin/../lib/gcc/arm-none-eabi/7.3.1/../../../../arm-none-eabi/lib/thumb/v7-m\libc_nano.a(lib_a-memset.o)
 .ARM.attributes
                0x0000000000000758       0x1d d:/program files/st/stm32cubeide_1.4.0/stm32cubeide/plugins/com.st.stm32cube.ide.mcu.externaltools.gnu-tools-for-stm32.7-2018-q2-update.win32_1.4.0.202007081208/tools/bin/../lib/gcc/arm-none-eabi/7.3.1/thumb/v7-m\libgcc.a(_arm_addsubdf3.o)
 .ARM.attributes
                0x0000000000000775       0x1d d:/program files/st/stm32cubeide_1.4.0/stm32cubeide/plugins/com.st.stm32cube.ide.mcu.externaltools.gnu-tools-for-stm32.7-2018-q2-update.win32_1.4.0.202007081208/tools/bin/../lib/gcc/arm-none-eabi/7.3.1/thumb/v7-m\libgcc.a(_arm_muldivdf3.o)
 .ARM.attributes
                0x0000000000000792       0x1d d:/program files/st/stm32cubeide_1.4.0/stm32cubeide/plugins/com.st.stm32cube.ide.mcu.externaltools.gnu-tools-for-stm32.7-2018-q2-update.win32_1.4.0.202007081208/tools/bin/../lib/gcc/arm-none-eabi/7.3.1/thumb/v7-m\libgcc.a(_arm_fixunsdfsi.o)
 .ARM.attributes
                0x00000000000007af       0x1d d:/program files/st/stm32cubeide_1.4.0/stm32cubeide/plugins/com.st.stm32cube.ide.mcu.externaltools.gnu-tools-for-stm32.7-2018-q2-update.win32_1.4.0.202007081208/tools/bin/../lib/gcc/arm-none-eabi/7.3.1/thumb/v7-m/crtn.o
OUTPUT(GEIGERCOUNTER.elf elf32-littlearm)

.comment        0x0000000000000000       0x7b
 .comment       0x0000000000000000       0x7b Core/Src/fatfs_sd.o
                                         0x7c (size before relaxing)
 .comment       0x000000000000007b       0x7c Core/Src/main.o
 .comment       0x000000000000007b       0x7c Core/Src/stm32f1xx_hal_msp.o
 .comment       0x000000000000007b       0x7c Core/Src/stm32f1xx_it.o
 .comment       0x000000000000007b       0x7c Core/Src/system_stm32f1xx.o
 .comment       0x000000000000007b       0x7c Drivers/STM32F1xx_HAL_Driver/Src/stm32f1xx_hal.o
 .comment       0x000000000000007b       0x7c Drivers/STM32F1xx_HAL_Driver/Src/stm32f1xx_hal_adc.o
 .comment       0x000000000000007b       0x7c Drivers/STM32F1xx_HAL_Driver/Src/stm32f1xx_hal_cortex.o
 .comment       0x000000000000007b       0x7c Drivers/STM32F1xx_HAL_Driver/Src/stm32f1xx_hal_dma.o
 .comment       0x000000000000007b       0x7c Drivers/STM32F1xx_HAL_Driver/Src/stm32f1xx_hal_gpio.o
 .comment       0x000000000000007b       0x7c Drivers/STM32F1xx_HAL_Driver/Src/stm32f1xx_hal_pcd.o
 .comment       0x000000000000007b       0x7c Drivers/STM32F1xx_HAL_Driver/Src/stm32f1xx_hal_pcd_ex.o
 .comment       0x000000000000007b       0x7c Drivers/STM32F1xx_HAL_Driver/Src/stm32f1xx_hal_rcc.o
 .comment       0x000000000000007b       0x7c Drivers/STM32F1xx_HAL_Driver/Src/stm32f1xx_hal_rcc_ex.o
 .comment       0x000000000000007b       0x7c Drivers/STM32F1xx_HAL_Driver/Src/stm32f1xx_hal_spi.o
 .comment       0x000000000000007b       0x7c Drivers/STM32F1xx_HAL_Driver/Src/stm32f1xx_hal_tim.o
 .comment       0x000000000000007b       0x7c Drivers/STM32F1xx_HAL_Driver/Src/stm32f1xx_hal_tim_ex.o
 .comment       0x000000000000007b       0x7c Drivers/STM32F1xx_HAL_Driver/Src/stm32f1xx_hal_uart.o
 .comment       0x000000000000007b       0x7c Drivers/STM32F1xx_HAL_Driver/Src/stm32f1xx_ll_usb.o
 .comment       0x000000000000007b       0x7c FATFS/App/fatfs.o
 .comment       0x000000000000007b       0x7c FATFS/Target/user_diskio.o
 .comment       0x000000000000007b       0x7c Middlewares/ST/STM32_USB_Device_Library/Class/DFU/Src/usbd_dfu.o
 .comment       0x000000000000007b       0x7c Middlewares/ST/STM32_USB_Device_Library/Core/Src/usbd_core.o
 .comment       0x000000000000007b       0x7c Middlewares/ST/STM32_USB_Device_Library/Core/Src/usbd_ctlreq.o
 .comment       0x000000000000007b       0x7c Middlewares/ST/STM32_USB_Device_Library/Core/Src/usbd_ioreq.o
 .comment       0x000000000000007b       0x7c Middlewares/Third_Party/FatFs/src/diskio.o
 .comment       0x000000000000007b       0x7c Middlewares/Third_Party/FatFs/src/ff.o
 .comment       0x000000000000007b       0x7c Middlewares/Third_Party/FatFs/src/ff_gen_drv.o
 .comment       0x000000000000007b       0x7c Middlewares/Third_Party/FatFs/src/option/ccsbcs.o
 .comment       0x000000000000007b       0x7c USB_DEVICE/App/usb_device.o
 .comment       0x000000000000007b       0x7c USB_DEVICE/App/usbd_desc.o
 .comment       0x000000000000007b       0x7c USB_DEVICE/App/usbd_dfu_if.o
 .comment       0x000000000000007b       0x7c USB_DEVICE/Target/usbd_conf.o

.debug_frame    0x0000000000000000      0x16c
 .debug_frame   0x0000000000000000       0x2c d:/program files/st/stm32cubeide_1.4.0/stm32cubeide/plugins/com.st.stm32cube.ide.mcu.externaltools.gnu-tools-for-stm32.7-2018-q2-update.win32_1.4.0.202007081208/tools/bin/../lib/gcc/arm-none-eabi/7.3.1/../../../../arm-none-eabi/lib/thumb/v7-m\libc_nano.a(lib_a-init.o)
 .debug_frame   0x000000000000002c       0x20 d:/program files/st/stm32cubeide_1.4.0/stm32cubeide/plugins/com.st.stm32cube.ide.mcu.externaltools.gnu-tools-for-stm32.7-2018-q2-update.win32_1.4.0.202007081208/tools/bin/../lib/gcc/arm-none-eabi/7.3.1/../../../../arm-none-eabi/lib/thumb/v7-m\libc_nano.a(lib_a-memset.o)
 .debug_frame   0x000000000000004c       0xac d:/program files/st/stm32cubeide_1.4.0/stm32cubeide/plugins/com.st.stm32cube.ide.mcu.externaltools.gnu-tools-for-stm32.7-2018-q2-update.win32_1.4.0.202007081208/tools/bin/../lib/gcc/arm-none-eabi/7.3.1/thumb/v7-m\libgcc.a(_arm_addsubdf3.o)
 .debug_frame   0x00000000000000f8       0x50 d:/program files/st/stm32cubeide_1.4.0/stm32cubeide/plugins/com.st.stm32cube.ide.mcu.externaltools.gnu-tools-for-stm32.7-2018-q2-update.win32_1.4.0.202007081208/tools/bin/../lib/gcc/arm-none-eabi/7.3.1/thumb/v7-m\libgcc.a(_arm_muldivdf3.o)
 .debug_frame   0x0000000000000148       0x24 d:/program files/st/stm32cubeide_1.4.0/stm32cubeide/plugins/com.st.stm32cube.ide.mcu.externaltools.gnu-tools-for-stm32.7-2018-q2-update.win32_1.4.0.202007081208/tools/bin/../lib/gcc/arm-none-eabi/7.3.1/thumb/v7-m\libgcc.a(_arm_fixunsdfsi.o)
