Archive member included to satisfy reference by file (symbol)

d:/program files/st/stm32cubeide_1.4.0/stm32cubeide/plugins/com.st.stm32cube.ide.mcu.externaltools.gnu-tools-for-stm32.7-2018-q2-update.win32_1.4.0.202007081208/tools/bin/../lib/gcc/arm-none-eabi/7.3.1/../../../../arm-none-eabi/lib/thumb/v7-m\libc_nano.a(lib_a-errno.o)
                              Core/Src/syscalls.o (__errno)
d:/program files/st/stm32cubeide_1.4.0/stm32cubeide/plugins/com.st.stm32cube.ide.mcu.externaltools.gnu-tools-for-stm32.7-2018-q2-update.win32_1.4.0.202007081208/tools/bin/../lib/gcc/arm-none-eabi/7.3.1/../../../../arm-none-eabi/lib/thumb/v7-m\libc_nano.a(lib_a-exit.o)
                              d:/program files/st/stm32cubeide_1.4.0/stm32cubeide/plugins/com.st.stm32cube.ide.mcu.externaltools.gnu-tools-for-stm32.7-2018-q2-update.win32_1.4.0.202007081208/tools/bin/../lib/gcc/arm-none-eabi/7.3.1/../../../../arm-none-eabi/lib/thumb/v7-m/crt0.o (exit)
d:/program files/st/stm32cubeide_1.4.0/stm32cubeide/plugins/com.st.stm32cube.ide.mcu.externaltools.gnu-tools-for-stm32.7-2018-q2-update.win32_1.4.0.202007081208/tools/bin/../lib/gcc/arm-none-eabi/7.3.1/../../../../arm-none-eabi/lib/thumb/v7-m\libc_nano.a(lib_a-impure.o)
                              d:/program files/st/stm32cubeide_1.4.0/stm32cubeide/plugins/com.st.stm32cube.ide.mcu.externaltools.gnu-tools-for-stm32.7-2018-q2-update.win32_1.4.0.202007081208/tools/bin/../lib/gcc/arm-none-eabi/7.3.1/../../../../arm-none-eabi/lib/thumb/v7-m\libc_nano.a(lib_a-exit.o) (_global_impure_ptr)
d:/program files/st/stm32cubeide_1.4.0/stm32cubeide/plugins/com.st.stm32cube.ide.mcu.externaltools.gnu-tools-for-stm32.7-2018-q2-update.win32_1.4.0.202007081208/tools/bin/../lib/gcc/arm-none-eabi/7.3.1/../../../../arm-none-eabi/lib/thumb/v7-m\libc_nano.a(lib_a-init.o)
                              d:/program files/st/stm32cubeide_1.4.0/stm32cubeide/plugins/com.st.stm32cube.ide.mcu.externaltools.gnu-tools-for-stm32.7-2018-q2-update.win32_1.4.0.202007081208/tools/bin/../lib/gcc/arm-none-eabi/7.3.1/../../../../arm-none-eabi/lib/thumb/v7-m/crt0.o (__libc_init_array)
d:/program files/st/stm32cubeide_1.4.0/stm32cubeide/plugins/com.st.stm32cube.ide.mcu.externaltools.gnu-tools-for-stm32.7-2018-q2-update.win32_1.4.0.202007081208/tools/bin/../lib/gcc/arm-none-eabi/7.3.1/../../../../arm-none-eabi/lib/thumb/v7-m\libc_nano.a(lib_a-malloc.o)
                              Core/Src/data_manager.o (malloc)
d:/program files/st/stm32cubeide_1.4.0/stm32cubeide/plugins/com.st.stm32cube.ide.mcu.externaltools.gnu-tools-for-stm32.7-2018-q2-update.win32_1.4.0.202007081208/tools/bin/../lib/gcc/arm-none-eabi/7.3.1/../../../../arm-none-eabi/lib/thumb/v7-m\libc_nano.a(lib_a-memset.o)
                              d:/program files/st/stm32cubeide_1.4.0/stm32cubeide/plugins/com.st.stm32cube.ide.mcu.externaltools.gnu-tools-for-stm32.7-2018-q2-update.win32_1.4.0.202007081208/tools/bin/../lib/gcc/arm-none-eabi/7.3.1/../../../../arm-none-eabi/lib/thumb/v7-m/crt0.o (memset)
d:/program files/st/stm32cubeide_1.4.0/stm32cubeide/plugins/com.st.stm32cube.ide.mcu.externaltools.gnu-tools-for-stm32.7-2018-q2-update.win32_1.4.0.202007081208/tools/bin/../lib/gcc/arm-none-eabi/7.3.1/../../../../arm-none-eabi/lib/thumb/v7-m\libc_nano.a(lib_a-nano-freer.o)
                              d:/program files/st/stm32cubeide_1.4.0/stm32cubeide/plugins/com.st.stm32cube.ide.mcu.externaltools.gnu-tools-for-stm32.7-2018-q2-update.win32_1.4.0.202007081208/tools/bin/../lib/gcc/arm-none-eabi/7.3.1/../../../../arm-none-eabi/lib/thumb/v7-m\libc_nano.a(lib_a-malloc.o) (_free_r)
d:/program files/st/stm32cubeide_1.4.0/stm32cubeide/plugins/com.st.stm32cube.ide.mcu.externaltools.gnu-tools-for-stm32.7-2018-q2-update.win32_1.4.0.202007081208/tools/bin/../lib/gcc/arm-none-eabi/7.3.1/../../../../arm-none-eabi/lib/thumb/v7-m\libc_nano.a(lib_a-nano-mallocr.o)
                              d:/program files/st/stm32cubeide_1.4.0/stm32cubeide/plugins/com.st.stm32cube.ide.mcu.externaltools.gnu-tools-for-stm32.7-2018-q2-update.win32_1.4.0.202007081208/tools/bin/../lib/gcc/arm-none-eabi/7.3.1/../../../../arm-none-eabi/lib/thumb/v7-m\libc_nano.a(lib_a-malloc.o) (_malloc_r)
d:/program files/st/stm32cubeide_1.4.0/stm32cubeide/plugins/com.st.stm32cube.ide.mcu.externaltools.gnu-tools-for-stm32.7-2018-q2-update.win32_1.4.0.202007081208/tools/bin/../lib/gcc/arm-none-eabi/7.3.1/../../../../arm-none-eabi/lib/thumb/v7-m\libc_nano.a(lib_a-sbrkr.o)
                              d:/program files/st/stm32cubeide_1.4.0/stm32cubeide/plugins/com.st.stm32cube.ide.mcu.externaltools.gnu-tools-for-stm32.7-2018-q2-update.win32_1.4.0.202007081208/tools/bin/../lib/gcc/arm-none-eabi/7.3.1/../../../../arm-none-eabi/lib/thumb/v7-m\libc_nano.a(lib_a-nano-mallocr.o) (_sbrk_r)
[...]
Memory Configuration

Name             Origin             Length             Attributes
RAM              0x0000000020000000 0x0000000000005000 xrw
FLASH            0x0000000008000000 0x0000000000010000 xr
*default*        0x0000000000000000 0xffffffffffffffff

Linker script and memory map

LOAD d:/program files/st/stm32cubeide_1.4.0/stm32cubeide/plugins/com.st.stm32cube.ide.mcu.externaltools.gnu-tools-for-stm32.7-2018-q2-update.win32_1.4.0.202007081208/tools/bin/../lib/gcc/arm-none-eabi/7.3.1/thumb/v7-m/crti.o
LOAD d:/program files/st/stm32cubeide_1.4.0/stm32cubeide/plugins/com.st.stm32cube.ide.mcu.externaltools.gnu-tools-for-stm32.7-2018-q2-update.win32_1.4.0.202007081208/tools/bin/../lib/gcc/arm-none-eabi/7.3.1/thumb/v7-m/crtbegin.o
LOAD d:/program files/st/stm32cubeide_1.4.0/stm32cubeide/plugins/com.st.stm32cube.ide.mcu.externaltools.gnu-tools-for-stm32.7-2018-q2-update.win32_1.4.0.202007081208/tools/bin/../lib/gcc/arm-none-eabi/7.3.1/../../../../arm-none-eabi/lib/thumb/v7-m/crt0.o
LOAD Core/Src/adc_manager.o
LOAD Core/Src/data_manager.o
LOAD Core/Src/main.o
LOAD Core/Src/stm32f1xx_hal_msp.o
LOAD Core/Src/stm32f1xx_it.o
LOAD Core/Src/syscalls.o
LOAD Core/Src/sysmem.o
LOAD Core/Src/system_stm32f1xx.o
LOAD Core/Src/util.o
LOAD Core/Startup/startup_stm32f103c8tx.o
LOAD Drivers/STM32F1xx_HAL_Driver/Src/stm32f1xx_hal.o
LOAD Drivers/STM32F1xx_HAL_Driver/Src/stm32f1xx_hal_adc.o
LOAD Drivers/STM32F1xx_HAL_Driver/Src/stm32f1xx_hal_adc_ex.o
LOAD Drivers/STM32F1xx_HAL_Driver/Src/stm32f1xx_hal_cortex.o
LOAD Drivers/STM32F1xx_HAL_Driver/Src/stm32f1xx_hal_dma.o
LOAD Drivers/STM32F1xx_HAL_Driver/Src/stm32f1xx_hal_exti.o
LOAD Drivers/STM32F1xx_HAL_Driver/Src/stm32f1xx_hal_flash.o
LOAD Drivers/STM32F1xx_HAL_Driver/Src/stm32f1xx_hal_flash_ex.o
LOAD Drivers/STM32F1xx_HAL_Driver/Src/stm32f1xx_hal_gpio.o
LOAD Drivers/STM32F1xx_HAL_Driver/Src/stm32f1xx_hal_gpio_ex.o
LOAD Drivers/STM32F1xx_HAL_Driver/Src/stm32f1xx_hal_pcd.o
LOAD Drivers/STM32F1xx_HAL_Driver/Src/stm32f1xx_hal_pcd_ex.o
LOAD Drivers/STM32F1xx_HAL_Driver/Src/stm32f1xx_hal_pwr.o
LOAD Drivers/STM32F1xx_HAL_Driver/Src/stm32f1xx_hal_rcc.o
LOAD Drivers/STM32F1xx_HAL_Driver/Src/stm32f1xx_hal_rcc_ex.o
LOAD Drivers/STM32F1xx_HAL_Driver/Src/stm32f1xx_hal_spi.o
LOAD Drivers/STM32F1xx_HAL_Driver/Src/stm32f1xx_hal_tim.o
LOAD Drivers/STM32F1xx_HAL_Driver/Src/stm32f1xx_hal_tim_ex.o
LOAD Drivers/STM32F1xx_HAL_Driver/Src/stm32f1xx_hal_uart.o
LOAD Drivers/STM32F1xx_HAL_Driver/Src/stm32f1xx_ll_usb.o
LOAD FATFS/App/fatfs.o
LOAD FATFS/Target/user_diskio.o
LOAD Middlewares/ST/STM32_USB_Device_Library/Class/DFU/Src/usbd_dfu.o
LOAD Middlewares/ST/STM32_USB_Device_Library/Core/Src/usbd_core.o
LOAD Middlewares/ST/STM32_USB_Device_Library/Core/Src/usbd_ctlreq.o
LOAD Middlewares/ST/STM32_USB_Device_Library/Core/Src/usbd_ioreq.o
LOAD Middlewares/Third_Party/FatFs/src/diskio.o
LOAD Middlewares/Third_Party/FatFs/src/ff.o
LOAD Middlewares/Third_Party/FatFs/src/ff_gen_drv.o
LOAD Middlewares/Third_Party/FatFs/src/option/syscall.o
LOAD USB_DEVICE/App/usb_device.o
LOAD USB_DEVICE/App/usbd_desc.o
LOAD USB_DEVICE/App/usbd_dfu_if.o
LOAD USB_DEVICE/Target/usbd_conf.o
START GROUP
LOAD d:/program files/st/stm32cubeide_1.4.0/stm32cubeide/plugins/com.st.stm32cube.ide.mcu.externaltools.gnu-tools-for-stm32.7-2018-q2-update.win32_1.4.0.202007081208/tools/bin/../lib/gcc/arm-none-eabi/7.3.1/../../../../arm-none-eabi/lib/thumb/v7-m\libc_nano.a
LOAD d:/program files/st/stm32cubeide_1.4.0/stm32cubeide/plugins/com.st.stm32cube.ide.mcu.externaltools.gnu-tools-for-stm32.7-2018-q2-update.win32_1.4.0.202007081208/tools/bin/../lib/gcc/arm-none-eabi/7.3.1/../../../../arm-none-eabi/lib/thumb/v7-m\libm.a
END GROUP
START GROUP
LOAD d:/program files/st/stm32cubeide_1.4.0/stm32cubeide/plugins/com.st.stm32cube.ide.mcu.externaltools.gnu-tools-for-stm32.7-2018-q2-update.win32_1.4.0.202007081208/tools/bin/../lib/gcc/arm-none-eabi/7.3.1/thumb/v7-m\libgcc.a
LOAD d:/program files/st/stm32cubeide_1.4.0/stm32cubeide/plugins/com.st.stm32cube.ide.mcu.externaltools.gnu-tools-for-stm32.7-2018-q2-update.win32_1.4.0.202007081208/tools/bin/../lib/gcc/arm-none-eabi/7.3.1/../../../../arm-none-eabi/lib/thumb/v7-m\libc_nano.a
END GROUP
START GROUP
LOAD d:/program files/st/stm32cubeide_1.4.0/stm32cubeide/plugins/com.st.stm32cube.ide.mcu.externaltools.gnu-tools-for-stm32.7-2018-q2-update.win32_1.4.0.202007081208/tools/bin/../lib/gcc/arm-none-eabi/7.3.1/thumb/v7-m\libgcc.a
LOAD d:/program files/st/stm32cubeide_1.4.0/stm32cubeide/plugins/com.st.stm32cube.ide.mcu.externaltools.gnu-tools-for-stm32.7-2018-q2-update.win32_1.4.0.202007081208/tools/bin/../lib/gcc/arm-none-eabi/7.3.1/../../../../arm-none-eabi/lib/thumb/v7-m\libc_nano.a
LOAD d:/program files/st/stm32cubeide_1.4.0/stm32cubeide/plugins/com.st.stm32cube.ide.mcu.externaltools.gnu-tools-for-stm32.7-2018-q2-update.win32_1.4.0.202007081208/tools/bin/../lib/gcc/arm-none-eabi/7.3.1/../../../../arm-none-eabi/lib/thumb/v7-m\libnosys.a
END GROUP
START GROUP
LOAD d:/program files/st/stm32cubeide_1.4.0/stm32cubeide/plugins/com.st.stm32cube.ide.mcu.externaltools.gnu-tools-for-stm32.7-2018-q2-update.win32_1.4.0.202007081208/tools/bin/../lib/gcc/arm-none-eabi/7.3.1/thumb/v7-m\libgcc.a
LOAD d:/program files/st/stm32cubeide_1.4.0/stm32cubeide/plugins/com.st.stm32cube.ide.mcu.externaltools.gnu-tools-for-stm32.7-2018-q2-update.win32_1.4.0.202007081208/tools/bin/../lib/gcc/arm-none-eabi/7.3.1/../../../../arm-none-eabi/lib/thumb/v7-m\libc_nano.a
LOAD d:/program files/st/stm32cubeide_1.4.0/stm32cubeide/plugins/com.st.stm32cube.ide.mcu.externaltools.gnu-tools-for-stm32.7-2018-q2-update.win32_1.4.0.202007081208/tools/bin/../lib/gcc/arm-none-eabi/7.3.1/../../../../arm-none-eabi/lib/thumb/v7-m\libnosys.a
END GROUP
LOAD d:/program files/st/stm32cubeide_1.4.0/stm32cubeide/plugins/com.st.stm32cube.ide.mcu.externaltools.gnu-tools-for-stm32.7-2018-q2-update.win32_1.4.0.202007081208/tools/bin/../lib/gcc/arm-none-eabi/7.3.1/thumb/v7-m/crtend.o
LOAD d:/program files/st/stm32cubeide_1.4.0/stm32cubeide/plugins/com.st.stm32cube.ide.mcu.externaltools.gnu-tools-for-stm32.7-2018-q2-update.win32_1.4.0.202007081208/tools/bin/../lib/gcc/arm-none-eabi/7.3.1/thumb/v7-m/crtn.o
                0x0000000020005000                _estack = (ORIGIN (RAM) + LENGTH (RAM))
                0x0000000000000200                _Min_Heap_Size = 0x200
                0x0000000000000400                _Min_Stack_Size = 0x400

.isr_vector     0x0000000008000000      0x10c
                0x0000000008000000                . = ALIGN (0x4)
 *(.isr_vector)
 .isr_vector    0x0000000008000000      0x10c Core/Startup/startup_stm32f103c8tx.o
                0x0000000008000000                g_pfnVectors
                0x000000000800010c                . = ALIGN (0x4)

.text           0x000000000800010c     0x3ae8
                0x000000000800010c                . = ALIGN (0x4)
 *(.text)
 .text          0x000000000800010c       0x40 d:/program files/st/stm32cubeide_1.4.0/stm32cubeide/plugins/com.st.stm32cube.ide.mcu.externaltools.gnu-tools-for-stm32.7-2018-q2-update.win32_1.4.0.202007081208/tools/bin/../lib/gcc/arm-none-eabi/7.3.1/thumb/v7-m/crtbegin.o
 *(.text*)
 .text.SystemClock_Config
                0x000000000800014c       0x74 Core/Src/main.o
                0x000000000800014c                SystemClock_Config
 .text.startup.main
                0x00000000080001c0      0x39c Core/Src/main.o
                0x00000000080001c0                main
 .text.Error_Handler
                0x000000000800055c        0x2 Core/Src/main.o
                0x000000000800055c                Error_Handler
 *fill*         0x000000000800055e        0x2 
 .text.HAL_MspInit
                0x0000000008000560       0x44 Core/Src/stm32f1xx_hal_msp.o
                0x0000000008000560                HAL_MspInit
 .text.HAL_ADC_MspInit
                0x00000000080005a4       0xa4 Core/Src/stm32f1xx_hal_msp.o
                0x00000000080005a4                HAL_ADC_MspInit
 .text.HAL_SPI_MspInit
                0x0000000008000648       0xc0 Core/Src/stm32f1xx_hal_msp.o
                0x0000000008000648                HAL_SPI_MspInit
 .text.HAL_TIM_Base_MspInit
                0x0000000008000708       0x98 Core/Src/stm32f1xx_hal_msp.o
                0x0000000008000708                HAL_TIM_Base_MspInit
 .text.HAL_TIM_MspPostInit
                0x00000000080007a0       0x98 Core/Src/stm32f1xx_hal_msp.o
                0x00000000080007a0                HAL_TIM_MspPostInit
 .text.HAL_UART_MspInit
                0x0000000008000838       0x78 Core/Src/stm32f1xx_hal_msp.o
                0x0000000008000838                HAL_UART_MspInit
 .text.NMI_Handler
                0x00000000080008b0        0x2 Core/Src/stm32f1xx_it.o
                0x00000000080008b0                NMI_Handler
 .text.HardFault_Handler
                0x00000000080008b2        0x2 Core/Src/stm32f1xx_it.o
                0x00000000080008b2                HardFault_Handler
 .text.MemManage_Handler
                0x00000000080008b4        0x2 Core/Src/stm32f1xx_it.o
                0x00000000080008b4                MemManage_Handler
 .text.BusFault_Handler
                0x00000000080008b6        0x2 Core/Src/stm32f1xx_it.o
                0x00000000080008b6                BusFault_Handler
 .text.UsageFault_Handler
                0x00000000080008b8        0x2 Core/Src/stm32f1xx_it.o
                0x00000000080008b8                UsageFault_Handler
 .text.SVC_Handler
                0x00000000080008ba        0x2 Core/Src/stm32f1xx_it.o
                0x00000000080008ba                SVC_Handler
 .text.DebugMon_Handler
                0x00000000080008bc        0x2 Core/Src/stm32f1xx_it.o
                0x00000000080008bc                DebugMon_Handler
 .text.PendSV_Handler
                0x00000000080008be        0x2 Core/Src/stm32f1xx_it.o
                0x00000000080008be                PendSV_Handler
 .text.SysTick_Handler
                0x00000000080008c0        0x4 Core/Src/stm32f1xx_it.o
                0x00000000080008c0                SysTick_Handler
 .text.EXTI1_IRQHandler
                0x00000000080008c4        0x6 Core/Src/stm32f1xx_it.o
                0x00000000080008c4                EXTI1_IRQHandler
 .text.EXTI2_IRQHandler
                0x00000000080008ca        0x6 Core/Src/stm32f1xx_it.o
                0x00000000080008ca                EXTI2_IRQHandler
 .text.EXTI3_IRQHandler
                0x00000000080008d0        0x6 Core/Src/stm32f1xx_it.o
                0x00000000080008d0                EXTI3_IRQHandler
 *fill*         0x00000000080008d6        0x2 
 .text.USB_LP_CAN1_RX0_IRQHandler
                0x00000000080008d8        0xc Core/Src/stm32f1xx_it.o
                0x00000000080008d8                USB_LP_CAN1_RX0_IRQHandler
 .text.TIM1_UP_IRQHandler
                0x00000000080008e4        0xc Core/Src/stm32f1xx_it.o
                0x00000000080008e4                TIM1_UP_IRQHandler
 .text.TIM2_IRQHandler
                0x00000000080008f0        0xc Core/Src/stm32f1xx_it.o
                0x00000000080008f0                TIM2_IRQHandler
 .text.TIM3_IRQHandler
                0x00000000080008fc       0x4c Core/Src/stm32f1xx_it.o
                0x00000000080008fc                TIM3_IRQHandler
 .text.USBWakeUp_IRQHandler
                0x0000000008000948       0x2c Core/Src/stm32f1xx_it.o
                0x0000000008000948                USBWakeUp_IRQHandler
 .text.SystemInit
                0x0000000008000974       0x4c Core/Src/system_stm32f1xx.o
                0x0000000008000974                SystemInit
 .text.millis   0x00000000080009c0        0xc Core/Src/util.o
                0x00000000080009c0                millis
 .text.Reset_Handler
                0x00000000080009cc       0x48 Core/Startup/startup_stm32f103c8tx.o
                0x00000000080009cc                Reset_Handler
 .text.Default_Handler
                0x0000000008000a14        0x2 Core/Startup/startup_stm32f103c8tx.o
                0x0000000008000a14                RTC_Alarm_IRQHandler
                0x0000000008000a14                TIM1_CC_IRQHandler
                0x0000000008000a14                PVD_IRQHandler
                0x0000000008000a14                EXTI0_IRQHandler
                0x0000000008000a14                I2C2_EV_IRQHandler
                0x0000000008000a14                ADC1_2_IRQHandler
                0x0000000008000a14                SPI1_IRQHandler
                0x0000000008000a14                TAMPER_IRQHandler
                0x0000000008000a14                DMA1_Channel4_IRQHandler
                0x0000000008000a14                USART3_IRQHandler
                0x0000000008000a14                RTC_IRQHandler
                0x0000000008000a14                DMA1_Channel7_IRQHandler
                0x0000000008000a14                CAN1_RX1_IRQHandler
                0x0000000008000a14                TIM4_IRQHandler
                0x0000000008000a14                I2C1_EV_IRQHandler
                0x0000000008000a14                DMA1_Channel6_IRQHandler
                0x0000000008000a14                RCC_IRQHandler
                0x0000000008000a14                TIM1_TRG_COM_IRQHandler
                0x0000000008000a14                DMA1_Channel1_IRQHandler
                0x0000000008000a14                Default_Handler
                0x0000000008000a14                EXTI15_10_IRQHandler
                0x0000000008000a14                EXTI9_5_IRQHandler
                0x0000000008000a14                SPI2_IRQHandler
                0x0000000008000a14                DMA1_Channel5_IRQHandler
                0x0000000008000a14                EXTI4_IRQHandler
                0x0000000008000a14                USB_HP_CAN1_TX_IRQHandler
                0x0000000008000a14                DMA1_Channel3_IRQHandler
                0x0000000008000a14                WWDG_IRQHandler
                0x0000000008000a14                TIM1_BRK_IRQHandler
                0x0000000008000a14                USART2_IRQHandler
                0x0000000008000a14                I2C2_ER_IRQHandler
                0x0000000008000a14                DMA1_Channel2_IRQHandler
                0x0000000008000a14                CAN1_SCE_IRQHandler
                0x0000000008000a14                FLASH_IRQHandler
                0x0000000008000a14                USART1_IRQHandler
                0x0000000008000a14                I2C1_ER_IRQHandler
 *fill*         0x0000000008000a16        0x2 
 .text.HAL_InitTick
                0x0000000008000a18       0x48 Drivers/STM32F1xx_HAL_Driver/Src/stm32f1xx_hal.o
                0x0000000008000a18                HAL_InitTick
 .text.HAL_Init
                0x0000000008000a60       0x24 Drivers/STM32F1xx_HAL_Driver/Src/stm32f1xx_hal.o
                0x0000000008000a60                HAL_Init
 .text.HAL_IncTick
                0x0000000008000a84       0x18 Drivers/STM32F1xx_HAL_Driver/Src/stm32f1xx_hal.o
                0x0000000008000a84                HAL_IncTick
 .text.HAL_GetTick
                0x0000000008000a9c        0xc Drivers/STM32F1xx_HAL_Driver/Src/stm32f1xx_hal.o
                0x0000000008000a9c                HAL_GetTick
 .text.HAL_Delay
                0x0000000008000aa8       0x24 Drivers/STM32F1xx_HAL_Driver/Src/stm32f1xx_hal.o
                0x0000000008000aa8                HAL_Delay
 .text.HAL_ADC_ConfigChannel
                0x0000000008000acc       0xfc Drivers/STM32F1xx_HAL_Driver/Src/stm32f1xx_hal_adc.o
                0x0000000008000acc                HAL_ADC_ConfigChannel
 .text.ADC_ConversionStop_Disable
                0x0000000008000bc8       0x44 Drivers/STM32F1xx_HAL_Driver/Src/stm32f1xx_hal_adc.o
                0x0000000008000bc8                ADC_ConversionStop_Disable
 .text.HAL_ADC_Init
                0x0000000008000c0c      0x100 Drivers/STM32F1xx_HAL_Driver/Src/stm32f1xx_hal_adc.o
                0x0000000008000c0c                HAL_ADC_Init
 .text.HAL_NVIC_SetPriorityGrouping
                0x0000000008000d0c       0x24 Drivers/STM32F1xx_HAL_Driver/Src/stm32f1xx_hal_cortex.o
                0x0000000008000d0c                HAL_NVIC_SetPriorityGrouping
 .text.HAL_NVIC_SetPriority
                0x0000000008000d30       0x68 Drivers/STM32F1xx_HAL_Driver/Src/stm32f1xx_hal_cortex.o
                0x0000000008000d30                HAL_NVIC_SetPriority
 .text.HAL_NVIC_EnableIRQ
                0x0000000008000d98       0x1c Drivers/STM32F1xx_HAL_Driver/Src/stm32f1xx_hal_cortex.o
                0x0000000008000d98                HAL_NVIC_EnableIRQ
 .text.HAL_SYSTICK_Config
                0x0000000008000db4       0x2c Drivers/STM32F1xx_HAL_Driver/Src/stm32f1xx_hal_cortex.o
                0x0000000008000db4                HAL_SYSTICK_Config
 .text.HAL_GPIO_Init
                0x0000000008000de0      0x1c0 Drivers/STM32F1xx_HAL_Driver/Src/stm32f1xx_hal_gpio.o
                0x0000000008000de0                HAL_GPIO_Init
 .text.HAL_GPIO_WritePin
                0x0000000008000fa0        0xa Drivers/STM32F1xx_HAL_Driver/Src/stm32f1xx_hal_gpio.o
                0x0000000008000fa0                HAL_GPIO_WritePin
 .text.HAL_GPIO_TogglePin
                0x0000000008000faa        0xc Drivers/STM32F1xx_HAL_Driver/Src/stm32f1xx_hal_gpio.o
                0x0000000008000faa                HAL_GPIO_TogglePin
 .text.HAL_GPIO_EXTI_Callback
                0x0000000008000fb6        0x2 Drivers/STM32F1xx_HAL_Driver/Src/stm32f1xx_hal_gpio.o
                0x0000000008000fb6                HAL_GPIO_EXTI_Callback
 .text.HAL_GPIO_EXTI_IRQHandler
                0x0000000008000fb8       0x18 Drivers/STM32F1xx_HAL_Driver/Src/stm32f1xx_hal_gpio.o
                0x0000000008000fb8                HAL_GPIO_EXTI_IRQHandler
 .text.HAL_PCD_Init
                0x0000000008000fd0       0xea Drivers/STM32F1xx_HAL_Driver/Src/stm32f1xx_hal_pcd.o
                0x0000000008000fd0                HAL_PCD_Init
 .text.HAL_PCD_Start
                0x00000000080010ba       0x2e Drivers/STM32F1xx_HAL_Driver/Src/stm32f1xx_hal_pcd.o
                0x00000000080010ba                HAL_PCD_Start
 .text.HAL_PCD_Stop
                0x00000000080010e8       0x3e Drivers/STM32F1xx_HAL_Driver/Src/stm32f1xx_hal_pcd.o
                0x00000000080010e8                HAL_PCD_Stop
 .text.HAL_PCD_SetAddress
                0x0000000008001126       0x28 Drivers/STM32F1xx_HAL_Driver/Src/stm32f1xx_hal_pcd.o
                0x0000000008001126                HAL_PCD_SetAddress
 .text.HAL_PCD_EP_Open
                0x000000000800114e       0x66 Drivers/STM32F1xx_HAL_Driver/Src/stm32f1xx_hal_pcd.o
                0x000000000800114e                HAL_PCD_EP_Open
 .text.HAL_PCD_EP_Receive
                0x00000000080011b4       0x30 Drivers/STM32F1xx_HAL_Driver/Src/stm32f1xx_hal_pcd.o
                0x00000000080011b4                HAL_PCD_EP_Receive
 .text.HAL_PCD_EP_Transmit
                0x00000000080011e4       0x2c Drivers/STM32F1xx_HAL_Driver/Src/stm32f1xx_hal_pcd.o
                0x00000000080011e4                HAL_PCD_EP_Transmit
 .text.HAL_PCD_IRQHandler
                0x0000000008001210      0x42c Drivers/STM32F1xx_HAL_Driver/Src/stm32f1xx_hal_pcd.o
                0x0000000008001210                HAL_PCD_IRQHandler
 .text.HAL_PCD_EP_SetStall
                0x000000000800163c       0x68 Drivers/STM32F1xx_HAL_Driver/Src/stm32f1xx_hal_pcd.o
                0x000000000800163c                HAL_PCD_EP_SetStall
 .text.HAL_PCD_EP_ClrStall
                0x00000000080016a4       0x66 Drivers/STM32F1xx_HAL_Driver/Src/stm32f1xx_hal_pcd.o
                0x00000000080016a4                HAL_PCD_EP_ClrStall
 .text.HAL_PCDEx_PMAConfig
                0x000000000800170a       0x32 Drivers/STM32F1xx_HAL_Driver/Src/stm32f1xx_hal_pcd_ex.o
                0x000000000800170a                HAL_PCDEx_PMAConfig
 .text.HAL_RCC_OscConfig
                0x000000000800173c      0x33c Drivers/STM32F1xx_HAL_Driver/Src/stm32f1xx_hal_rcc.o
                0x000000000800173c                HAL_RCC_OscConfig
 .text.HAL_RCC_GetSysClockFreq
                0x0000000008001a78       0x74 Drivers/STM32F1xx_HAL_Driver/Src/stm32f1xx_hal_rcc.o
                0x0000000008001a78                HAL_RCC_GetSysClockFreq
 .text.HAL_RCC_ClockConfig
                0x0000000008001aec      0x138 Drivers/STM32F1xx_HAL_Driver/Src/stm32f1xx_hal_rcc.o
                0x0000000008001aec                HAL_RCC_ClockConfig
 .text.HAL_RCC_GetPCLK1Freq
                0x0000000008001c24       0x20 Drivers/STM32F1xx_HAL_Driver/Src/stm32f1xx_hal_rcc.o
                0x0000000008001c24                HAL_RCC_GetPCLK1Freq
 .text.HAL_RCC_GetPCLK2Freq
                0x0000000008001c44       0x20 Drivers/STM32F1xx_HAL_Driver/Src/stm32f1xx_hal_rcc.o
                0x0000000008001c44                HAL_RCC_GetPCLK2Freq
 .text.HAL_RCCEx_PeriphCLKConfig
                0x0000000008001c64       0xf0 Drivers/STM32F1xx_HAL_Driver/Src/stm32f1xx_hal_rcc_ex.o
                0x0000000008001c64                HAL_RCCEx_PeriphCLKConfig
 .text.HAL_SPI_Init
                0x0000000008001d54       0x76 Drivers/STM32F1xx_HAL_Driver/Src/stm32f1xx_hal_spi.o
                0x0000000008001d54                HAL_SPI_Init
 *fill*         0x0000000008001dca        0x2 
 .text.TIM_OC1_SetConfig
                0x0000000008001dcc       0x50 Drivers/STM32F1xx_HAL_Driver/Src/stm32f1xx_hal_tim.o
 .text.TIM_OC3_SetConfig
                0x0000000008001e1c       0x54 Drivers/STM32F1xx_HAL_Driver/Src/stm32f1xx_hal_tim.o
 .text.TIM_OC4_SetConfig
                0x0000000008001e70       0x44 Drivers/STM32F1xx_HAL_Driver/Src/stm32f1xx_hal_tim.o
 .text.HAL_TIM_Base_Start_IT
                0x0000000008001eb4       0x20 Drivers/STM32F1xx_HAL_Driver/Src/stm32f1xx_hal_tim.o
                0x0000000008001eb4                HAL_TIM_Base_Start_IT
 .text.HAL_TIM_PWM_MspInit
                0x0000000008001ed4        0x2 Drivers/STM32F1xx_HAL_Driver/Src/stm32f1xx_hal_tim.o
                0x0000000008001ed4                HAL_TIM_PWM_MspInit
 .text.HAL_TIM_PeriodElapsedCallback
                0x0000000008001ed6        0x2 Drivers/STM32F1xx_HAL_Driver/Src/stm32f1xx_hal_tim.o
                0x0000000008001ed6                HAL_TIM_PeriodElapsedCallback
 .text.HAL_TIM_OC_DelayElapsedCallback
                0x0000000008001ed8        0x2 Drivers/STM32F1xx_HAL_Driver/Src/stm32f1xx_hal_tim.o
                0x0000000008001ed8                HAL_TIM_OC_DelayElapsedCallback
 .text.HAL_TIM_IC_CaptureCallback
                0x0000000008001eda        0x2 Drivers/STM32F1xx_HAL_Driver/Src/stm32f1xx_hal_tim.o
                0x0000000008001eda                HAL_TIM_IC_CaptureCallback
 .text.HAL_TIM_PWM_PulseFinishedCallback
                0x0000000008001edc        0x2 Drivers/STM32F1xx_HAL_Driver/Src/stm32f1xx_hal_tim.o
                0x0000000008001edc                HAL_TIM_PWM_PulseFinishedCallback
 .text.HAL_TIM_TriggerCallback
                0x0000000008001ede        0x2 Drivers/STM32F1xx_HAL_Driver/Src/stm32f1xx_hal_tim.o
                0x0000000008001ede                HAL_TIM_TriggerCallback
 .text.HAL_TIM_IRQHandler
                0x0000000008001ee0      0x144 Drivers/STM32F1xx_HAL_Driver/Src/stm32f1xx_hal_tim.o
                0x0000000008001ee0                HAL_TIM_IRQHandler
 .text.TIM_Base_SetConfig
                0x0000000008002024       0x70 Drivers/STM32F1xx_HAL_Driver/Src/stm32f1xx_hal_tim.o
                0x0000000008002024                TIM_Base_SetConfig
 .text.HAL_TIM_Base_Init
                0x0000000008002094       0x34 Drivers/STM32F1xx_HAL_Driver/Src/stm32f1xx_hal_tim.o
                0x0000000008002094                HAL_TIM_Base_Init
 .text.HAL_TIM_PWM_Init
                0x00000000080020c8       0x34 Drivers/STM32F1xx_HAL_Driver/Src/stm32f1xx_hal_tim.o
                0x00000000080020c8                HAL_TIM_PWM_Init
 .text.TIM_OC2_SetConfig
                0x00000000080020fc       0x58 Drivers/STM32F1xx_HAL_Driver/Src/stm32f1xx_hal_tim.o
                0x00000000080020fc                TIM_OC2_SetConfig
 .text.HAL_TIM_PWM_ConfigChannel
                0x0000000008002154       0xc4 Drivers/STM32F1xx_HAL_Driver/Src/stm32f1xx_hal_tim.o
                0x0000000008002154                HAL_TIM_PWM_ConfigChannel
 .text.TIM_ETR_SetConfig
                0x0000000008002218       0x14 Drivers/STM32F1xx_HAL_Driver/Src/stm32f1xx_hal_tim.o
                0x0000000008002218                TIM_ETR_SetConfig
 .text.HAL_TIM_ConfigClockSource
                0x000000000800222c      0x128 Drivers/STM32F1xx_HAL_Driver/Src/stm32f1xx_hal_tim.o
                0x000000000800222c                HAL_TIM_ConfigClockSource
 .text.HAL_TIMEx_MasterConfigSynchronization
                0x0000000008002354       0x3c Drivers/STM32F1xx_HAL_Driver/Src/stm32f1xx_hal_tim_ex.o
                0x0000000008002354                HAL_TIMEx_MasterConfigSynchronization
 .text.HAL_TIMEx_CommutCallback
                0x0000000008002390        0x2 Drivers/STM32F1xx_HAL_Driver/Src/stm32f1xx_hal_tim_ex.o
                0x0000000008002390                HAL_TIMEx_CommutCallback
 .text.HAL_TIMEx_BreakCallback
                0x0000000008002392        0x2 Drivers/STM32F1xx_HAL_Driver/Src/stm32f1xx_hal_tim_ex.o
                0x0000000008002392                HAL_TIMEx_BreakCallback
 .text.UART_SetConfig
                0x0000000008002394       0x74 Drivers/STM32F1xx_HAL_Driver/Src/stm32f1xx_hal_uart.o
 .text.HAL_UART_Init
                0x0000000008002408       0x5c Drivers/STM32F1xx_HAL_Driver/Src/stm32f1xx_hal_uart.o
                0x0000000008002408                HAL_UART_Init
 .text.USB_CoreInit
                0x0000000008002464        0xe Drivers/STM32F1xx_HAL_Driver/Src/stm32f1xx_ll_usb.o
                0x0000000008002464                USB_CoreInit
 .text.USB_EnableGlobalInt
                0x0000000008002472       0x10 Drivers/STM32F1xx_HAL_Driver/Src/stm32f1xx_ll_usb.o
                0x0000000008002472                USB_EnableGlobalInt
 .text.USB_DisableGlobalInt
                0x0000000008002482       0x14 Drivers/STM32F1xx_HAL_Driver/Src/stm32f1xx_ll_usb.o
                0x0000000008002482                USB_DisableGlobalInt
 .text.USB_SetCurrentMode
                0x0000000008002496        0x4 Drivers/STM32F1xx_HAL_Driver/Src/stm32f1xx_ll_usb.o
                0x0000000008002496                USB_SetCurrentMode
 .text.USB_DevInit
                0x000000000800249a       0x34 Drivers/STM32F1xx_HAL_Driver/Src/stm32f1xx_ll_usb.o
                0x000000000800249a                USB_DevInit
 *fill*         0x00000000080024ce        0x2 
 .text.USB_ActivateEndpoint
                0x00000000080024d0      0x2b4 Drivers/STM32F1xx_HAL_Driver/Src/stm32f1xx_ll_usb.o
                0x00000000080024d0                USB_ActivateEndpoint
 .text.USB_EPSetStall
                0x0000000008002784       0x38 Drivers/STM32F1xx_HAL_Driver/Src/stm32f1xx_ll_usb.o
                0x0000000008002784                USB_EPSetStall
 .text.USB_EPClearStall
                0x00000000080027bc       0x86 Drivers/STM32F1xx_HAL_Driver/Src/stm32f1xx_ll_usb.o
                0x00000000080027bc                USB_EPClearStall
 .text.USB_StopDevice
                0x0000000008002842       0x16 Drivers/STM32F1xx_HAL_Driver/Src/stm32f1xx_ll_usb.o
                0x0000000008002842                USB_StopDevice
 .text.USB_SetDevAddress
                0x0000000008002858        0xc Drivers/STM32F1xx_HAL_Driver/Src/stm32f1xx_ll_usb.o
                0x0000000008002858                USB_SetDevAddress
 .text.USB_DevConnect
                0x0000000008002864        0x4 Drivers/STM32F1xx_HAL_Driver/Src/stm32f1xx_ll_usb.o
                0x0000000008002864                USB_DevConnect
 .text.USB_DevDisconnect
                0x0000000008002868        0x4 Drivers/STM32F1xx_HAL_Driver/Src/stm32f1xx_ll_usb.o
                0x0000000008002868                USB_DevDisconnect
 .text.USB_ReadInterrupts
                0x000000000800286c        0x6 Drivers/STM32F1xx_HAL_Driver/Src/stm32f1xx_ll_usb.o
                0x000000000800286c                USB_ReadInterrupts
 .text.USB_EP0_OutStart
                0x0000000008002872        0x4 Drivers/STM32F1xx_HAL_Driver/Src/stm32f1xx_ll_usb.o
                0x0000000008002872                USB_EP0_OutStart
 .text.USB_WritePMA
                0x0000000008002876       0x20 Drivers/STM32F1xx_HAL_Driver/Src/stm32f1xx_ll_usb.o
                0x0000000008002876                USB_WritePMA
 *fill*         0x0000000008002896        0x2 
 .text.USB_EPStartXfer
                0x0000000008002898      0x1a8 Drivers/STM32F1xx_HAL_Driver/Src/stm32f1xx_ll_usb.o
                0x0000000008002898                USB_EPStartXfer
 .text.USB_ReadPMA
                0x0000000008002a40       0x38 Drivers/STM32F1xx_HAL_Driver/Src/stm32f1xx_ll_usb.o
                0x0000000008002a40                USB_ReadPMA
 .text.MX_FATFS_Init
                0x0000000008002a78       0x1c FATFS/App/fatfs.o
                0x0000000008002a78                MX_FATFS_Init
 .text.USER_initialize
                0x0000000008002a94       0x10 FATFS/Target/user_diskio.o
                0x0000000008002a94                USER_initialize
 .text.USER_read
                0x0000000008002aa4        0x4 FATFS/Target/user_diskio.o
                0x0000000008002aa4                USER_read
 .text.USER_ioctl
                0x0000000008002aa8        0x4 FATFS/Target/user_diskio.o
                0x0000000008002aa8                USER_ioctl
 .text.USER_write
                0x0000000008002aac        0x4 FATFS/Target/user_diskio.o
                0x0000000008002aac                USER_write
 .text.USER_status
                0x0000000008002ab0       0x10 FATFS/Target/user_diskio.o
                0x0000000008002ab0                USER_status
 .text.USBD_DFU_GetCfgDesc
                0x0000000008002ac0        0xc Middlewares/ST/STM32_USB_Device_Library/Class/DFU/Src/usbd_dfu.o
 .text.USBD_DFU_DataIn
                0x0000000008002acc        0x4 Middlewares/ST/STM32_USB_Device_Library/Class/DFU/Src/usbd_dfu.o
 .text.USBD_DFU_EP0_RxReady
                0x0000000008002ad0        0x4 Middlewares/ST/STM32_USB_Device_Library/Class/DFU/Src/usbd_dfu.o
 .text.USBD_DFU_GetDeviceQualifierDesc
                0x0000000008002ad4        0xc Middlewares/ST/STM32_USB_Device_Library/Class/DFU/Src/usbd_dfu.o
 .text.USBD_DFU_GetUsrStringDesc
                0x0000000008002ae0       0x20 Middlewares/ST/STM32_USB_Device_Library/Class/DFU/Src/usbd_dfu.o
 .text.USBD_DFU_EP0_TxReady
                0x0000000008002b00      0x15c Middlewares/ST/STM32_USB_Device_Library/Class/DFU/Src/usbd_dfu.o
 .text.USBD_DFU_DeInit
                0x0000000008002c5c       0x38 Middlewares/ST/STM32_USB_Device_Library/Class/DFU/Src/usbd_dfu.o
 .text.USBD_DFU_Init
                0x0000000008002c94       0x48 Middlewares/ST/STM32_USB_Device_Library/Class/DFU/Src/usbd_dfu.o
 .text.USBD_DFU_Setup
                0x0000000008002cdc      0x320 Middlewares/ST/STM32_USB_Device_Library/Class/DFU/Src/usbd_dfu.o
 .text.USBD_DFU_IsoOutIncomplete
                0x0000000008002ffc        0x4 Middlewares/ST/STM32_USB_Device_Library/Class/DFU/Src/usbd_dfu.o
 .text.USBD_DFU_DataOut
                0x0000000008003000        0x4 Middlewares/ST/STM32_USB_Device_Library/Class/DFU/Src/usbd_dfu.o
 .text.USBD_DFU_IsoINIncomplete
                0x0000000008003004        0x4 Middlewares/ST/STM32_USB_Device_Library/Class/DFU/Src/usbd_dfu.o
 .text.USBD_DFU_SOF
                0x0000000008003008        0x4 Middlewares/ST/STM32_USB_Device_Library/Class/DFU/Src/usbd_dfu.o
 .text.USBD_DFU_RegisterMedia
                0x000000000800300c        0xa Middlewares/ST/STM32_USB_Device_Library/Class/DFU/Src/usbd_dfu.o
                0x000000000800300c                USBD_DFU_RegisterMedia
 .text.USBD_Init
                0x0000000008003016       0x2a Middlewares/ST/STM32_USB_Device_Library/Core/Src/usbd_core.o
                0x0000000008003016                USBD_Init
 .text.USBD_RegisterClass
                0x0000000008003040        0xe Middlewares/ST/STM32_USB_Device_Library/Core/Src/usbd_core.o
                0x0000000008003040                USBD_RegisterClass
 .text.USBD_Start
                0x000000000800304e        0xa Middlewares/ST/STM32_USB_Device_Library/Core/Src/usbd_core.o
                0x000000000800304e                USBD_Start
 .text.USBD_Stop
                0x0000000008003058       0x18 Middlewares/ST/STM32_USB_Device_Library/Core/Src/usbd_core.o
                0x0000000008003058                USBD_Stop
 .text.USBD_SetClassConfig
                0x0000000008003070       0x16 Middlewares/ST/STM32_USB_Device_Library/Core/Src/usbd_core.o
                0x0000000008003070                USBD_SetClassConfig
 .text.USBD_ClrClassConfig
                0x0000000008003086        0xe Middlewares/ST/STM32_USB_Device_Library/Core/Src/usbd_core.o
                0x0000000008003086                USBD_ClrClassConfig
 .text.USBD_LL_SetupStage
                0x0000000008003094       0x5a Middlewares/ST/STM32_USB_Device_Library/Core/Src/usbd_core.o
                0x0000000008003094                USBD_LL_SetupStage
 .text.USBD_LL_DataOutStage
                0x00000000080030ee       0x74 Middlewares/ST/STM32_USB_Device_Library/Core/Src/usbd_core.o
                0x00000000080030ee                USBD_LL_DataOutStage
 .text.USBD_LL_DataInStage
                0x0000000008003162       0xb6 Middlewares/ST/STM32_USB_Device_Library/Core/Src/usbd_core.o
                0x0000000008003162                USBD_LL_DataInStage
 .text.USBD_LL_Reset
                0x0000000008003218       0x4e Middlewares/ST/STM32_USB_Device_Library/Core/Src/usbd_core.o
                0x0000000008003218                USBD_LL_Reset
 .text.USBD_LL_SetSpeed
                0x0000000008003266        0x6 Middlewares/ST/STM32_USB_Device_Library/Core/Src/usbd_core.o
                0x0000000008003266                USBD_LL_SetSpeed
 .text.USBD_LL_Suspend
                0x000000000800326c       0x12 Middlewares/ST/STM32_USB_Device_Library/Core/Src/usbd_core.o
                0x000000000800326c                USBD_LL_Suspend
 .text.USBD_LL_Resume
                0x000000000800327e       0x14 Middlewares/ST/STM32_USB_Device_Library/Core/Src/usbd_core.o
                0x000000000800327e                USBD_LL_Resume
 .text.USBD_LL_SOF
                0x0000000008003292       0x18 Middlewares/ST/STM32_USB_Device_Library/Core/Src/usbd_core.o
                0x0000000008003292                USBD_LL_SOF
 .text.USBD_CtlError.constprop.1
                0x00000000080032aa       0x16 Middlewares/ST/STM32_USB_Device_Library/Core/Src/usbd_ctlreq.o
 .text.USBD_StdDevReq
                0x00000000080032c0      0x260 Middlewares/ST/STM32_USB_Device_Library/Core/Src/usbd_ctlreq.o
                0x00000000080032c0                USBD_StdDevReq
 .text.USBD_StdItfReq
                0x0000000008003520       0x4a Middlewares/ST/STM32_USB_Device_Library/Core/Src/usbd_ctlreq.o
                0x0000000008003520                USBD_StdItfReq
 .text.USBD_StdEPReq
                0x000000000800356a      0x112 Middlewares/ST/STM32_USB_Device_Library/Core/Src/usbd_ctlreq.o
                0x000000000800356a                USBD_StdEPReq
 .text.USBD_ParseSetupRequest
                0x000000000800367c       0x28 Middlewares/ST/STM32_USB_Device_Library/Core/Src/usbd_ctlreq.o
                0x000000000800367c                USBD_ParseSetupRequest
 .text.USBD_CtlError
                0x00000000080036a4       0x16 Middlewares/ST/STM32_USB_Device_Library/Core/Src/usbd_ctlreq.o
                0x00000000080036a4                USBD_CtlError
 .text.USBD_GetString
                0x00000000080036ba       0x38 Middlewares/ST/STM32_USB_Device_Library/Core/Src/usbd_ctlreq.o
                0x00000000080036ba                USBD_GetString
 .text.USBD_CtlSendData
                0x00000000080036f2       0x1a Middlewares/ST/STM32_USB_Device_Library/Core/Src/usbd_ioreq.o
                0x00000000080036f2                USBD_CtlSendData
 .text.USBD_CtlContinueSendData
                0x000000000800370c       0x10 Middlewares/ST/STM32_USB_Device_Library/Core/Src/usbd_ioreq.o
                0x000000000800370c                USBD_CtlContinueSendData
 .text.USBD_CtlPrepareRx
                0x000000000800371c       0x1e Middlewares/ST/STM32_USB_Device_Library/Core/Src/usbd_ioreq.o
                0x000000000800371c                USBD_CtlPrepareRx
 .text.USBD_CtlContinueRx
                0x000000000800373a       0x10 Middlewares/ST/STM32_USB_Device_Library/Core/Src/usbd_ioreq.o
                0x000000000800373a                USBD_CtlContinueRx
 .text.USBD_CtlSendStatus
                0x000000000800374a       0x16 Middlewares/ST/STM32_USB_Device_Library/Core/Src/usbd_ioreq.o
                0x000000000800374a                USBD_CtlSendStatus
 .text.USBD_CtlReceiveStatus
                0x0000000008003760       0x16 Middlewares/ST/STM32_USB_Device_Library/Core/Src/usbd_ioreq.o
                0x0000000008003760                USBD_CtlReceiveStatus
 *fill*         0x0000000008003776        0x2 
 .text.FATFS_LinkDriverEx
                0x0000000008003778       0x44 Middlewares/Third_Party/FatFs/src/ff_gen_drv.o
                0x0000000008003778                FATFS_LinkDriverEx
 .text.FATFS_LinkDriver
                0x00000000080037bc        0x6 Middlewares/Third_Party/FatFs/src/ff_gen_drv.o
                0x00000000080037bc                FATFS_LinkDriver
 *fill*         0x00000000080037c2        0x2 
 .text.MX_USB_DEVICE_Init
                0x00000000080037c4       0x50 USB_DEVICE/App/usb_device.o
                0x00000000080037c4                MX_USB_DEVICE_Init
 .text.USBD_FS_DeviceDescriptor
                0x0000000008003814        0xc USB_DEVICE/App/usbd_desc.o
                0x0000000008003814                USBD_FS_DeviceDescriptor
 .text.USBD_FS_LangIDStrDescriptor
                0x0000000008003820        0xc USB_DEVICE/App/usbd_desc.o
                0x0000000008003820                USBD_FS_LangIDStrDescriptor
 .text.IntToUnicode
                0x000000000800382c       0x2a USB_DEVICE/App/usbd_desc.o
 *fill*         0x0000000008003856        0x2 
 .text.USBD_FS_SerialStrDescriptor
                0x0000000008003858       0x40 USB_DEVICE/App/usbd_desc.o
                0x0000000008003858                USBD_FS_SerialStrDescriptor
 .text.USBD_FS_ManufacturerStrDescriptor
                0x0000000008003898       0x1c USB_DEVICE/App/usbd_desc.o
                0x0000000008003898                USBD_FS_ManufacturerStrDescriptor
 .text.USBD_FS_ProductStrDescriptor
                0x00000000080038b4       0x1c USB_DEVICE/App/usbd_desc.o
                0x00000000080038b4                USBD_FS_ProductStrDescriptor
 .text.USBD_FS_ConfigStrDescriptor
                0x00000000080038d0       0x1c USB_DEVICE/App/usbd_desc.o
                0x00000000080038d0                USBD_FS_ConfigStrDescriptor
 .text.USBD_FS_InterfaceStrDescriptor
                0x00000000080038ec       0x1c USB_DEVICE/App/usbd_desc.o
                0x00000000080038ec                USBD_FS_InterfaceStrDescriptor
 .text.MEM_If_Init_FS
                0x0000000008003908        0x4 USB_DEVICE/App/usbd_dfu_if.o
 .text.MEM_If_Erase_FS
                0x000000000800390c        0x4 USB_DEVICE/App/usbd_dfu_if.o
 .text.MEM_If_Write_FS
                0x0000000008003910        0x4 USB_DEVICE/App/usbd_dfu_if.o
 .text.MEM_If_Read_FS
                0x0000000008003914        0x4 USB_DEVICE/App/usbd_dfu_if.o
 .text.MEM_If_GetStatus_FS
                0x0000000008003918        0x4 USB_DEVICE/App/usbd_dfu_if.o
 .text.MEM_If_DeInit_FS
                0x000000000800391c        0x4 USB_DEVICE/App/usbd_dfu_if.o
 .text.HAL_PCD_MspInit
                0x0000000008003920       0x7c USB_DEVICE/Target/usbd_conf.o
                0x0000000008003920                HAL_PCD_MspInit
 .text.HAL_PCD_SetupStageCallback
                0x000000000800399c        0xc USB_DEVICE/Target/usbd_conf.o
                0x000000000800399c                HAL_PCD_SetupStageCallback
 .text.HAL_PCD_DataOutStageCallback
                0x00000000080039a8       0x10 USB_DEVICE/Target/usbd_conf.o
                0x00000000080039a8                HAL_PCD_DataOutStageCallback
 .text.HAL_PCD_DataInStageCallback
                0x00000000080039b8        0xe USB_DEVICE/Target/usbd_conf.o
                0x00000000080039b8                HAL_PCD_DataInStageCallback
 .text.HAL_PCD_SOFCallback
                0x00000000080039c6        0x8 USB_DEVICE/Target/usbd_conf.o
                0x00000000080039c6                HAL_PCD_SOFCallback
 .text.HAL_PCD_ResetCallback
                0x00000000080039ce       0x24 USB_DEVICE/Target/usbd_conf.o
                0x00000000080039ce                HAL_PCD_ResetCallback
 *fill*         0x00000000080039f2        0x2 
 .text.HAL_PCD_SuspendCallback
                0x00000000080039f4       0x20 USB_DEVICE/Target/usbd_conf.o
                0x00000000080039f4                HAL_PCD_SuspendCallback
 .text.HAL_PCD_ResumeCallback
                0x0000000008003a14        0x8 USB_DEVICE/Target/usbd_conf.o
                0x0000000008003a14                HAL_PCD_ResumeCallback
 .text.USBD_LL_Init
                0x0000000008003a1c       0x58 USB_DEVICE/Target/usbd_conf.o
                0x0000000008003a1c                USBD_LL_Init
 .text.USBD_LL_Start
                0x0000000008003a74       0x1c USB_DEVICE/Target/usbd_conf.o
                0x0000000008003a74                USBD_LL_Start
 .text.USBD_LL_Stop
                0x0000000008003a90       0x1c USB_DEVICE/Target/usbd_conf.o
                0x0000000008003a90                USBD_LL_Stop
 .text.USBD_LL_OpenEP
                0x0000000008003aac       0x20 USB_DEVICE/Target/usbd_conf.o
                0x0000000008003aac                USBD_LL_OpenEP
 .text.USBD_LL_StallEP
                0x0000000008003acc       0x1c USB_DEVICE/Target/usbd_conf.o
                0x0000000008003acc                USBD_LL_StallEP
 .text.USBD_LL_ClearStallEP
                0x0000000008003ae8       0x1c USB_DEVICE/Target/usbd_conf.o
                0x0000000008003ae8                USBD_LL_ClearStallEP
 .text.USBD_LL_IsStallEP
                0x0000000008003b04       0x20 USB_DEVICE/Target/usbd_conf.o
                0x0000000008003b04                USBD_LL_IsStallEP
 .text.USBD_LL_SetUSBAddress
                0x0000000008003b24       0x1c USB_DEVICE/Target/usbd_conf.o
                0x0000000008003b24                USBD_LL_SetUSBAddress
 .text.USBD_LL_Transmit
                0x0000000008003b40       0x1c USB_DEVICE/Target/usbd_conf.o
                0x0000000008003b40                USBD_LL_Transmit
 .text.USBD_LL_PrepareReceive
                0x0000000008003b5c       0x1c USB_DEVICE/Target/usbd_conf.o
                0x0000000008003b5c                USBD_LL_PrepareReceive
 .text.USBD_static_malloc
                0x0000000008003b78        0x8 USB_DEVICE/Target/usbd_conf.o
                0x0000000008003b78                USBD_static_malloc
 .text.USBD_static_free
                0x0000000008003b80        0x2 USB_DEVICE/Target/usbd_conf.o
                0x0000000008003b80                USBD_static_free
 .text.HAL_PCDEx_SetConnectionState
                0x0000000008003b82        0x2 USB_DEVICE/Target/usbd_conf.o
                0x0000000008003b82                HAL_PCDEx_SetConnectionState
 .text.__libc_init_array
                0x0000000008003b84       0x48 d:/program files/st/stm32cubeide_1.4.0/stm32cubeide/plugins/com.st.stm32cube.ide.mcu.externaltools.gnu-tools-for-stm32.7-2018-q2-update.win32_1.4.0.202007081208/tools/bin/../lib/gcc/arm-none-eabi/7.3.1/../../../../arm-none-eabi/lib/thumb/v7-m\libc_nano.a(lib_a-init.o)
                0x0000000008003b84                __libc_init_array
 .text.memset   0x0000000008003bcc       0x10 d:/program files/st/stm32cubeide_1.4.0/stm32cubeide/plugins/com.st.stm32cube.ide.mcu.externaltools.gnu-tools-for-stm32.7-2018-q2-update.win32_1.4.0.202007081208/tools/bin/../lib/gcc/arm-none-eabi/7.3.1/../../../../arm-none-eabi/lib/thumb/v7-m\libc_nano.a(lib_a-memset.o)
                0x0000000008003bcc                memset
 *(.glue_7)
 .glue_7        0x0000000008003bdc        0x0 linker stubs
 *(.glue_7t)
 .glue_7t       0x0000000008003bdc        0x0 linker stubs
 *(.eh_frame)
 .eh_frame      0x0000000008003bdc        0x0 d:/program files/st/stm32cubeide_1.4.0/stm32cubeide/plugins/com.st.stm32cube.ide.mcu.externaltools.gnu-tools-for-stm32.7-2018-q2-update.win32_1.4.0.202007081208/tools/bin/../lib/gcc/arm-none-eabi/7.3.1/thumb/v7-m/crtbegin.o
 *(.init)
 .init          0x0000000008003bdc        0x4 d:/program files/st/stm32cubeide_1.4.0/stm32cubeide/plugins/com.st.stm32cube.ide.mcu.externaltools.gnu-tools-for-stm32.7-2018-q2-update.win32_1.4.0.202007081208/tools/bin/../lib/gcc/arm-none-eabi/7.3.1/thumb/v7-m/crti.o
                0x0000000008003bdc                _init
 .init          0x0000000008003be0        0x8 d:/program files/st/stm32cubeide_1.4.0/stm32cubeide/plugins/com.st.stm32cube.ide.mcu.externaltools.gnu-tools-for-stm32.7-2018-q2-update.win32_1.4.0.202007081208/tools/bin/../lib/gcc/arm-none-eabi/7.3.1/thumb/v7-m/crtn.o
 *(.fini)
 .fini          0x0000000008003be8        0x4 d:/program files/st/stm32cubeide_1.4.0/stm32cubeide/plugins/com.st.stm32cube.ide.mcu.externaltools.gnu-tools-for-stm32.7-2018-q2-update.win32_1.4.0.202007081208/tools/bin/../lib/gcc/arm-none-eabi/7.3.1/thumb/v7-m/crti.o
                0x0000000008003be8                _fini
 .fini          0x0000000008003bec        0x8 d:/program files/st/stm32cubeide_1.4.0/stm32cubeide/plugins/com.st.stm32cube.ide.mcu.externaltools.gnu-tools-for-stm32.7-2018-q2-update.win32_1.4.0.202007081208/tools/bin/../lib/gcc/arm-none-eabi/7.3.1/thumb/v7-m/crtn.o
                0x0000000008003bf4                . = ALIGN (0x4)
                0x0000000008003bf4                _etext = .

.vfp11_veneer   0x0000000008003bf4        0x0
 .vfp11_veneer  0x0000000008003bf4        0x0 linker stubs

.v4_bx          0x0000000008003bf4        0x0
 .v4_bx         0x0000000008003bf4        0x0 linker stubs

.iplt           0x0000000008003bf4        0x0
 .iplt          0x0000000008003bf4        0x0 d:/program files/st/stm32cubeide_1.4.0/stm32cubeide/plugins/com.st.stm32cube.ide.mcu.externaltools.gnu-tools-for-stm32.7-2018-q2-update.win32_1.4.0.202007081208/tools/bin/../lib/gcc/arm-none-eabi/7.3.1/thumb/v7-m/crtbegin.o

.rodata         0x0000000008003bf4       0xd4
                0x0000000008003bf4                . = ALIGN (0x4)
 *(.rodata)
 .rodata        0x0000000008003bf4       0x10 Drivers/STM32F1xx_HAL_Driver/Src/stm32f1xx_hal_rcc.o
 *(.rodata*)
 .rodata.AHBPrescTable
                0x0000000008003c04       0x10 Core/Src/system_stm32f1xx.o
                0x0000000008003c04                AHBPrescTable
 .rodata.APBPrescTable
                0x0000000008003c14        0x8 Core/Src/system_stm32f1xx.o
                0x0000000008003c14                APBPrescTable
 .rodata.USBD_FS_ConfigStrDescriptor.str1.1
                0x0000000008003c1c        0xb USB_DEVICE/App/usbd_desc.o
 .rodata.USBD_FS_InterfaceStrDescriptor.str1.1
                0x0000000008003c27        0xe USB_DEVICE/App/usbd_desc.o
 .rodata.USBD_FS_ManufacturerStrDescriptor.str1.1
                0x0000000008003c35       0x13 USB_DEVICE/App/usbd_desc.o
 .rodata.USBD_FS_ProductStrDescriptor.str1.1
                0x0000000008003c48       0x1f USB_DEVICE/App/usbd_desc.o
 .rodata.str1.1
                0x0000000008003c67       0x5d USB_DEVICE/App/usbd_dfu_if.o
 .rodata.CSWTCH.3
                0x0000000008003cc4        0x4 USB_DEVICE/Target/usbd_conf.o
                0x0000000008003cc8                . = ALIGN (0x4)

.rel.dyn        0x0000000008003cc8        0x0
 .rel.iplt      0x0000000008003cc8        0x0 d:/program files/st/stm32cubeide_1.4.0/stm32cubeide/plugins/com.st.stm32cube.ide.mcu.externaltools.gnu-tools-for-stm32.7-2018-q2-update.win32_1.4.0.202007081208/tools/bin/../lib/gcc/arm-none-eabi/7.3.1/thumb/v7-m/crtbegin.o

.ARM.extab      0x0000000008003cc8        0x0
                0x0000000008003cc8                . = ALIGN (0x4)
 *(.ARM.extab* .gnu.linkonce.armextab.*)
                0x0000000008003cc8                . = ALIGN (0x4)

.ARM            0x0000000008003cc8        0x0
                0x0000000008003cc8                . = ALIGN (0x4)
                0x0000000008003cc8                __exidx_start = .
 *(.ARM.exidx*)
                0x0000000008003cc8                __exidx_end = .
                0x0000000008003cc8                . = ALIGN (0x4)

.preinit_array  0x0000000008003cc8        0x0
                0x0000000008003cc8                . = ALIGN (0x4)
                0x0000000008003cc8                PROVIDE (__preinit_array_start = .)
 *(.preinit_array*)
                0x0000000008003cc8                PROVIDE (__preinit_array_end = .)
                0x0000000008003cc8                . = ALIGN (0x4)

.init_array     0x0000000008003cc8        0x4
                0x0000000008003cc8                . = ALIGN (0x4)
                0x0000000008003cc8                PROVIDE (__init_array_start = .)
 *(SORT_BY_NAME(.init_array.*))
 *(.init_array*)
 .init_array    0x0000000008003cc8        0x4 d:/program files/st/stm32cubeide_1.4.0/stm32cubeide/plugins/com.st.stm32cube.ide.mcu.externaltools.gnu-tools-for-stm32.7-2018-q2-update.win32_1.4.0.202007081208/tools/bin/../lib/gcc/arm-none-eabi/7.3.1/thumb/v7-m/crtbegin.o
                0x0000000008003ccc                PROVIDE (__init_array_end = .)
                0x0000000008003ccc                . = ALIGN (0x4)

.fini_array     0x0000000008003ccc        0x4
                0x0000000008003ccc                . = ALIGN (0x4)
                [!provide]                        PROVIDE (__fini_array_start = .)
 *(SORT_BY_NAME(.fini_array.*))
 *(.fini_array*)
 .fini_array    0x0000000008003ccc        0x4 d:/program files/st/stm32cubeide_1.4.0/stm32cubeide/plugins/com.st.stm32cube.ide.mcu.externaltools.gnu-tools-for-stm32.7-2018-q2-update.win32_1.4.0.202007081208/tools/bin/../lib/gcc/arm-none-eabi/7.3.1/thumb/v7-m/crtbegin.o
                [!provide]                        PROVIDE (__fini_array_end = .)
                0x0000000008003cd0                . = ALIGN (0x4)
                0x0000000008003cd0                _sidata = LOADADDR (.data)

.data           0x0000000020000000       0xf4 load address 0x0000000008003cd0
                0x0000000020000000                . = ALIGN (0x4)
                0x0000000020000000                _sdata = .
 *(.data)
 *(.data*)
 .data.SystemCoreClock
                0x0000000020000000        0x4 Core/Src/system_stm32f1xx.o
                0x0000000020000000                SystemCoreClock
 .data.uwTickFreq
                0x0000000020000004        0x1 Drivers/STM32F1xx_HAL_Driver/Src/stm32f1xx_hal.o
                0x0000000020000004                uwTickFreq
 *fill*         0x0000000020000005        0x3 
 .data.uwTickPrio
                0x0000000020000008        0x4 Drivers/STM32F1xx_HAL_Driver/Src/stm32f1xx_hal.o
                0x0000000020000008                uwTickPrio
 .data.Stat     0x000000002000000c        0x1 FATFS/Target/user_diskio.o
 *fill*         0x000000002000000d        0x3 
 .data.USER_Driver
                0x0000000020000010       0x14 FATFS/Target/user_diskio.o
                0x0000000020000010                USER_Driver
 .data.USBD_DFU
                0x0000000020000024       0x3c Middlewares/ST/STM32_USB_Device_Library/Class/DFU/Src/usbd_dfu.o
                0x0000000020000024                USBD_DFU
 .data.USBD_DFU_CfgDesc
                0x0000000020000060       0x1b Middlewares/ST/STM32_USB_Device_Library/Class/DFU/Src/usbd_dfu.o
 *fill*         0x000000002000007b        0x1 
 .data.USBD_DFU_DeviceQualifierDesc
                0x000000002000007c        0xa Middlewares/ST/STM32_USB_Device_Library/Class/DFU/Src/usbd_dfu.o
 *fill*         0x0000000020000086        0x2 
 .data.FS_Desc  0x0000000020000088       0x1c USB_DEVICE/App/usbd_desc.o
                0x0000000020000088                FS_Desc
 .data.USBD_FS_DeviceDesc
                0x00000000200000a4       0x12 USB_DEVICE/App/usbd_desc.o
                0x00000000200000a4                USBD_FS_DeviceDesc
 *fill*         0x00000000200000b6        0x2 
 .data.USBD_LangIDDesc
                0x00000000200000b8        0x4 USB_DEVICE/App/usbd_desc.o
                0x00000000200000b8                USBD_LangIDDesc
 .data.USBD_StringSerial
                0x00000000200000bc       0x1a USB_DEVICE/App/usbd_desc.o
                0x00000000200000bc                USBD_StringSerial
 *fill*         0x00000000200000d6        0x2 
 .data.USBD_DFU_fops_FS
                0x00000000200000d8       0x1c USB_DEVICE/App/usbd_dfu_if.o
                0x00000000200000d8                USBD_DFU_fops_FS
                0x00000000200000f4                . = ALIGN (0x4)
                0x00000000200000f4                _edata = .

.igot.plt       0x00000000200000f4        0x0 load address 0x0000000008003dc4
 .igot.plt      0x00000000200000f4        0x0 d:/program files/st/stm32cubeide_1.4.0/stm32cubeide/plugins/com.st.stm32cube.ide.mcu.externaltools.gnu-tools-for-stm32.7-2018-q2-update.win32_1.4.0.202007081208/tools/bin/../lib/gcc/arm-none-eabi/7.3.1/thumb/v7-m/crtbegin.o
                0x00000000200000f4                . = ALIGN (0x4)

.bss            0x00000000200000f8     0x1f04 load address 0x0000000008003dc4
                0x00000000200000f8                _sbss = .
                0x00000000200000f8                __bss_start__ = _sbss
 *(.bss)
 .bss           0x00000000200000f8       0x1c d:/program files/st/stm32cubeide_1.4.0/stm32cubeide/plugins/com.st.stm32cube.ide.mcu.externaltools.gnu-tools-for-stm32.7-2018-q2-update.win32_1.4.0.202007081208/tools/bin/../lib/gcc/arm-none-eabi/7.3.1/thumb/v7-m/crtbegin.o
 *(.bss*)
 .bss.USBD_StrDesc.8582
                0x0000000020000114       0xff Middlewares/ST/STM32_USB_Device_Library/Class/DFU/Src/usbd_dfu.o
 .bss.cfgidx.8515
                0x0000000020000213        0x1 Middlewares/ST/STM32_USB_Device_Library/Core/Src/usbd_ctlreq.o
 .bss.disk      0x0000000020000214        0xc Middlewares/Third_Party/FatFs/src/ff_gen_drv.o
                0x0000000020000214                disk
 .bss.mem.8588  0x0000000020000220      0x420 USB_DEVICE/Target/usbd_conf.o
 *(COMMON)
 COMMON         0x0000000020000640      0x214 Core/Src/main.o
                0x0000000020000640                hspi2
                0x0000000020000698                hadc2
                0x00000000200006c8                htim3
                0x0000000020000708                hadc1
                0x0000000020000738                huart1
                0x0000000020000778                htim1
                0x00000000200007b8                hspi1
                0x0000000020000810                htim2
                0x0000000020000850                current_millis
 COMMON         0x0000000020000854        0x4 Core/Src/stm32f1xx_it.o
                0x0000000020000854                millis_counter
 COMMON         0x0000000020000858        0xc Core/Src/util.o
                0x0000000020000858                micros_timer
                0x0000000020000860                millis_timer
 COMMON         0x0000000020000864        0x4 Drivers/STM32F1xx_HAL_Driver/Src/stm32f1xx_hal.o
                0x0000000020000864                uwTick
 COMMON         0x0000000020000868     0x1064 FATFS/App/fatfs.o
                0x0000000020000868                USERPath
                0x000000002000086c                retUSER
                0x0000000020000870                USERFile
                0x000000002000089c                USERFatFS
 COMMON         0x00000000200018cc      0x2c4 USB_DEVICE/App/usb_device.o
                0x00000000200018cc                hUsbDeviceFS
 COMMON         0x0000000020001b90      0x200 USB_DEVICE/App/usbd_desc.o
                0x0000000020001b90                USBD_StrDesc
 COMMON         0x0000000020001d90      0x26c USB_DEVICE/Target/usbd_conf.o
                0x0000000020001d90                hpcd_USB_FS
                0x0000000020001ffc                . = ALIGN (0x4)
                0x0000000020001ffc                _ebss = .
                0x0000000020001ffc                __bss_end__ = _ebss

._user_heap_stack
                0x0000000020001ffc      0x604 load address 0x0000000008003dc4
                0x0000000020002000                . = ALIGN (0x8)
 *fill*         0x0000000020001ffc        0x4 
                [!provide]                        PROVIDE (end = .)
                0x0000000020002000                PROVIDE (_end = .)
                0x0000000020002200                . = (. + _Min_Heap_Size)
 *fill*         0x0000000020002000      0x200 
                0x0000000020002600                . = (. + _Min_Stack_Size)
 *fill*         0x0000000020002200      0x400 
                0x0000000020002600                . = ALIGN (0x8)

/DISCARD/
 libc.a(*)
 libm.a(*)
 libgcc.a(*)

.ARM.attributes
                0x0000000000000000       0x29
 *(.ARM.attributes)
 .ARM.attributes
                0x0000000000000000       0x1d d:/program files/st/stm32cubeide_1.4.0/stm32cubeide/plugins/com.st.stm32cube.ide.mcu.externaltools.gnu-tools-for-stm32.7-2018-q2-update.win32_1.4.0.202007081208/tools/bin/../lib/gcc/arm-none-eabi/7.3.1/thumb/v7-m/crti.o
 .ARM.attributes
                0x000000000000001d       0x2d d:/program files/st/stm32cubeide_1.4.0/stm32cubeide/plugins/com.st.stm32cube.ide.mcu.externaltools.gnu-tools-for-stm32.7-2018-q2-update.win32_1.4.0.202007081208/tools/bin/../lib/gcc/arm-none-eabi/7.3.1/thumb/v7-m/crtbegin.o
 .ARM.attributes
                0x000000000000004a       0x33 Core/Src/main.o
 .ARM.attributes
                0x000000000000007d       0x33 Core/Src/stm32f1xx_hal_msp.o
 .ARM.attributes
                0x00000000000000b0       0x33 Core/Src/stm32f1xx_it.o
 .ARM.attributes
                0x00000000000000e3       0x33 Core/Src/system_stm32f1xx.o
 .ARM.attributes
                0x0000000000000116       0x33 Core/Src/util.o
 .ARM.attributes
                0x0000000000000149       0x21 Core/Startup/startup_stm32f103c8tx.o
 .ARM.attributes
                0x000000000000016a       0x33 Drivers/STM32F1xx_HAL_Driver/Src/stm32f1xx_hal.o
 .ARM.attributes
                0x000000000000019d       0x33 Drivers/STM32F1xx_HAL_Driver/Src/stm32f1xx_hal_adc.o
 .ARM.attributes
                0x00000000000001d0       0x33 Drivers/STM32F1xx_HAL_Driver/Src/stm32f1xx_hal_cortex.o
 .ARM.attributes
                0x0000000000000203       0x33 Drivers/STM32F1xx_HAL_Driver/Src/stm32f1xx_hal_gpio.o
 .ARM.attributes
                0x0000000000000236       0x33 Drivers/STM32F1xx_HAL_Driver/Src/stm32f1xx_hal_pcd.o
 .ARM.attributes
                0x0000000000000269       0x33 Drivers/STM32F1xx_HAL_Driver/Src/stm32f1xx_hal_pcd_ex.o
 .ARM.attributes
                0x000000000000029c       0x33 Drivers/STM32F1xx_HAL_Driver/Src/stm32f1xx_hal_rcc.o
 .ARM.attributes
                0x00000000000002cf       0x33 Drivers/STM32F1xx_HAL_Driver/Src/stm32f1xx_hal_rcc_ex.o
 .ARM.attributes
                0x0000000000000302       0x33 Drivers/STM32F1xx_HAL_Driver/Src/stm32f1xx_hal_spi.o
 .ARM.attributes
                0x0000000000000335       0x33 Drivers/STM32F1xx_HAL_Driver/Src/stm32f1xx_hal_tim.o
 .ARM.attributes
                0x0000000000000368       0x33 Drivers/STM32F1xx_HAL_Driver/Src/stm32f1xx_hal_tim_ex.o
 .ARM.attributes
                0x000000000000039b       0x33 Drivers/STM32F1xx_HAL_Driver/Src/stm32f1xx_hal_uart.o
 .ARM.attributes
                0x00000000000003ce       0x33 Drivers/STM32F1xx_HAL_Driver/Src/stm32f1xx_ll_usb.o
 .ARM.attributes
                0x0000000000000401       0x33 FATFS/App/fatfs.o
 .ARM.attributes
                0x0000000000000434       0x33 FATFS/Target/user_diskio.o
 .ARM.attributes
                0x0000000000000467       0x33 Middlewares/ST/STM32_USB_Device_Library/Class/DFU/Src/usbd_dfu.o
 .ARM.attributes
                0x000000000000049a       0x33 Middlewares/ST/STM32_USB_Device_Library/Core/Src/usbd_core.o
 .ARM.attributes
                0x00000000000004cd       0x33 Middlewares/ST/STM32_USB_Device_Library/Core/Src/usbd_ctlreq.o
 .ARM.attributes
                0x0000000000000500       0x33 Middlewares/ST/STM32_USB_Device_Library/Core/Src/usbd_ioreq.o
 .ARM.attributes
                0x0000000000000533       0x33 Middlewares/Third_Party/FatFs/src/ff_gen_drv.o
 .ARM.attributes
                0x0000000000000566       0x33 USB_DEVICE/App/usb_device.o
 .ARM.attributes
                0x0000000000000599       0x33 USB_DEVICE/App/usbd_desc.o
 .ARM.attributes
                0x00000000000005cc       0x33 USB_DEVICE/App/usbd_dfu_if.o
 .ARM.attributes
                0x00000000000005ff       0x33 USB_DEVICE/Target/usbd_conf.o
 .ARM.attributes
                0x0000000000000632       0x2d d:/program files/st/stm32cubeide_1.4.0/stm32cubeide/plugins/com.st.stm32cube.ide.mcu.externaltools.gnu-tools-for-stm32.7-2018-q2-update.win32_1.4.0.202007081208/tools/bin/../lib/gcc/arm-none-eabi/7.3.1/../../../../arm-none-eabi/lib/thumb/v7-m\libc_nano.a(lib_a-init.o)
 .ARM.attributes
                0x000000000000065f       0x2d d:/program files/st/stm32cubeide_1.4.0/stm32cubeide/plugins/com.st.stm32cube.ide.mcu.externaltools.gnu-tools-for-stm32.7-2018-q2-update.win32_1.4.0.202007081208/tools/bin/../lib/gcc/arm-none-eabi/7.3.1/../../../../arm-none-eabi/lib/thumb/v7-m\libc_nano.a(lib_a-memset.o)
 .ARM.attributes
                0x000000000000068c       0x1d d:/program files/st/stm32cubeide_1.4.0/stm32cubeide/plugins/com.st.stm32cube.ide.mcu.externaltools.gnu-tools-for-stm32.7-2018-q2-update.win32_1.4.0.202007081208/tools/bin/../lib/gcc/arm-none-eabi/7.3.1/thumb/v7-m/crtn.o
OUTPUT(GEIGERCOUNTER.elf elf32-littlearm)

.comment        0x0000000000000000       0x7b
 .comment       0x0000000000000000       0x7b Core/Src/main.o
                                         0x7c (size before relaxing)
 .comment       0x000000000000007b       0x7c Core/Src/stm32f1xx_hal_msp.o
 .comment       0x000000000000007b       0x7c Core/Src/stm32f1xx_it.o
 .comment       0x000000000000007b       0x7c Core/Src/system_stm32f1xx.o
 .comment       0x000000000000007b       0x7c Core/Src/util.o
 .comment       0x000000000000007b       0x7c Drivers/STM32F1xx_HAL_Driver/Src/stm32f1xx_hal.o
 .comment       0x000000000000007b       0x7c Drivers/STM32F1xx_HAL_Driver/Src/stm32f1xx_hal_adc.o
 .comment       0x000000000000007b       0x7c Drivers/STM32F1xx_HAL_Driver/Src/stm32f1xx_hal_cortex.o
 .comment       0x000000000000007b       0x7c Drivers/STM32F1xx_HAL_Driver/Src/stm32f1xx_hal_gpio.o
 .comment       0x000000000000007b       0x7c Drivers/STM32F1xx_HAL_Driver/Src/stm32f1xx_hal_pcd.o
 .comment       0x000000000000007b       0x7c Drivers/STM32F1xx_HAL_Driver/Src/stm32f1xx_hal_pcd_ex.o
 .comment       0x000000000000007b       0x7c Drivers/STM32F1xx_HAL_Driver/Src/stm32f1xx_hal_rcc.o
 .comment       0x000000000000007b       0x7c Drivers/STM32F1xx_HAL_Driver/Src/stm32f1xx_hal_rcc_ex.o
 .comment       0x000000000000007b       0x7c Drivers/STM32F1xx_HAL_Driver/Src/stm32f1xx_hal_spi.o
 .comment       0x000000000000007b       0x7c Drivers/STM32F1xx_HAL_Driver/Src/stm32f1xx_hal_tim.o
 .comment       0x000000000000007b       0x7c Drivers/STM32F1xx_HAL_Driver/Src/stm32f1xx_hal_tim_ex.o
 .comment       0x000000000000007b       0x7c Drivers/STM32F1xx_HAL_Driver/Src/stm32f1xx_hal_uart.o
 .comment       0x000000000000007b       0x7c Drivers/STM32F1xx_HAL_Driver/Src/stm32f1xx_ll_usb.o
 .comment       0x000000000000007b       0x7c FATFS/App/fatfs.o
 .comment       0x000000000000007b       0x7c FATFS/Target/user_diskio.o
 .comment       0x000000000000007b       0x7c Middlewares/ST/STM32_USB_Device_Library/Class/DFU/Src/usbd_dfu.o
 .comment       0x000000000000007b       0x7c Middlewares/ST/STM32_USB_Device_Library/Core/Src/usbd_core.o
 .comment       0x000000000000007b       0x7c Middlewares/ST/STM32_USB_Device_Library/Core/Src/usbd_ctlreq.o
 .comment       0x000000000000007b       0x7c Middlewares/ST/STM32_USB_Device_Library/Core/Src/usbd_ioreq.o
 .comment       0x000000000000007b       0x7c Middlewares/Third_Party/FatFs/src/ff_gen_drv.o
 .comment       0x000000000000007b       0x7c USB_DEVICE/App/usb_device.o
 .comment       0x000000000000007b       0x7c USB_DEVICE/App/usbd_desc.o
 .comment       0x000000000000007b       0x7c USB_DEVICE/App/usbd_dfu_if.o
 .comment       0x000000000000007b       0x7c USB_DEVICE/Target/usbd_conf.o

.debug_frame    0x0000000000000000       0x4c
 .debug_frame   0x0000000000000000       0x2c d:/program files/st/stm32cubeide_1.4.0/stm32cubeide/plugins/com.st.stm32cube.ide.mcu.externaltools.gnu-tools-for-stm32.7-2018-q2-update.win32_1.4.0.202007081208/tools/bin/../lib/gcc/arm-none-eabi/7.3.1/../../../../arm-none-eabi/lib/thumb/v7-m\libc_nano.a(lib_a-init.o)
 .debug_frame   0x000000000000002c       0x20 d:/program files/st/stm32cubeide_1.4.0/stm32cubeide/plugins/com.st.stm32cube.ide.mcu.externaltools.gnu-tools-for-stm32.7-2018-q2-update.win32_1.4.0.202007081208/tools/bin/../lib/gcc/arm-none-eabi/7.3.1/../../../../arm-none-eabi/lib/thumb/v7-m\libc_nano.a(lib_a-memset.o)
